[1A[1B[0G[?25l
[?25h[1A[0G[?25l
[?25h[1A[0G[?25l
[?25h[1A[0G[?25l
[?25h[1A[0G[?25l[+] Building 0.0s (0/1)                                    docker:desktop-linux
[?25h[1A[0G[?25l[+] Building 0.1s (1/2)                                    docker:desktop-linux
[36m => [internal] load build definition from Dockerfile                       0.1s
[0m[36m => => transferring dockerfile: 2.25kB                                     0.0s
[0m => [internal] load metadata for docker.io/library/node:20-alpine          0.0s
[?25h[1A[1A[1A[1A[0G[?25l[+] Building 0.3s (1/2)                                    docker:desktop-linux
[36m => [internal] load build definition from Dockerfile                       0.1s
[0m[36m => => transferring dockerfile: 2.25kB                                     0.0s
[0m => [internal] load metadata for docker.io/library/node:20-alpine          0.2s
[?25h[1A[1A[1A[1A[0G[?25l[+] Building 0.3s (1/3)                                    docker:desktop-linux
[36m => [internal] load build definition from Dockerfile                       0.1s
[0m[36m => => transferring dockerfile: 2.25kB                                     0.0s
[0m => [internal] load metadata for docker.io/library/node:20-alpine          0.2s
 => [auth] library/node:pull token for registry-1.docker.io                0.0s
[?25h[1A[1A[1A[1A[1A[0G[?25l[+] Building 0.4s (2/3)                                    docker:desktop-linux
[36m => [internal] load build definition from Dockerfile                       0.1s
[0m[36m => => transferring dockerfile: 2.25kB                                     0.0s
[0m => [internal] load metadata for docker.io/library/node:20-alpine          0.3s
[36m => [auth] library/node:pull token for registry-1.docker.io                0.0s
[0m[?25h[1A[1A[1A[1A[1A[0G[?25l[+] Building 0.6s (2/3)                                    docker:desktop-linux
[36m => [internal] load build definition from Dockerfile                       0.1s
[0m[36m => => transferring dockerfile: 2.25kB                                     0.0s
[0m => [internal] load metadata for docker.io/library/node:20-alpine          0.5s
[36m => [auth] library/node:pull token for registry-1.docker.io                0.0s
[0m[?25h[1A[1A[1A[1A[1A[0G[?25l[+] Building 0.7s (2/3)                                    docker:desktop-linux
[36m => [internal] load build definition from Dockerfile                       0.1s
[0m[36m => => transferring dockerfile: 2.25kB                                     0.0s
[0m => [internal] load metadata for docker.io/library/node:20-alpine          0.6s
[36m => [auth] library/node:pull token for registry-1.docker.io                0.0s
[0m[?25h[1A[1A[1A[1A[1A[0G[?25l[+] Building 0.9s (2/3)                                    docker:desktop-linux
[36m => [internal] load build definition from Dockerfile                       0.1s
[0m[36m => => transferring dockerfile: 2.25kB                                     0.0s
[0m => [internal] load metadata for docker.io/library/node:20-alpine          0.8s
[36m => [auth] library/node:pull token for registry-1.docker.io                0.0s
[0m[?25h[1A[1A[1A[1A[1A[0G[?25l[+] Building 1.0s (2/3)                                    docker:desktop-linux
[36m => [internal] load build definition from Dockerfile                       0.1s
[0m[36m => => transferring dockerfile: 2.25kB                                     0.0s
[0m => [internal] load metadata for docker.io/library/node:20-alpine          0.9s
[36m => [auth] library/node:pull token for registry-1.docker.io                0.0s
[0m[?25h[1A[1A[1A[1A[1A[0G[?25l[+] Building 1.2s (2/3)                                    docker:desktop-linux
[36m => [internal] load build definition from Dockerfile                       0.1s
[0m[36m => => transferring dockerfile: 2.25kB                                     0.0s
[0m => [internal] load metadata for docker.io/library/node:20-alpine          1.1s
[36m => [auth] library/node:pull token for registry-1.docker.io                0.0s
[0m[?25h[1A[1A[1A[1A[1A[0G[?25l[+] Building 1.3s (3/3)                                    docker:desktop-linux
[36m => [internal] load build definition from Dockerfile                       0.1s
[0m[36m => => transferring dockerfile: 2.25kB                                     0.0s
[0m[36m => [internal] load metadata for docker.io/library/node:20-alpine          1.1s
[0m[36m => [auth] library/node:pull token for registry-1.docker.io                0.0s
[0m[?25h[1A[1A[1A[1A[1A[0G[?25l[+] Building 1.4s (4/28)                                   docker:desktop-linux
[36m => [internal] load build definition from Dockerfile                       0.1s
[0m[36m => => transferring dockerfile: 2.25kB                                     0.0s
[0m[36m => [internal] load metadata for docker.io/library/node:20-alpine          1.1s
[0m[36m => [auth] library/node:pull token for registry-1.docker.io                0.0s
[0m[36m => [internal] load .dockerignore                                          0.1s
[0m[36m => => transferring context: 1.04kB                                        0.0s
[0m[?25h[1A[1A[1A[1A[1A[1A[1A[0G[?25l[+] Building 1.5s (4/28)                                   docker:desktop-linux
[36m => [internal] load metadata for docker.io/library/node:20-alpine          1.1s
[0m[36m => [auth] library/node:pull token for registry-1.docker.io                0.0s
[0m[36m => [internal] load .dockerignore                                          0.1s
[0m[36m => => transferring context: 1.04kB                                        0.0s
[0m => [internal] load build context                                          0.1s
 => => transferring context: 33B                                           0.1s
 => [base 1/1] FROM docker.io/library/node:20-alpine@sha256:09e2b3d972601  0.1s
[36m => => resolve docker.io/library/node:20-alpine@sha256:09e2b3d9726018aecf  0.1s
[0m[?25h[1A[1A[1A[1A[1A[1A[1A[1A[1A[0G[?25l[+] Building 1.7s (13/28)                                  docker:desktop-linux
[36m => CACHED [builder 1/5] WORKDIR /app                                      0.0s
[0m[36m => CACHED [deps 1/5] RUN apk add --no-cache libc6-compat                  0.0s
[0m[36m => CACHED [deps 2/5] WORKDIR /app                                         0.0s
[0m[36m => CACHED [deps 3/5] COPY package.json package-lock.json* pnpm-lock.yaml  0.0s
[0m[36m => CACHED [deps 4/5] COPY prisma ./prisma                                 0.0s
[0m[36m => CACHED [deps 5/5] RUN   if [ -f package-lock.json ]; then     npm ci   0.0s
[0m[36m => CACHED [builder 2/5] COPY --from=deps /app/node_modules ./node_module  0.0s
[0m => [builder 3/5] COPY . .                                                 0.1s
[?25h[1A[1A[1A[1A[1A[1A[1A[1A[1A[0G[?25l[+] Building 1.9s (13/28)                                  docker:desktop-linux
[36m => CACHED [builder 1/5] WORKDIR /app                                      0.0s
[0m[36m => CACHED [deps 1/5] RUN apk add --no-cache libc6-compat                  0.0s
[0m[36m => CACHED [deps 2/5] WORKDIR /app                                         0.0s
[0m[36m => CACHED [deps 3/5] COPY package.json package-lock.json* pnpm-lock.yaml  0.0s
[0m[36m => CACHED [deps 4/5] COPY prisma ./prisma                                 0.0s
[0m[36m => CACHED [deps 5/5] RUN   if [ -f package-lock.json ]; then     npm ci   0.0s
[0m[36m => CACHED [builder 2/5] COPY --from=deps /app/node_modules ./node_module  0.0s
[0m => [builder 3/5] COPY . .                                                 0.3s
[?25h[1A[1A[1A[1A[1A[1A[1A[1A[1A[0G[?25l[+] Building 2.0s (13/28)                                  docker:desktop-linux
[36m => CACHED [builder 1/5] WORKDIR /app                                      0.0s
[0m[36m => CACHED [deps 1/5] RUN apk add --no-cache libc6-compat                  0.0s
[0m[36m => CACHED [deps 2/5] WORKDIR /app                                         0.0s
[0m[36m => CACHED [deps 3/5] COPY package.json package-lock.json* pnpm-lock.yaml  0.0s
[0m[36m => CACHED [deps 4/5] COPY prisma ./prisma                                 0.0s
[0m[36m => CACHED [deps 5/5] RUN   if [ -f package-lock.json ]; then     npm ci   0.0s
[0m[36m => CACHED [builder 2/5] COPY --from=deps /app/node_modules ./node_module  0.0s
[0m => [builder 3/5] COPY . .                                                 0.4s
[?25h[1A[1A[1A[1A[1A[1A[1A[1A[1A[0G[?25l[+] Building 2.2s (13/28)                                  docker:desktop-linux
[36m => CACHED [builder 1/5] WORKDIR /app                                      0.0s
[0m[36m => CACHED [deps 1/5] RUN apk add --no-cache libc6-compat                  0.0s
[0m[36m => CACHED [deps 2/5] WORKDIR /app                                         0.0s
[0m[36m => CACHED [deps 3/5] COPY package.json package-lock.json* pnpm-lock.yaml  0.0s
[0m[36m => CACHED [deps 4/5] COPY prisma ./prisma                                 0.0s
[0m[36m => CACHED [deps 5/5] RUN   if [ -f package-lock.json ]; then     npm ci   0.0s
[0m[36m => CACHED [builder 2/5] COPY --from=deps /app/node_modules ./node_module  0.0s
[0m => [builder 3/5] COPY . .                                                 0.6s
[?25h[1A[1A[1A[1A[1A[1A[1A[1A[1A[0G[?25l[+] Building 2.2s (14/28)                                  docker:desktop-linux
[36m => CACHED [builder 1/5] WORKDIR /app                                      0.0s
[0m[36m => CACHED [deps 1/5] RUN apk add --no-cache libc6-compat                  0.0s
[0m[36m => CACHED [deps 2/5] WORKDIR /app                                         0.0s
[0m[36m => CACHED [deps 3/5] COPY package.json package-lock.json* pnpm-lock.yaml  0.0s
[0m[36m => CACHED [deps 4/5] COPY prisma ./prisma                                 0.0s
[0m[36m => CACHED [deps 5/5] RUN   if [ -f package-lock.json ]; then     npm ci   0.0s
[0m[36m => CACHED [builder 2/5] COPY --from=deps /app/node_modules ./node_module  0.0s
[0m[36m => [builder 3/5] COPY . .                                                 0.7s
[0m[?25h[1A[1A[1A[1A[1A[1A[1A[1A[1A[0G[?25l[+] Building 2.4s (14/28)                                  docker:desktop-linux
[36m => CACHED [deps 1/5] RUN apk add --no-cache libc6-compat                  0.0s
[0m[36m => CACHED [deps 2/5] WORKDIR /app                                         0.0s
[0m[36m => CACHED [deps 3/5] COPY package.json package-lock.json* pnpm-lock.yaml  0.0s
[0m[36m => CACHED [deps 4/5] COPY prisma ./prisma                                 0.0s
[0m[36m => CACHED [deps 5/5] RUN   if [ -f package-lock.json ]; then     npm ci   0.0s
[0m[36m => CACHED [builder 2/5] COPY --from=deps /app/node_modules ./node_module  0.0s
[0m[36m => [builder 3/5] COPY . .                                                 0.7s
[0m => [builder 4/5] RUN npx prisma generate                                  0.2s
[?25h[1A[1A[1A[1A[1A[1A[1A[1A[1A[0G[?25l[+] Building 2.5s (14/28)                                  docker:desktop-linux
[36m => CACHED [deps 1/5] RUN apk add --no-cache libc6-compat                  0.0s
[0m[36m => CACHED [deps 2/5] WORKDIR /app                                         0.0s
[0m[36m => CACHED [deps 3/5] COPY package.json package-lock.json* pnpm-lock.yaml  0.0s
[0m[36m => CACHED [deps 4/5] COPY prisma ./prisma                                 0.0s
[0m[36m => CACHED [deps 5/5] RUN   if [ -f package-lock.json ]; then     npm ci   0.0s
[0m[36m => CACHED [builder 2/5] COPY --from=deps /app/node_modules ./node_module  0.0s
[0m[36m => [builder 3/5] COPY . .                                                 0.7s
[0m => [builder 4/5] RUN npx prisma generate                                  0.3s
[?25h[1A[1A[1A[1A[1A[1A[1A[1A[1A[0G[?25l[+] Building 2.7s (14/28)                                  docker:desktop-linux
[36m => CACHED [deps 1/5] RUN apk add --no-cache libc6-compat                  0.0s
[0m[36m => CACHED [deps 2/5] WORKDIR /app                                         0.0s
[0m[36m => CACHED [deps 3/5] COPY package.json package-lock.json* pnpm-lock.yaml  0.0s
[0m[36m => CACHED [deps 4/5] COPY prisma ./prisma                                 0.0s
[0m[36m => CACHED [deps 5/5] RUN   if [ -f package-lock.json ]; then     npm ci   0.0s
[0m[36m => CACHED [builder 2/5] COPY --from=deps /app/node_modules ./node_module  0.0s
[0m[36m => [builder 3/5] COPY . .                                                 0.7s
[0m => [builder 4/5] RUN npx prisma generate                                  0.5s
[?25h[1A[1A[1A[1A[1A[1A[1A[1A[1A[0G[?25l[+] Building 2.8s (14/28)                                  docker:desktop-linux
[36m => CACHED [deps 1/5] RUN apk add --no-cache libc6-compat                  0.0s
[0m[36m => CACHED [deps 2/5] WORKDIR /app                                         0.0s
[0m[36m => CACHED [deps 3/5] COPY package.json package-lock.json* pnpm-lock.yaml  0.0s
[0m[36m => CACHED [deps 4/5] COPY prisma ./prisma                                 0.0s
[0m[36m => CACHED [deps 5/5] RUN   if [ -f package-lock.json ]; then     npm ci   0.0s
[0m[36m => CACHED [builder 2/5] COPY --from=deps /app/node_modules ./node_module  0.0s
[0m[36m => [builder 3/5] COPY . .                                                 0.7s
[0m => [builder 4/5] RUN npx prisma generate                                  0.6s
[?25h[1A[1A[1A[1A[1A[1A[1A[1A[1A[0G[?25l[+] Building 3.0s (14/28)                                  docker:desktop-linux
[36m => CACHED [deps 1/5] RUN apk add --no-cache libc6-compat                  0.0s
[0m[36m => CACHED [deps 2/5] WORKDIR /app                                         0.0s
[0m[36m => CACHED [deps 3/5] COPY package.json package-lock.json* pnpm-lock.yaml  0.0s
[0m[36m => CACHED [deps 4/5] COPY prisma ./prisma                                 0.0s
[0m[36m => CACHED [deps 5/5] RUN   if [ -f package-lock.json ]; then     npm ci   0.0s
[0m[36m => CACHED [builder 2/5] COPY --from=deps /app/node_modules ./node_module  0.0s
[0m[36m => [builder 3/5] COPY . .                                                 0.7s
[0m => [builder 4/5] RUN npx prisma generate                                  0.8s
[?25h[1A[1A[1A[1A[1A[1A[1A[1A[1A[0G[?25l[+] Building 3.1s (14/28)                                  docker:desktop-linux
[36m => CACHED [deps 1/5] RUN apk add --no-cache libc6-compat                  0.0s
[0m[36m => CACHED [deps 2/5] WORKDIR /app                                         0.0s
[0m[36m => CACHED [deps 3/5] COPY package.json package-lock.json* pnpm-lock.yaml  0.0s
[0m[36m => CACHED [deps 4/5] COPY prisma ./prisma                                 0.0s
[0m[36m => CACHED [deps 5/5] RUN   if [ -f package-lock.json ]; then     npm ci   0.0s
[0m[36m => CACHED [builder 2/5] COPY --from=deps /app/node_modules ./node_module  0.0s
[0m[36m => [builder 3/5] COPY . .                                                 0.7s
[0m => [builder 4/5] RUN npx prisma generate                                  0.9s
[?25h[1A[1A[1A[1A[1A[1A[1A[1A[1A[0G[?25l[+] Building 3.3s (14/28)                                  docker:desktop-linux
[36m => CACHED [deps 1/5] RUN apk add --no-cache libc6-compat                  0.0s
[0m[36m => CACHED [deps 2/5] WORKDIR /app                                         0.0s
[0m[36m => CACHED [deps 3/5] COPY package.json package-lock.json* pnpm-lock.yaml  0.0s
[0m[36m => CACHED [deps 4/5] COPY prisma ./prisma                                 0.0s
[0m[36m => CACHED [deps 5/5] RUN   if [ -f package-lock.json ]; then     npm ci   0.0s
[0m[36m => CACHED [builder 2/5] COPY --from=deps /app/node_modules ./node_module  0.0s
[0m[36m => [builder 3/5] COPY . .                                                 0.7s
[0m => [builder 4/5] RUN npx prisma generate                                  1.1s
[?25h[1A[1A[1A[1A[1A[1A[1A[1A[1A[0G[?25l[+] Building 3.4s (14/28)                                  docker:desktop-linux
[36m => CACHED [deps 1/5] RUN apk add --no-cache libc6-compat                  0.0s
[0m[36m => CACHED [deps 2/5] WORKDIR /app                                         0.0s
[0m[36m => CACHED [deps 3/5] COPY package.json package-lock.json* pnpm-lock.yaml  0.0s
[0m[36m => CACHED [deps 4/5] COPY prisma ./prisma                                 0.0s
[0m[36m => CACHED [deps 5/5] RUN   if [ -f package-lock.json ]; then     npm ci   0.0s
[0m[36m => CACHED [builder 2/5] COPY --from=deps /app/node_modules ./node_module  0.0s
[0m[36m => [builder 3/5] COPY . .                                                 0.7s
[0m => [builder 4/5] RUN npx prisma generate                                  1.2s
[?25h[1A[1A[1A[1A[1A[1A[1A[1A[1A[0G[?25l[+] Building 3.6s (14/28)                                  docker:desktop-linux
[36m => CACHED [deps 1/5] RUN apk add --no-cache libc6-compat                  0.0s
[0m[36m => CACHED [deps 2/5] WORKDIR /app                                         0.0s
[0m[36m => CACHED [deps 3/5] COPY package.json package-lock.json* pnpm-lock.yaml  0.0s
[0m[36m => CACHED [deps 4/5] COPY prisma ./prisma                                 0.0s
[0m[36m => CACHED [deps 5/5] RUN   if [ -f package-lock.json ]; then     npm ci   0.0s
[0m[36m => CACHED [builder 2/5] COPY --from=deps /app/node_modules ./node_module  0.0s
[0m[36m => [builder 3/5] COPY . .                                                 0.7s
[0m => [builder 4/5] RUN npx prisma generate                                  1.4s
[?25h[1A[1A[1A[1A[1A[1A[1A[1A[1A[0G[?25l[+] Building 3.7s (14/28)                                  docker:desktop-linux
[36m => CACHED [deps 1/5] RUN apk add --no-cache libc6-compat                  0.0s
[0m[36m => CACHED [deps 2/5] WORKDIR /app                                         0.0s
[0m[36m => CACHED [deps 3/5] COPY package.json package-lock.json* pnpm-lock.yaml  0.0s
[0m[36m => CACHED [deps 4/5] COPY prisma ./prisma                                 0.0s
[0m[36m => CACHED [deps 5/5] RUN   if [ -f package-lock.json ]; then     npm ci   0.0s
[0m[36m => CACHED [builder 2/5] COPY --from=deps /app/node_modules ./node_module  0.0s
[0m[36m => [builder 3/5] COPY . .                                                 0.7s
[0m => [builder 4/5] RUN npx prisma generate                                  1.5s
[?25h[1A[1A[1A[1A[1A[1A[1A[1A[1A[0G[?25l[+] Building 3.9s (14/28)                                  docker:desktop-linux
[36m => CACHED [deps 1/5] RUN apk add --no-cache libc6-compat                  0.0s
[0m[36m => CACHED [deps 2/5] WORKDIR /app                                         0.0s
[0m[36m => CACHED [deps 3/5] COPY package.json package-lock.json* pnpm-lock.yaml  0.0s
[0m[36m => CACHED [deps 4/5] COPY prisma ./prisma                                 0.0s
[0m[36m => CACHED [deps 5/5] RUN   if [ -f package-lock.json ]; then     npm ci   0.0s
[0m[36m => CACHED [builder 2/5] COPY --from=deps /app/node_modules ./node_module  0.0s
[0m[36m => [builder 3/5] COPY . .                                                 0.7s
[0m => [builder 4/5] RUN npx prisma generate                                  1.7s
[?25h[1A[1A[1A[1A[1A[1A[1A[1A[1A[0G[?25l[+] Building 4.0s (14/28)                                  docker:desktop-linux
[36m => CACHED [deps 1/5] RUN apk add --no-cache libc6-compat                  0.0s
[0m[36m => CACHED [deps 2/5] WORKDIR /app                                         0.0s
[0m[36m => CACHED [deps 3/5] COPY package.json package-lock.json* pnpm-lock.yaml  0.0s
[0m[36m => CACHED [deps 4/5] COPY prisma ./prisma                                 0.0s
[0m[36m => CACHED [deps 5/5] RUN   if [ -f package-lock.json ]; then     npm ci   0.0s
[0m[36m => CACHED [builder 2/5] COPY --from=deps /app/node_modules ./node_module  0.0s
[0m[36m => [builder 3/5] COPY . .                                                 0.7s
[0m => [builder 4/5] RUN npx prisma generate                                  1.8s
[?25h[1A[1A[1A[1A[1A[1A[1A[1A[1A[0G[?25l[+] Building 4.2s (14/28)                                  docker:desktop-linux
[36m => CACHED [deps 1/5] RUN apk add --no-cache libc6-compat                  0.0s
[0m[36m => CACHED [deps 2/5] WORKDIR /app                                         0.0s
[0m[36m => CACHED [deps 3/5] COPY package.json package-lock.json* pnpm-lock.yaml  0.0s
[0m[36m => CACHED [deps 4/5] COPY prisma ./prisma                                 0.0s
[0m[36m => CACHED [deps 5/5] RUN   if [ -f package-lock.json ]; then     npm ci   0.0s
[0m[36m => CACHED [builder 2/5] COPY --from=deps /app/node_modules ./node_module  0.0s
[0m[36m => [builder 3/5] COPY . .                                                 0.7s
[0m => [builder 4/5] RUN npx prisma generate                                  2.0s
[?25h[1A[1A[1A[1A[1A[1A[1A[1A[1A[0G[?25l[+] Building 4.3s (14/28)                                  docker:desktop-linux
[36m => CACHED [deps 1/5] RUN apk add --no-cache libc6-compat                  0.0s
[0m[36m => CACHED [deps 2/5] WORKDIR /app                                         0.0s
[0m[36m => CACHED [deps 3/5] COPY package.json package-lock.json* pnpm-lock.yaml  0.0s
[0m[36m => CACHED [deps 4/5] COPY prisma ./prisma                                 0.0s
[0m[36m => CACHED [deps 5/5] RUN   if [ -f package-lock.json ]; then     npm ci   0.0s
[0m[36m => CACHED [builder 2/5] COPY --from=deps /app/node_modules ./node_module  0.0s
[0m[36m => [builder 3/5] COPY . .                                                 0.7s
[0m => [builder 4/5] RUN npx prisma generate                                  2.1s
[?25h[1A[1A[1A[1A[1A[1A[1A[1A[1A[0G[?25l[+] Building 4.5s (14/28)                                  docker:desktop-linux
[36m => CACHED [deps 1/5] RUN apk add --no-cache libc6-compat                  0.0s
[0m[36m => CACHED [deps 2/5] WORKDIR /app                                         0.0s
[0m[36m => CACHED [deps 3/5] COPY package.json package-lock.json* pnpm-lock.yaml  0.0s
[0m[36m => CACHED [deps 4/5] COPY prisma ./prisma                                 0.0s
[0m[36m => CACHED [deps 5/5] RUN   if [ -f package-lock.json ]; then     npm ci   0.0s
[0m[36m => CACHED [builder 2/5] COPY --from=deps /app/node_modules ./node_module  0.0s
[0m[36m => [builder 3/5] COPY . .                                                 0.7s
[0m => [builder 4/5] RUN npx prisma generate                                  2.2s
[?25h[1A[1A[1A[1A[1A[1A[1A[1A[1A[0G[?25l[+] Building 4.6s (14/28)                                  docker:desktop-linux
[36m => CACHED [deps 1/5] RUN apk add --no-cache libc6-compat                  0.0s
[0m[36m => CACHED [deps 2/5] WORKDIR /app                                         0.0s
[0m[36m => CACHED [deps 3/5] COPY package.json package-lock.json* pnpm-lock.yaml  0.0s
[0m[36m => CACHED [deps 4/5] COPY prisma ./prisma                                 0.0s
[0m[36m => CACHED [deps 5/5] RUN   if [ -f package-lock.json ]; then     npm ci   0.0s
[0m[36m => CACHED [builder 2/5] COPY --from=deps /app/node_modules ./node_module  0.0s
[0m[36m => [builder 3/5] COPY . .                                                 0.7s
[0m => [builder 4/5] RUN npx prisma generate                                  2.4s
[?25h[1A[1A[1A[1A[1A[1A[1A[1A[1A[0G[?25l[+] Building 4.8s (14/28)                                  docker:desktop-linux
[36m => CACHED [deps 1/5] RUN apk add --no-cache libc6-compat                  0.0s
[0m[36m => CACHED [deps 2/5] WORKDIR /app                                         0.0s
[0m[36m => CACHED [deps 3/5] COPY package.json package-lock.json* pnpm-lock.yaml  0.0s
[0m[36m => CACHED [deps 4/5] COPY prisma ./prisma                                 0.0s
[0m[36m => CACHED [deps 5/5] RUN   if [ -f package-lock.json ]; then     npm ci   0.0s
[0m[36m => CACHED [builder 2/5] COPY --from=deps /app/node_modules ./node_module  0.0s
[0m[36m => [builder 3/5] COPY . .                                                 0.7s
[0m => [builder 4/5] RUN npx prisma generate                                  2.6s
[?25h[1A[1A[1A[1A[1A[1A[1A[1A[1A[0G[?25l[+] Building 4.9s (14/28)                                  docker:desktop-linux
[36m => CACHED [deps 1/5] RUN apk add --no-cache libc6-compat                  0.0s
[0m[36m => CACHED [deps 2/5] WORKDIR /app                                         0.0s
[0m[36m => CACHED [deps 3/5] COPY package.json package-lock.json* pnpm-lock.yaml  0.0s
[0m[36m => CACHED [deps 4/5] COPY prisma ./prisma                                 0.0s
[0m[36m => CACHED [deps 5/5] RUN   if [ -f package-lock.json ]; then     npm ci   0.0s
[0m[36m => CACHED [builder 2/5] COPY --from=deps /app/node_modules ./node_module  0.0s
[0m[36m => [builder 3/5] COPY . .                                                 0.7s
[0m => [builder 4/5] RUN npx prisma generate                                  2.7s
[?25h[1A[1A[1A[1A[1A[1A[1A[1A[1A[0G[?25l[+] Building 5.0s (14/28)                                  docker:desktop-linux
[36m => CACHED [deps 1/5] RUN apk add --no-cache libc6-compat                  0.0s
[0m[36m => CACHED [deps 2/5] WORKDIR /app                                         0.0s
[0m[36m => CACHED [deps 3/5] COPY package.json package-lock.json* pnpm-lock.yaml  0.0s
[0m[36m => CACHED [deps 4/5] COPY prisma ./prisma                                 0.0s
[0m[36m => CACHED [deps 5/5] RUN   if [ -f package-lock.json ]; then     npm ci   0.0s
[0m[36m => CACHED [builder 2/5] COPY --from=deps /app/node_modules ./node_module  0.0s
[0m[36m => [builder 3/5] COPY . .                                                 0.7s
[0m => [builder 4/5] RUN npx prisma generate                                  2.8s
[?25h[1A[1A[1A[1A[1A[1A[1A[1A[1A[0G[?25l[+] Building 5.1s (14/28)                                  docker:desktop-linux
[36m => CACHED [deps 1/5] RUN apk add --no-cache libc6-compat                  0.0s
[0m[36m => CACHED [deps 2/5] WORKDIR /app                                         0.0s
[0m[36m => CACHED [deps 3/5] COPY package.json package-lock.json* pnpm-lock.yaml  0.0s
[0m[36m => CACHED [deps 4/5] COPY prisma ./prisma                                 0.0s
[0m[36m => CACHED [deps 5/5] RUN   if [ -f package-lock.json ]; then     npm ci   0.0s
[0m[36m => CACHED [builder 2/5] COPY --from=deps /app/node_modules ./node_module  0.0s
[0m[36m => [builder 3/5] COPY . .                                                 0.7s
[0m => [builder 4/5] RUN npx prisma generate                                  2.9s
[?25h[1A[1A[1A[1A[1A[1A[1A[1A[1A[0G[?25l[+] Building 5.3s (14/28)                                  docker:desktop-linux
[36m => CACHED [deps 1/5] RUN apk add --no-cache libc6-compat                  0.0s
[0m[36m => CACHED [deps 2/5] WORKDIR /app                                         0.0s
[0m[36m => CACHED [deps 3/5] COPY package.json package-lock.json* pnpm-lock.yaml  0.0s
[0m[36m => CACHED [deps 4/5] COPY prisma ./prisma                                 0.0s
[0m[36m => CACHED [deps 5/5] RUN   if [ -f package-lock.json ]; then     npm ci   0.0s
[0m[36m => CACHED [builder 2/5] COPY --from=deps /app/node_modules ./node_module  0.0s
[0m[36m => [builder 3/5] COPY . .                                                 0.7s
[0m => [builder 4/5] RUN npx prisma generate                                  3.1s
[?25h[1A[1A[1A[1A[1A[1A[1A[1A[1A[0G[?25l[+] Building 5.4s (14/28)                                  docker:desktop-linux
[36m => CACHED [deps 1/5] RUN apk add --no-cache libc6-compat                  0.0s
[0m[36m => CACHED [deps 2/5] WORKDIR /app                                         0.0s
[0m[36m => CACHED [deps 3/5] COPY package.json package-lock.json* pnpm-lock.yaml  0.0s
[0m[36m => CACHED [deps 4/5] COPY prisma ./prisma                                 0.0s
[0m[36m => CACHED [deps 5/5] RUN   if [ -f package-lock.json ]; then     npm ci   0.0s
[0m[36m => CACHED [builder 2/5] COPY --from=deps /app/node_modules ./node_module  0.0s
[0m[36m => [builder 3/5] COPY . .                                                 0.7s
[0m => [builder 4/5] RUN npx prisma generate                                  3.2s
[?25h[1A[1A[1A[1A[1A[1A[1A[1A[1A[0G[?25l[+] Building 5.6s (14/28)                                  docker:desktop-linux
[36m => CACHED [deps 1/5] RUN apk add --no-cache libc6-compat                  0.0s
[0m[36m => CACHED [deps 2/5] WORKDIR /app                                         0.0s
[0m[36m => CACHED [deps 3/5] COPY package.json package-lock.json* pnpm-lock.yaml  0.0s
[0m[36m => CACHED [deps 4/5] COPY prisma ./prisma                                 0.0s
[0m[36m => CACHED [deps 5/5] RUN   if [ -f package-lock.json ]; then     npm ci   0.0s
[0m[36m => CACHED [builder 2/5] COPY --from=deps /app/node_modules ./node_module  0.0s
[0m[36m => [builder 3/5] COPY . .                                                 0.7s
[0m => [builder 4/5] RUN npx prisma generate                                  3.4s
[?25h[1A[1A[1A[1A[1A[1A[1A[1A[1A[0G[?25l[+] Building 5.7s (14/28)                                  docker:desktop-linux
[36m => CACHED [deps 1/5] RUN apk add --no-cache libc6-compat                  0.0s
[0m[36m => CACHED [deps 2/5] WORKDIR /app                                         0.0s
[0m[36m => CACHED [deps 3/5] COPY package.json package-lock.json* pnpm-lock.yaml  0.0s
[0m[36m => CACHED [deps 4/5] COPY prisma ./prisma                                 0.0s
[0m[36m => CACHED [deps 5/5] RUN   if [ -f package-lock.json ]; then     npm ci   0.0s
[0m[36m => CACHED [builder 2/5] COPY --from=deps /app/node_modules ./node_module  0.0s
[0m[36m => [builder 3/5] COPY . .                                                 0.7s
[0m => [builder 4/5] RUN npx prisma generate                                  3.5s
[?25h[1A[1A[1A[1A[1A[1A[1A[1A[1A[0G[?25l[+] Building 5.9s (14/28)                                  docker:desktop-linux
[36m => CACHED [deps 1/5] RUN apk add --no-cache libc6-compat                  0.0s
[0m[36m => CACHED [deps 2/5] WORKDIR /app                                         0.0s
[0m[36m => CACHED [deps 3/5] COPY package.json package-lock.json* pnpm-lock.yaml  0.0s
[0m[36m => CACHED [deps 4/5] COPY prisma ./prisma                                 0.0s
[0m[36m => CACHED [deps 5/5] RUN   if [ -f package-lock.json ]; then     npm ci   0.0s
[0m[36m => CACHED [builder 2/5] COPY --from=deps /app/node_modules ./node_module  0.0s
[0m[36m => [builder 3/5] COPY . .                                                 0.7s
[0m => [builder 4/5] RUN npx prisma generate                                  3.7s
[?25h[1A[1A[1A[1A[1A[1A[1A[1A[1A[0G[?25l[+] Building 6.0s (14/28)                                  docker:desktop-linux
[36m => CACHED [deps 1/5] RUN apk add --no-cache libc6-compat                  0.0s
[0m[36m => CACHED [deps 2/5] WORKDIR /app                                         0.0s
[0m[36m => CACHED [deps 3/5] COPY package.json package-lock.json* pnpm-lock.yaml  0.0s
[0m[36m => CACHED [deps 4/5] COPY prisma ./prisma                                 0.0s
[0m[36m => CACHED [deps 5/5] RUN   if [ -f package-lock.json ]; then     npm ci   0.0s
[0m[36m => CACHED [builder 2/5] COPY --from=deps /app/node_modules ./node_module  0.0s
[0m[36m => [builder 3/5] COPY . .                                                 0.7s
[0m => [builder 4/5] RUN npx prisma generate                                  3.8s
[?25h[1A[1A[1A[1A[1A[1A[1A[1A[1A[0G[?25l[+] Building 6.2s (14/28)                                  docker:desktop-linux
[36m => CACHED [deps 1/5] RUN apk add --no-cache libc6-compat                  0.0s
[0m[36m => CACHED [deps 2/5] WORKDIR /app                                         0.0s
[0m[36m => CACHED [deps 3/5] COPY package.json package-lock.json* pnpm-lock.yaml  0.0s
[0m[36m => CACHED [deps 4/5] COPY prisma ./prisma                                 0.0s
[0m[36m => CACHED [deps 5/5] RUN   if [ -f package-lock.json ]; then     npm ci   0.0s
[0m[36m => CACHED [builder 2/5] COPY --from=deps /app/node_modules ./node_module  0.0s
[0m[36m => [builder 3/5] COPY . .                                                 0.7s
[0m => [builder 4/5] RUN npx prisma generate                                  4.0s
[?25h[1A[1A[1A[1A[1A[1A[1A[1A[1A[0G[?25l[+] Building 6.3s (14/28)                                  docker:desktop-linux
[36m => CACHED [deps 1/5] RUN apk add --no-cache libc6-compat                  0.0s
[0m[36m => CACHED [deps 2/5] WORKDIR /app                                         0.0s
[0m[36m => CACHED [deps 3/5] COPY package.json package-lock.json* pnpm-lock.yaml  0.0s
[0m[36m => CACHED [deps 4/5] COPY prisma ./prisma                                 0.0s
[0m[36m => CACHED [deps 5/5] RUN   if [ -f package-lock.json ]; then     npm ci   0.0s
[0m[36m => CACHED [builder 2/5] COPY --from=deps /app/node_modules ./node_module  0.0s
[0m[36m => [builder 3/5] COPY . .                                                 0.7s
[0m => [builder 4/5] RUN npx prisma generate                                  4.1s
[?25h[1A[1A[1A[1A[1A[1A[1A[1A[1A[0G[?25l[+] Building 6.5s (14/28)                                  docker:desktop-linux
[36m => CACHED [deps 1/5] RUN apk add --no-cache libc6-compat                  0.0s
[0m[36m => CACHED [deps 2/5] WORKDIR /app                                         0.0s
[0m[36m => CACHED [deps 3/5] COPY package.json package-lock.json* pnpm-lock.yaml  0.0s
[0m[36m => CACHED [deps 4/5] COPY prisma ./prisma                                 0.0s
[0m[36m => CACHED [deps 5/5] RUN   if [ -f package-lock.json ]; then     npm ci   0.0s
[0m[36m => CACHED [builder 2/5] COPY --from=deps /app/node_modules ./node_module  0.0s
[0m[36m => [builder 3/5] COPY . .                                                 0.7s
[0m => [builder 4/5] RUN npx prisma generate                                  4.2s
[?25h[1A[1A[1A[1A[1A[1A[1A[1A[1A[0G[?25l[+] Building 6.7s (14/28)                                  docker:desktop-linux
[36m => CACHED [deps 1/5] RUN apk add --no-cache libc6-compat                  0.0s
[0m[36m => CACHED [deps 2/5] WORKDIR /app                                         0.0s
[0m[36m => CACHED [deps 3/5] COPY package.json package-lock.json* pnpm-lock.yaml  0.0s
[0m[36m => CACHED [deps 4/5] COPY prisma ./prisma                                 0.0s
[0m[36m => CACHED [deps 5/5] RUN   if [ -f package-lock.json ]; then     npm ci   0.0s
[0m[36m => CACHED [builder 2/5] COPY --from=deps /app/node_modules ./node_module  0.0s
[0m[36m => [builder 3/5] COPY . .                                                 0.7s
[0m => [builder 4/5] RUN npx prisma generate                                  4.5s
[?25h[1A[1A[1A[1A[1A[1A[1A[1A[1A[0G[?25l[+] Building 6.9s (14/28)                                  docker:desktop-linux
[36m => CACHED [deps 1/5] RUN apk add --no-cache libc6-compat                  0.0s
[0m[36m => CACHED [deps 2/5] WORKDIR /app                                         0.0s
[0m[36m => CACHED [deps 3/5] COPY package.json package-lock.json* pnpm-lock.yaml  0.0s
[0m[36m => CACHED [deps 4/5] COPY prisma ./prisma                                 0.0s
[0m[36m => CACHED [deps 5/5] RUN   if [ -f package-lock.json ]; then     npm ci   0.0s
[0m[36m => CACHED [builder 2/5] COPY --from=deps /app/node_modules ./node_module  0.0s
[0m[36m => [builder 3/5] COPY . .                                                 0.7s
[0m => [builder 4/5] RUN npx prisma generate                                  4.6s
[?25h[1A[1A[1A[1A[1A[1A[1A[1A[1A[0G[?25l[+] Building 7.0s (14/28)                                  docker:desktop-linux
[36m => CACHED [deps 1/5] RUN apk add --no-cache libc6-compat                  0.0s
[0m[36m => CACHED [deps 2/5] WORKDIR /app                                         0.0s
[0m[36m => CACHED [deps 3/5] COPY package.json package-lock.json* pnpm-lock.yaml  0.0s
[0m[36m => CACHED [deps 4/5] COPY prisma ./prisma                                 0.0s
[0m[36m => CACHED [deps 5/5] RUN   if [ -f package-lock.json ]; then     npm ci   0.0s
[0m[36m => CACHED [builder 2/5] COPY --from=deps /app/node_modules ./node_module  0.0s
[0m[36m => [builder 3/5] COPY . .                                                 0.7s
[0m => [builder 4/5] RUN npx prisma generate                                  4.8s
[?25h[1A[1A[1A[1A[1A[1A[1A[1A[1A[0G[?25l[+] Building 7.2s (14/28)                                  docker:desktop-linux
[36m => CACHED [deps 1/5] RUN apk add --no-cache libc6-compat                  0.0s
[0m[36m => CACHED [deps 2/5] WORKDIR /app                                         0.0s
[0m[36m => CACHED [deps 3/5] COPY package.json package-lock.json* pnpm-lock.yaml  0.0s
[0m[36m => CACHED [deps 4/5] COPY prisma ./prisma                                 0.0s
[0m[36m => CACHED [deps 5/5] RUN   if [ -f package-lock.json ]; then     npm ci   0.0s
[0m[36m => CACHED [builder 2/5] COPY --from=deps /app/node_modules ./node_module  0.0s
[0m[36m => [builder 3/5] COPY . .                                                 0.7s
[0m => [builder 4/5] RUN npx prisma generate                                  4.9s
[?25h[1A[1A[1A[1A[1A[1A[1A[1A[1A[0G[?25l[+] Building 7.3s (14/28)                                  docker:desktop-linux
[36m => CACHED [deps 1/5] RUN apk add --no-cache libc6-compat                  0.0s
[0m[36m => CACHED [deps 2/5] WORKDIR /app                                         0.0s
[0m[36m => CACHED [deps 3/5] COPY package.json package-lock.json* pnpm-lock.yaml  0.0s
[0m[36m => CACHED [deps 4/5] COPY prisma ./prisma                                 0.0s
[0m[36m => CACHED [deps 5/5] RUN   if [ -f package-lock.json ]; then     npm ci   0.0s
[0m[36m => CACHED [builder 2/5] COPY --from=deps /app/node_modules ./node_module  0.0s
[0m[36m => [builder 3/5] COPY . .                                                 0.7s
[0m => [builder 4/5] RUN npx prisma generate                                  5.1s
[?25h[1A[1A[1A[1A[1A[1A[1A[1A[1A[0G[?25l[+] Building 7.5s (14/28)                                  docker:desktop-linux
[36m => CACHED [deps 1/5] RUN apk add --no-cache libc6-compat                  0.0s
[0m[36m => CACHED [deps 2/5] WORKDIR /app                                         0.0s
[0m[36m => CACHED [deps 3/5] COPY package.json package-lock.json* pnpm-lock.yaml  0.0s
[0m[36m => CACHED [deps 4/5] COPY prisma ./prisma                                 0.0s
[0m[36m => CACHED [deps 5/5] RUN   if [ -f package-lock.json ]; then     npm ci   0.0s
[0m[36m => CACHED [builder 2/5] COPY --from=deps /app/node_modules ./node_module  0.0s
[0m[36m => [builder 3/5] COPY . .                                                 0.7s
[0m => [builder 4/5] RUN npx prisma generate                                  5.2s
[?25h[1A[1A[1A[1A[1A[1A[1A[1A[1A[0G[?25l[+] Building 7.6s (14/28)                                  docker:desktop-linux
[36m => CACHED [deps 1/5] RUN apk add --no-cache libc6-compat                  0.0s
[0m[36m => CACHED [deps 2/5] WORKDIR /app                                         0.0s
[0m[36m => CACHED [deps 3/5] COPY package.json package-lock.json* pnpm-lock.yaml  0.0s
[0m[36m => CACHED [deps 4/5] COPY prisma ./prisma                                 0.0s
[0m[36m => CACHED [deps 5/5] RUN   if [ -f package-lock.json ]; then     npm ci   0.0s
[0m[36m => CACHED [builder 2/5] COPY --from=deps /app/node_modules ./node_module  0.0s
[0m[36m => [builder 3/5] COPY . .                                                 0.7s
[0m => [builder 4/5] RUN npx prisma generate                                  5.4s
[?25h[1A[1A[1A[1A[1A[1A[1A[1A[1A[0G[?25l[+] Building 7.8s (14/28)                                  docker:desktop-linux
[36m => CACHED [deps 1/5] RUN apk add --no-cache libc6-compat                  0.0s
[0m[36m => CACHED [deps 2/5] WORKDIR /app                                         0.0s
[0m[36m => CACHED [deps 3/5] COPY package.json package-lock.json* pnpm-lock.yaml  0.0s
[0m[36m => CACHED [deps 4/5] COPY prisma ./prisma                                 0.0s
[0m[36m => CACHED [deps 5/5] RUN   if [ -f package-lock.json ]; then     npm ci   0.0s
[0m[36m => CACHED [builder 2/5] COPY --from=deps /app/node_modules ./node_module  0.0s
[0m[36m => [builder 3/5] COPY . .                                                 0.7s
[0m => [builder 4/5] RUN npx prisma generate                                  5.5s
[?25h[1A[1A[1A[1A[1A[1A[1A[1A[1A[0G[?25l[+] Building 7.9s (14/28)                                  docker:desktop-linux
[36m => CACHED [deps 1/5] RUN apk add --no-cache libc6-compat                  0.0s
[0m[36m => CACHED [deps 2/5] WORKDIR /app                                         0.0s
[0m[36m => CACHED [deps 3/5] COPY package.json package-lock.json* pnpm-lock.yaml  0.0s
[0m[36m => CACHED [deps 4/5] COPY prisma ./prisma                                 0.0s
[0m[36m => CACHED [deps 5/5] RUN   if [ -f package-lock.json ]; then     npm ci   0.0s
[0m[36m => CACHED [builder 2/5] COPY --from=deps /app/node_modules ./node_module  0.0s
[0m[36m => [builder 3/5] COPY . .                                                 0.7s
[0m => [builder 4/5] RUN npx prisma generate                                  5.7s
[?25h[1A[1A[1A[1A[1A[1A[1A[1A[1A[0G[?25l[+] Building 8.1s (14/28)                                  docker:desktop-linux
[36m => CACHED [deps 1/5] RUN apk add --no-cache libc6-compat                  0.0s
[0m[36m => CACHED [deps 2/5] WORKDIR /app                                         0.0s
[0m[36m => CACHED [deps 3/5] COPY package.json package-lock.json* pnpm-lock.yaml  0.0s
[0m[36m => CACHED [deps 4/5] COPY prisma ./prisma                                 0.0s
[0m[36m => CACHED [deps 5/5] RUN   if [ -f package-lock.json ]; then     npm ci   0.0s
[0m[36m => CACHED [builder 2/5] COPY --from=deps /app/node_modules ./node_module  0.0s
[0m[36m => [builder 3/5] COPY . .                                                 0.7s
[0m => [builder 4/5] RUN npx prisma generate                                  5.8s
[?25h[1A[1A[1A[1A[1A[1A[1A[1A[1A[0G[?25l[+] Building 8.2s (14/28)                                  docker:desktop-linux
[36m => CACHED [deps 1/5] RUN apk add --no-cache libc6-compat                  0.0s
[0m[36m => CACHED [deps 2/5] WORKDIR /app                                         0.0s
[0m[36m => CACHED [deps 3/5] COPY package.json package-lock.json* pnpm-lock.yaml  0.0s
[0m[36m => CACHED [deps 4/5] COPY prisma ./prisma                                 0.0s
[0m[36m => CACHED [deps 5/5] RUN   if [ -f package-lock.json ]; then     npm ci   0.0s
[0m[36m => CACHED [builder 2/5] COPY --from=deps /app/node_modules ./node_module  0.0s
[0m[36m => [builder 3/5] COPY . .                                                 0.7s
[0m => [builder 4/5] RUN npx prisma generate                                  6.0s
[?25h[1A[1A[1A[1A[1A[1A[1A[1A[1A[0G[?25l[+] Building 8.4s (14/28)                                  docker:desktop-linux
[36m => CACHED [deps 1/5] RUN apk add --no-cache libc6-compat                  0.0s
[0m[36m => CACHED [deps 2/5] WORKDIR /app                                         0.0s
[0m[36m => CACHED [deps 3/5] COPY package.json package-lock.json* pnpm-lock.yaml  0.0s
[0m[36m => CACHED [deps 4/5] COPY prisma ./prisma                                 0.0s
[0m[36m => CACHED [deps 5/5] RUN   if [ -f package-lock.json ]; then     npm ci   0.0s
[0m[36m => CACHED [builder 2/5] COPY --from=deps /app/node_modules ./node_module  0.0s
[0m[36m => [builder 3/5] COPY . .                                                 0.7s
[0m => [builder 4/5] RUN npx prisma generate                                  6.1s
[?25h[1A[1A[1A[1A[1A[1A[1A[1A[1A[0G[?25l[+] Building 8.5s (14/28)                                  docker:desktop-linux
[36m => CACHED [deps 1/5] RUN apk add --no-cache libc6-compat                  0.0s
[0m[36m => CACHED [deps 2/5] WORKDIR /app                                         0.0s
[0m[36m => CACHED [deps 3/5] COPY package.json package-lock.json* pnpm-lock.yaml  0.0s
[0m[36m => CACHED [deps 4/5] COPY prisma ./prisma                                 0.0s
[0m[36m => CACHED [deps 5/5] RUN   if [ -f package-lock.json ]; then     npm ci   0.0s
[0m[36m => CACHED [builder 2/5] COPY --from=deps /app/node_modules ./node_module  0.0s
[0m[36m => [builder 3/5] COPY . .                                                 0.7s
[0m => [builder 4/5] RUN npx prisma generate                                  6.3s
[?25h[1A[1A[1A[1A[1A[1A[1A[1A[1A[0G[?25l[+] Building 8.7s (14/28)                                  docker:desktop-linux
[36m => CACHED [deps 1/5] RUN apk add --no-cache libc6-compat                  0.0s
[0m[36m => CACHED [deps 2/5] WORKDIR /app                                         0.0s
[0m[36m => CACHED [deps 3/5] COPY package.json package-lock.json* pnpm-lock.yaml  0.0s
[0m[36m => CACHED [deps 4/5] COPY prisma ./prisma                                 0.0s
[0m[36m => CACHED [deps 5/5] RUN   if [ -f package-lock.json ]; then     npm ci   0.0s
[0m[36m => CACHED [builder 2/5] COPY --from=deps /app/node_modules ./node_module  0.0s
[0m[36m => [builder 3/5] COPY . .                                                 0.7s
[0m => [builder 4/5] RUN npx prisma generate                                  6.4s
[?25h[1A[1A[1A[1A[1A[1A[1A[1A[1A[0G[?25l[+] Building 8.8s (14/28)                                  docker:desktop-linux
[36m => CACHED [deps 1/5] RUN apk add --no-cache libc6-compat                  0.0s
[0m[36m => CACHED [deps 2/5] WORKDIR /app                                         0.0s
[0m[36m => CACHED [deps 3/5] COPY package.json package-lock.json* pnpm-lock.yaml  0.0s
[0m[36m => CACHED [deps 4/5] COPY prisma ./prisma                                 0.0s
[0m[36m => CACHED [deps 5/5] RUN   if [ -f package-lock.json ]; then     npm ci   0.0s
[0m[36m => CACHED [builder 2/5] COPY --from=deps /app/node_modules ./node_module  0.0s
[0m[36m => [builder 3/5] COPY . .                                                 0.7s
[0m => [builder 4/5] RUN npx prisma generate                                  6.6s
[?25h[1A[1A[1A[1A[1A[1A[1A[1A[1A[0G[?25l[+] Building 9.0s (14/28)                                  docker:desktop-linux
[36m => CACHED [deps 1/5] RUN apk add --no-cache libc6-compat                  0.0s
[0m[36m => CACHED [deps 2/5] WORKDIR /app                                         0.0s
[0m[36m => CACHED [deps 3/5] COPY package.json package-lock.json* pnpm-lock.yaml  0.0s
[0m[36m => CACHED [deps 4/5] COPY prisma ./prisma                                 0.0s
[0m[36m => CACHED [deps 5/5] RUN   if [ -f package-lock.json ]; then     npm ci   0.0s
[0m[36m => CACHED [builder 2/5] COPY --from=deps /app/node_modules ./node_module  0.0s
[0m[36m => [builder 3/5] COPY . .                                                 0.7s
[0m => [builder 4/5] RUN npx prisma generate                                  6.7s
[?25h[1A[1A[1A[1A[1A[1A[1A[1A[1A[0G[?25l[+] Building 9.1s (14/28)                                  docker:desktop-linux
[36m => CACHED [deps 1/5] RUN apk add --no-cache libc6-compat                  0.0s
[0m[36m => CACHED [deps 2/5] WORKDIR /app                                         0.0s
[0m[36m => CACHED [deps 3/5] COPY package.json package-lock.json* pnpm-lock.yaml  0.0s
[0m[36m => CACHED [deps 4/5] COPY prisma ./prisma                                 0.0s
[0m[36m => CACHED [deps 5/5] RUN   if [ -f package-lock.json ]; then     npm ci   0.0s
[0m[36m => CACHED [builder 2/5] COPY --from=deps /app/node_modules ./node_module  0.0s
[0m[36m => [builder 3/5] COPY . .                                                 0.7s
[0m => [builder 4/5] RUN npx prisma generate                                  6.9s
[?25h[1A[1A[1A[1A[1A[1A[1A[1A[1A[0G[?25l[+] Building 9.1s (14/28)                                  docker:desktop-linux
[36m => CACHED [deps 1/5] RUN apk add --no-cache libc6-compat                  0.0s
[0m[36m => CACHED [deps 2/5] WORKDIR /app                                         0.0s
[0m[36m => CACHED [deps 3/5] COPY package.json package-lock.json* pnpm-lock.yaml  0.0s
[0m[36m => CACHED [deps 4/5] COPY prisma ./prisma                                 0.0s
[0m[36m => CACHED [deps 5/5] RUN   if [ -f package-lock.json ]; then     npm ci   0.0s
[0m[36m => CACHED [builder 2/5] COPY --from=deps /app/node_modules ./node_module  0.0s
[0m[36m => [builder 3/5] COPY . .                                                 0.7s
[0m => [builder 4/5] RUN npx prisma generate                                  6.9s
[?25h[1A[1A[1A[1A[1A[1A[1A[1A[1A[0G[?25l[+] Building 9.3s (14/28)                                  docker:desktop-linux
[36m => CACHED [deps 1/5] RUN apk add --no-cache libc6-compat                  0.0s
[0m[36m => CACHED [deps 2/5] WORKDIR /app                                         0.0s
[0m[36m => CACHED [deps 3/5] COPY package.json package-lock.json* pnpm-lock.yaml  0.0s
[0m[36m => CACHED [deps 4/5] COPY prisma ./prisma                                 0.0s
[0m[36m => CACHED [deps 5/5] RUN   if [ -f package-lock.json ]; then     npm ci   0.0s
[0m[36m => CACHED [builder 2/5] COPY --from=deps /app/node_modules ./node_module  0.0s
[0m[36m => [builder 3/5] COPY . .                                                 0.7s
[0m => [builder 4/5] RUN npx prisma generate                                  7.0s
[?25h[1A[1A[1A[1A[1A[1A[1A[1A[1A[0G[?25l[+] Building 9.3s (14/28)                                  docker:desktop-linux
[36m => CACHED [deps 1/5] RUN apk add --no-cache libc6-compat                  0.0s
[0m[36m => CACHED [deps 2/5] WORKDIR /app                                         0.0s
[0m[36m => CACHED [deps 3/5] COPY package.json package-lock.json* pnpm-lock.yaml  0.0s
[0m[36m => CACHED [deps 4/5] COPY prisma ./prisma                                 0.0s
[0m[36m => CACHED [deps 5/5] RUN   if [ -f package-lock.json ]; then     npm ci   0.0s
[0m[36m => CACHED [builder 2/5] COPY --from=deps /app/node_modules ./node_module  0.0s
[0m[36m => [builder 3/5] COPY . .                                                 0.7s
[0m => [builder 4/5] RUN npx prisma generate                                  7.1s
[?25h[1A[1A[1A[1A[1A[1A[1A[1A[1A[0G[?25l[+] Building 9.5s (15/28)                                  docker:desktop-linux
[36m => CACHED [deps 2/5] WORKDIR /app                                         0.0s
[0m[36m => CACHED [deps 3/5] COPY package.json package-lock.json* pnpm-lock.yaml  0.0s
[0m[36m => CACHED [deps 4/5] COPY prisma ./prisma                                 0.0s
[0m[36m => CACHED [deps 5/5] RUN   if [ -f package-lock.json ]; then     npm ci   0.0s
[0m[36m => CACHED [builder 2/5] COPY --from=deps /app/node_modules ./node_module  0.0s
[0m[36m => [builder 3/5] COPY . .                                                 0.7s
[0m[36m => [builder 4/5] RUN npx prisma generate                                  7.1s
[0m => [builder 5/5] RUN npm run build                                        0.1s
[?25h[1A[1A[1A[1A[1A[1A[1A[1A[1A[0G[?25l[+] Building 9.7s (15/28)                                  docker:desktop-linux
[36m => CACHED [deps 2/5] WORKDIR /app                                         0.0s
[0m[36m => CACHED [deps 3/5] COPY package.json package-lock.json* pnpm-lock.yaml  0.0s
[0m[36m => CACHED [deps 4/5] COPY prisma ./prisma                                 0.0s
[0m[36m => CACHED [deps 5/5] RUN   if [ -f package-lock.json ]; then     npm ci   0.0s
[0m[36m => CACHED [builder 2/5] COPY --from=deps /app/node_modules ./node_module  0.0s
[0m[36m => [builder 3/5] COPY . .                                                 0.7s
[0m[36m => [builder 4/5] RUN npx prisma generate                                  7.1s
[0m => [builder 5/5] RUN npm run build                                        0.3s
[?25h[1A[1A[1A[1A[1A[1A[1A[1A[1A[0G[?25l[+] Building 9.8s (15/28)                                  docker:desktop-linux
[36m => CACHED [deps 2/5] WORKDIR /app                                         0.0s
[0m[36m => CACHED [deps 3/5] COPY package.json package-lock.json* pnpm-lock.yaml  0.0s
[0m[36m => CACHED [deps 4/5] COPY prisma ./prisma                                 0.0s
[0m[36m => CACHED [deps 5/5] RUN   if [ -f package-lock.json ]; then     npm ci   0.0s
[0m[36m => CACHED [builder 2/5] COPY --from=deps /app/node_modules ./node_module  0.0s
[0m[36m => [builder 3/5] COPY . .                                                 0.7s
[0m[36m => [builder 4/5] RUN npx prisma generate                                  7.1s
[0m => [builder 5/5] RUN npm run build                                        0.4s
[?25h[1A[1A[1A[1A[1A[1A[1A[1A[1A[0G[?25l[+] Building 10.0s (15/28)                                 docker:desktop-linux
[36m => CACHED [deps 2/5] WORKDIR /app                                         0.0s
[0m[36m => CACHED [deps 3/5] COPY package.json package-lock.json* pnpm-lock.yaml  0.0s
[0m[36m => CACHED [deps 4/5] COPY prisma ./prisma                                 0.0s
[0m[36m => CACHED [deps 5/5] RUN   if [ -f package-lock.json ]; then     npm ci   0.0s
[0m[36m => CACHED [builder 2/5] COPY --from=deps /app/node_modules ./node_module  0.0s
[0m[36m => [builder 3/5] COPY . .                                                 0.7s
[0m[36m => [builder 4/5] RUN npx prisma generate                                  7.1s
[0m => [builder 5/5] RUN npm run build                                        0.6s
[?25h[1A[1A[1A[1A[1A[1A[1A[1A[1A[0G[?25l[+] Building 10.1s (15/28)                                 docker:desktop-linux
[36m => CACHED [deps 2/5] WORKDIR /app                                         0.0s
[0m[36m => CACHED [deps 3/5] COPY package.json package-lock.json* pnpm-lock.yaml  0.0s
[0m[36m => CACHED [deps 4/5] COPY prisma ./prisma                                 0.0s
[0m[36m => CACHED [deps 5/5] RUN   if [ -f package-lock.json ]; then     npm ci   0.0s
[0m[36m => CACHED [builder 2/5] COPY --from=deps /app/node_modules ./node_module  0.0s
[0m[36m => [builder 3/5] COPY . .                                                 0.7s
[0m[36m => [builder 4/5] RUN npx prisma generate                                  7.1s
[0m => [builder 5/5] RUN npm run build                                        0.7s
[?25h[1A[1A[1A[1A[1A[1A[1A[1A[1A[0G[?25l[+] Building 10.2s (15/28)                                 docker:desktop-linux
[36m => CACHED [deps 2/5] WORKDIR /app                                         0.0s
[0m[36m => CACHED [deps 3/5] COPY package.json package-lock.json* pnpm-lock.yaml  0.0s
[0m[36m => CACHED [deps 4/5] COPY prisma ./prisma                                 0.0s
[0m[36m => CACHED [deps 5/5] RUN   if [ -f package-lock.json ]; then     npm ci   0.0s
[0m[36m => CACHED [builder 2/5] COPY --from=deps /app/node_modules ./node_module  0.0s
[0m[36m => [builder 3/5] COPY . .                                                 0.7s
[0m[36m => [builder 4/5] RUN npx prisma generate                                  7.1s
[0m => [builder 5/5] RUN npm run build                                        0.8s
[?25h[1A[1A[1A[1A[1A[1A[1A[1A[1A[0G[?25l[+] Building 10.3s (15/28)                                 docker:desktop-linux
[36m => CACHED [deps 2/5] WORKDIR /app                                         0.0s
[0m[36m => CACHED [deps 3/5] COPY package.json package-lock.json* pnpm-lock.yaml  0.0s
[0m[36m => CACHED [deps 4/5] COPY prisma ./prisma                                 0.0s
[0m[36m => CACHED [deps 5/5] RUN   if [ -f package-lock.json ]; then     npm ci   0.0s
[0m[36m => CACHED [builder 2/5] COPY --from=deps /app/node_modules ./node_module  0.0s
[0m[36m => [builder 3/5] COPY . .                                                 0.7s
[0m[36m => [builder 4/5] RUN npx prisma generate                                  7.1s
[0m => [builder 5/5] RUN npm run build                                        0.9s
[?25h[1A[1A[1A[1A[1A[1A[1A[1A[1A[0G[?25l[+] Building 10.4s (15/28)                                 docker:desktop-linux
[36m => CACHED [deps 2/5] WORKDIR /app                                         0.0s
[0m[36m => CACHED [deps 3/5] COPY package.json package-lock.json* pnpm-lock.yaml  0.0s
[0m[36m => CACHED [deps 4/5] COPY prisma ./prisma                                 0.0s
[0m[36m => CACHED [deps 5/5] RUN   if [ -f package-lock.json ]; then     npm ci   0.0s
[0m[36m => CACHED [builder 2/5] COPY --from=deps /app/node_modules ./node_module  0.0s
[0m[36m => [builder 3/5] COPY . .                                                 0.7s
[0m[36m => [builder 4/5] RUN npx prisma generate                                  7.1s
[0m => [builder 5/5] RUN npm run build                                        1.0s
[?25h[1A[1A[1A[1A[1A[1A[1A[1A[1A[0G[?25l[+] Building 10.5s (15/28)                                 docker:desktop-linux
[36m => CACHED [deps 2/5] WORKDIR /app                                         0.0s
[0m[36m => CACHED [deps 3/5] COPY package.json package-lock.json* pnpm-lock.yaml  0.0s
[0m[36m => CACHED [deps 4/5] COPY prisma ./prisma                                 0.0s
[0m[36m => CACHED [deps 5/5] RUN   if [ -f package-lock.json ]; then     npm ci   0.0s
[0m[36m => CACHED [builder 2/5] COPY --from=deps /app/node_modules ./node_module  0.0s
[0m[36m => [builder 3/5] COPY . .                                                 0.7s
[0m[36m => [builder 4/5] RUN npx prisma generate                                  7.1s
[0m => [builder 5/5] RUN npm run build                                        1.2s
[?25h[1A[1A[1A[1A[1A[1A[1A[1A[1A[0G[?25l[+] Building 10.7s (15/28)                                 docker:desktop-linux
[36m => CACHED [deps 2/5] WORKDIR /app                                         0.0s
[0m[36m => CACHED [deps 3/5] COPY package.json package-lock.json* pnpm-lock.yaml  0.0s
[0m[36m => CACHED [deps 4/5] COPY prisma ./prisma                                 0.0s
[0m[36m => CACHED [deps 5/5] RUN   if [ -f package-lock.json ]; then     npm ci   0.0s
[0m[36m => CACHED [builder 2/5] COPY --from=deps /app/node_modules ./node_module  0.0s
[0m[36m => [builder 3/5] COPY . .                                                 0.7s
[0m[36m => [builder 4/5] RUN npx prisma generate                                  7.1s
[0m => [builder 5/5] RUN npm run build                                        1.3s
[?25h[1A[1A[1A[1A[1A[1A[1A[1A[1A[0G[?25l[+] Building 10.8s (15/28)                                 docker:desktop-linux
[36m => CACHED [deps 2/5] WORKDIR /app                                         0.0s
[0m[36m => CACHED [deps 3/5] COPY package.json package-lock.json* pnpm-lock.yaml  0.0s
[0m[36m => CACHED [deps 4/5] COPY prisma ./prisma                                 0.0s
[0m[36m => CACHED [deps 5/5] RUN   if [ -f package-lock.json ]; then     npm ci   0.0s
[0m[36m => CACHED [builder 2/5] COPY --from=deps /app/node_modules ./node_module  0.0s
[0m[36m => [builder 3/5] COPY . .                                                 0.7s
[0m[36m => [builder 4/5] RUN npx prisma generate                                  7.1s
[0m => [builder 5/5] RUN npm run build                                        1.5s
[?25h[1A[1A[1A[1A[1A[1A[1A[1A[1A[0G[?25l[+] Building 11.0s (15/28)                                 docker:desktop-linux
[36m => CACHED [deps 2/5] WORKDIR /app                                         0.0s
[0m[36m => CACHED [deps 3/5] COPY package.json package-lock.json* pnpm-lock.yaml  0.0s
[0m[36m => CACHED [deps 4/5] COPY prisma ./prisma                                 0.0s
[0m[36m => CACHED [deps 5/5] RUN   if [ -f package-lock.json ]; then     npm ci   0.0s
[0m[36m => CACHED [builder 2/5] COPY --from=deps /app/node_modules ./node_module  0.0s
[0m[36m => [builder 3/5] COPY . .                                                 0.7s
[0m[36m => [builder 4/5] RUN npx prisma generate                                  7.1s
[0m => [builder 5/5] RUN npm run build                                        1.6s
[?25h[1A[1A[1A[1A[1A[1A[1A[1A[1A[0G[?25l[+] Building 11.1s (15/28)                                 docker:desktop-linux
[36m => CACHED [deps 2/5] WORKDIR /app                                         0.0s
[0m[36m => CACHED [deps 3/5] COPY package.json package-lock.json* pnpm-lock.yaml  0.0s
[0m[36m => CACHED [deps 4/5] COPY prisma ./prisma                                 0.0s
[0m[36m => CACHED [deps 5/5] RUN   if [ -f package-lock.json ]; then     npm ci   0.0s
[0m[36m => CACHED [builder 2/5] COPY --from=deps /app/node_modules ./node_module  0.0s
[0m[36m => [builder 3/5] COPY . .                                                 0.7s
[0m[36m => [builder 4/5] RUN npx prisma generate                                  7.1s
[0m => [builder 5/5] RUN npm run build                                        1.7s
[?25h[1A[1A[1A[1A[1A[1A[1A[1A[1A[0G[?25l[+] Building 11.3s (15/28)                                 docker:desktop-linux
[36m => CACHED [deps 2/5] WORKDIR /app                                         0.0s
[0m[36m => CACHED [deps 3/5] COPY package.json package-lock.json* pnpm-lock.yaml  0.0s
[0m[36m => CACHED [deps 4/5] COPY prisma ./prisma                                 0.0s
[0m[36m => CACHED [deps 5/5] RUN   if [ -f package-lock.json ]; then     npm ci   0.0s
[0m[36m => CACHED [builder 2/5] COPY --from=deps /app/node_modules ./node_module  0.0s
[0m[36m => [builder 3/5] COPY . .                                                 0.7s
[0m[36m => [builder 4/5] RUN npx prisma generate                                  7.1s
[0m => [builder 5/5] RUN npm run build                                        1.9s
[?25h[1A[1A[1A[1A[1A[1A[1A[1A[1A[0G[?25l[+] Building 11.4s (15/28)                                 docker:desktop-linux
[36m => CACHED [deps 2/5] WORKDIR /app                                         0.0s
[0m[36m => CACHED [deps 3/5] COPY package.json package-lock.json* pnpm-lock.yaml  0.0s
[0m[36m => CACHED [deps 4/5] COPY prisma ./prisma                                 0.0s
[0m[36m => CACHED [deps 5/5] RUN   if [ -f package-lock.json ]; then     npm ci   0.0s
[0m[36m => CACHED [builder 2/5] COPY --from=deps /app/node_modules ./node_module  0.0s
[0m[36m => [builder 3/5] COPY . .                                                 0.7s
[0m[36m => [builder 4/5] RUN npx prisma generate                                  7.1s
[0m => [builder 5/5] RUN npm run build                                        2.1s
[?25h[1A[1A[1A[1A[1A[1A[1A[1A[1A[0G[?25l[+] Building 11.6s (15/28)                                 docker:desktop-linux
[36m => CACHED [deps 2/5] WORKDIR /app                                         0.0s
[0m[36m => CACHED [deps 3/5] COPY package.json package-lock.json* pnpm-lock.yaml  0.0s
[0m[36m => CACHED [deps 4/5] COPY prisma ./prisma                                 0.0s
[0m[36m => CACHED [deps 5/5] RUN   if [ -f package-lock.json ]; then     npm ci   0.0s
[0m[36m => CACHED [builder 2/5] COPY --from=deps /app/node_modules ./node_module  0.0s
[0m[36m => [builder 3/5] COPY . .                                                 0.7s
[0m[36m => [builder 4/5] RUN npx prisma generate                                  7.1s
[0m => [builder 5/5] RUN npm run build                                        2.2s
[?25h[1A[1A[1A[1A[1A[1A[1A[1A[1A[0G[?25l[+] Building 11.7s (15/28)                                 docker:desktop-linux
[36m => CACHED [deps 2/5] WORKDIR /app                                         0.0s
[0m[36m => CACHED [deps 3/5] COPY package.json package-lock.json* pnpm-lock.yaml  0.0s
[0m[36m => CACHED [deps 4/5] COPY prisma ./prisma                                 0.0s
[0m[36m => CACHED [deps 5/5] RUN   if [ -f package-lock.json ]; then     npm ci   0.0s
[0m[36m => CACHED [builder 2/5] COPY --from=deps /app/node_modules ./node_module  0.0s
[0m[36m => [builder 3/5] COPY . .                                                 0.7s
[0m[36m => [builder 4/5] RUN npx prisma generate                                  7.1s
[0m => [builder 5/5] RUN npm run build                                        2.4s
[?25h[1A[1A[1A[1A[1A[1A[1A[1A[1A[0G[?25l[+] Building 11.9s (15/28)                                 docker:desktop-linux
[36m => CACHED [deps 2/5] WORKDIR /app                                         0.0s
[0m[36m => CACHED [deps 3/5] COPY package.json package-lock.json* pnpm-lock.yaml  0.0s
[0m[36m => CACHED [deps 4/5] COPY prisma ./prisma                                 0.0s
[0m[36m => CACHED [deps 5/5] RUN   if [ -f package-lock.json ]; then     npm ci   0.0s
[0m[36m => CACHED [builder 2/5] COPY --from=deps /app/node_modules ./node_module  0.0s
[0m[36m => [builder 3/5] COPY . .                                                 0.7s
[0m[36m => [builder 4/5] RUN npx prisma generate                                  7.1s
[0m => [builder 5/5] RUN npm run build                                        2.5s
[?25h[1A[1A[1A[1A[1A[1A[1A[1A[1A[0G[?25l[+] Building 12.0s (15/28)                                 docker:desktop-linux
[36m => CACHED [deps 2/5] WORKDIR /app                                         0.0s
[0m[36m => CACHED [deps 3/5] COPY package.json package-lock.json* pnpm-lock.yaml  0.0s
[0m[36m => CACHED [deps 4/5] COPY prisma ./prisma                                 0.0s
[0m[36m => CACHED [deps 5/5] RUN   if [ -f package-lock.json ]; then     npm ci   0.0s
[0m[36m => CACHED [builder 2/5] COPY --from=deps /app/node_modules ./node_module  0.0s
[0m[36m => [builder 3/5] COPY . .                                                 0.7s
[0m[36m => [builder 4/5] RUN npx prisma generate                                  7.1s
[0m => [builder 5/5] RUN npm run build                                        2.7s
[?25h[1A[1A[1A[1A[1A[1A[1A[1A[1A[0G[?25l[+] Building 12.2s (15/28)                                 docker:desktop-linux
[36m => CACHED [deps 2/5] WORKDIR /app                                         0.0s
[0m[36m => CACHED [deps 3/5] COPY package.json package-lock.json* pnpm-lock.yaml  0.0s
[0m[36m => CACHED [deps 4/5] COPY prisma ./prisma                                 0.0s
[0m[36m => CACHED [deps 5/5] RUN   if [ -f package-lock.json ]; then     npm ci   0.0s
[0m[36m => CACHED [builder 2/5] COPY --from=deps /app/node_modules ./node_module  0.0s
[0m[36m => [builder 3/5] COPY . .                                                 0.7s
[0m[36m => [builder 4/5] RUN npx prisma generate                                  7.1s
[0m => [builder 5/5] RUN npm run build                                        2.8s
[?25h[1A[1A[1A[1A[1A[1A[1A[1A[1A[0G[?25l[+] Building 12.3s (15/28)                                 docker:desktop-linux
[36m => CACHED [deps 2/5] WORKDIR /app                                         0.0s
[0m[36m => CACHED [deps 3/5] COPY package.json package-lock.json* pnpm-lock.yaml  0.0s
[0m[36m => CACHED [deps 4/5] COPY prisma ./prisma                                 0.0s
[0m[36m => CACHED [deps 5/5] RUN   if [ -f package-lock.json ]; then     npm ci   0.0s
[0m[36m => CACHED [builder 2/5] COPY --from=deps /app/node_modules ./node_module  0.0s
[0m[36m => [builder 3/5] COPY . .                                                 0.7s
[0m[36m => [builder 4/5] RUN npx prisma generate                                  7.1s
[0m => [builder 5/5] RUN npm run build                                        3.0s
[?25h[1A[1A[1A[1A[1A[1A[1A[1A[1A[0G[?25l[+] Building 12.5s (15/28)                                 docker:desktop-linux
[36m => CACHED [deps 2/5] WORKDIR /app                                         0.0s
[0m[36m => CACHED [deps 3/5] COPY package.json package-lock.json* pnpm-lock.yaml  0.0s
[0m[36m => CACHED [deps 4/5] COPY prisma ./prisma                                 0.0s
[0m[36m => CACHED [deps 5/5] RUN   if [ -f package-lock.json ]; then     npm ci   0.0s
[0m[36m => CACHED [builder 2/5] COPY --from=deps /app/node_modules ./node_module  0.0s
[0m[36m => [builder 3/5] COPY . .                                                 0.7s
[0m[36m => [builder 4/5] RUN npx prisma generate                                  7.1s
[0m => [builder 5/5] RUN npm run build                                        3.1s
[?25h[1A[1A[1A[1A[1A[1A[1A[1A[1A[0G[?25l[+] Building 12.6s (15/28)                                 docker:desktop-linux
[36m => CACHED [deps 2/5] WORKDIR /app                                         0.0s
[0m[36m => CACHED [deps 3/5] COPY package.json package-lock.json* pnpm-lock.yaml  0.0s
[0m[36m => CACHED [deps 4/5] COPY prisma ./prisma                                 0.0s
[0m[36m => CACHED [deps 5/5] RUN   if [ -f package-lock.json ]; then     npm ci   0.0s
[0m[36m => CACHED [builder 2/5] COPY --from=deps /app/node_modules ./node_module  0.0s
[0m[36m => [builder 3/5] COPY . .                                                 0.7s
[0m[36m => [builder 4/5] RUN npx prisma generate                                  7.1s
[0m => [builder 5/5] RUN npm run build                                        3.3s
[?25h[1A[1A[1A[1A[1A[1A[1A[1A[1A[0G[?25l[+] Building 12.8s (15/28)                                 docker:desktop-linux
[36m => CACHED [deps 2/5] WORKDIR /app                                         0.0s
[0m[36m => CACHED [deps 3/5] COPY package.json package-lock.json* pnpm-lock.yaml  0.0s
[0m[36m => CACHED [deps 4/5] COPY prisma ./prisma                                 0.0s
[0m[36m => CACHED [deps 5/5] RUN   if [ -f package-lock.json ]; then     npm ci   0.0s
[0m[36m => CACHED [builder 2/5] COPY --from=deps /app/node_modules ./node_module  0.0s
[0m[36m => [builder 3/5] COPY . .                                                 0.7s
[0m[36m => [builder 4/5] RUN npx prisma generate                                  7.1s
[0m => [builder 5/5] RUN npm run build                                        3.4s
[?25h[1A[1A[1A[1A[1A[1A[1A[1A[1A[0G[?25l[+] Building 12.9s (15/28)                                 docker:desktop-linux
[36m => CACHED [deps 2/5] WORKDIR /app                                         0.0s
[0m[36m => CACHED [deps 3/5] COPY package.json package-lock.json* pnpm-lock.yaml  0.0s
[0m[36m => CACHED [deps 4/5] COPY prisma ./prisma                                 0.0s
[0m[36m => CACHED [deps 5/5] RUN   if [ -f package-lock.json ]; then     npm ci   0.0s
[0m[36m => CACHED [builder 2/5] COPY --from=deps /app/node_modules ./node_module  0.0s
[0m[36m => [builder 3/5] COPY . .                                                 0.7s
[0m[36m => [builder 4/5] RUN npx prisma generate                                  7.1s
[0m => [builder 5/5] RUN npm run build                                        3.6s
[?25h[1A[1A[1A[1A[1A[1A[1A[1A[1A[0G[?25l[+] Building 13.1s (15/28)                                 docker:desktop-linux
[36m => CACHED [deps 2/5] WORKDIR /app                                         0.0s
[0m[36m => CACHED [deps 3/5] COPY package.json package-lock.json* pnpm-lock.yaml  0.0s
[0m[36m => CACHED [deps 4/5] COPY prisma ./prisma                                 0.0s
[0m[36m => CACHED [deps 5/5] RUN   if [ -f package-lock.json ]; then     npm ci   0.0s
[0m[36m => CACHED [builder 2/5] COPY --from=deps /app/node_modules ./node_module  0.0s
[0m[36m => [builder 3/5] COPY . .                                                 0.7s
[0m[36m => [builder 4/5] RUN npx prisma generate                                  7.1s
[0m => [builder 5/5] RUN npm run build                                        3.7s
[?25h[1A[1A[1A[1A[1A[1A[1A[1A[1A[0G[?25l[+] Building 13.1s (15/28)                                 docker:desktop-linux
[36m => CACHED [deps 2/5] WORKDIR /app                                         0.0s
[0m[36m => CACHED [deps 3/5] COPY package.json package-lock.json* pnpm-lock.yaml  0.0s
[0m[36m => CACHED [deps 4/5] COPY prisma ./prisma                                 0.0s
[0m[36m => CACHED [deps 5/5] RUN   if [ -f package-lock.json ]; then     npm ci   0.0s
[0m[36m => CACHED [builder 2/5] COPY --from=deps /app/node_modules ./node_module  0.0s
[0m[36m => [builder 3/5] COPY . .                                                 0.7s
[0m[36m => [builder 4/5] RUN npx prisma generate                                  7.1s
[0m => [builder 5/5] RUN npm run build                                        3.7s
[?25h[1A[1A[1A[1A[1A[1A[1A[1A[1A[0G[?25l[+] Building 13.2s (15/28)                                 docker:desktop-linux
[36m => CACHED [deps 2/5] WORKDIR /app                                         0.0s
[0m[36m => CACHED [deps 3/5] COPY package.json package-lock.json* pnpm-lock.yaml  0.0s
[0m[36m => CACHED [deps 4/5] COPY prisma ./prisma                                 0.0s
[0m[36m => CACHED [deps 5/5] RUN   if [ -f package-lock.json ]; then     npm ci   0.0s
[0m[36m => CACHED [builder 2/5] COPY --from=deps /app/node_modules ./node_module  0.0s
[0m[36m => [builder 3/5] COPY . .                                                 0.7s
[0m[36m => [builder 4/5] RUN npx prisma generate                                  7.1s
[0m => [builder 5/5] RUN npm run build                                        3.9s
[?25h[1A[1A[1A[1A[1A[1A[1A[1A[1A[0G[?25l[+] Building 13.3s (15/28)                                 docker:desktop-linux
[36m => CACHED [deps 2/5] WORKDIR /app                                         0.0s
[0m[36m => CACHED [deps 3/5] COPY package.json package-lock.json* pnpm-lock.yaml  0.0s
[0m[36m => CACHED [deps 4/5] COPY prisma ./prisma                                 0.0s
[0m[36m => CACHED [deps 5/5] RUN   if [ -f package-lock.json ]; then     npm ci   0.0s
[0m[36m => CACHED [builder 2/5] COPY --from=deps /app/node_modules ./node_module  0.0s
[0m[36m => [builder 3/5] COPY . .                                                 0.7s
[0m[36m => [builder 4/5] RUN npx prisma generate                                  7.1s
[0m => [builder 5/5] RUN npm run build                                        3.9s
[?25h[1A[1A[1A[1A[1A[1A[1A[1A[1A[0G[?25l[+] Building 13.5s (15/28)                                 docker:desktop-linux
[36m => CACHED [deps 2/5] WORKDIR /app                                         0.0s
[0m[36m => CACHED [deps 3/5] COPY package.json package-lock.json* pnpm-lock.yaml  0.0s
[0m[36m => CACHED [deps 4/5] COPY prisma ./prisma                                 0.0s
[0m[36m => CACHED [deps 5/5] RUN   if [ -f package-lock.json ]; then     npm ci   0.0s
[0m[36m => CACHED [builder 2/5] COPY --from=deps /app/node_modules ./node_module  0.0s
[0m[36m => [builder 3/5] COPY . .                                                 0.7s
[0m[36m => [builder 4/5] RUN npx prisma generate                                  7.1s
[0m => [builder 5/5] RUN npm run build                                        4.1s
[?25h[1A[1A[1A[1A[1A[1A[1A[1A[1A[0G[?25l[+] Building 13.5s (15/28)                                 docker:desktop-linux
[36m => CACHED [deps 2/5] WORKDIR /app                                         0.0s
[0m[36m => CACHED [deps 3/5] COPY package.json package-lock.json* pnpm-lock.yaml  0.0s
[0m[36m => CACHED [deps 4/5] COPY prisma ./prisma                                 0.0s
[0m[36m => CACHED [deps 5/5] RUN   if [ -f package-lock.json ]; then     npm ci   0.0s
[0m[36m => CACHED [builder 2/5] COPY --from=deps /app/node_modules ./node_module  0.0s
[0m[36m => [builder 3/5] COPY . .                                                 0.7s
[0m[36m => [builder 4/5] RUN npx prisma generate                                  7.1s
[0m => [builder 5/5] RUN npm run build                                        4.2s
[?25h[1A[1A[1A[1A[1A[1A[1A[1A[1A[0G[?25l[+] Building 13.7s (15/28)                                 docker:desktop-linux
[36m => CACHED [deps 2/5] WORKDIR /app                                         0.0s
[0m[36m => CACHED [deps 3/5] COPY package.json package-lock.json* pnpm-lock.yaml  0.0s
[0m[36m => CACHED [deps 4/5] COPY prisma ./prisma                                 0.0s
[0m[36m => CACHED [deps 5/5] RUN   if [ -f package-lock.json ]; then     npm ci   0.0s
[0m[36m => CACHED [builder 2/5] COPY --from=deps /app/node_modules ./node_module  0.0s
[0m[36m => [builder 3/5] COPY . .                                                 0.7s
[0m[36m => [builder 4/5] RUN npx prisma generate                                  7.1s
[0m => [builder 5/5] RUN npm run build                                        4.3s
[?25h[1A[1A[1A[1A[1A[1A[1A[1A[1A[0G[?25l[+] Building 13.8s (15/28)                                 docker:desktop-linux
[36m => CACHED [deps 2/5] WORKDIR /app                                         0.0s
[0m[36m => CACHED [deps 3/5] COPY package.json package-lock.json* pnpm-lock.yaml  0.0s
[0m[36m => CACHED [deps 4/5] COPY prisma ./prisma                                 0.0s
[0m[36m => CACHED [deps 5/5] RUN   if [ -f package-lock.json ]; then     npm ci   0.0s
[0m[36m => CACHED [builder 2/5] COPY --from=deps /app/node_modules ./node_module  0.0s
[0m[36m => [builder 3/5] COPY . .                                                 0.7s
[0m[36m => [builder 4/5] RUN npx prisma generate                                  7.1s
[0m => [builder 5/5] RUN npm run build                                        4.5s
[?25h[1A[1A[1A[1A[1A[1A[1A[1A[1A[0G[?25l[+] Building 14.0s (15/28)                                 docker:desktop-linux
[36m => CACHED [deps 2/5] WORKDIR /app                                         0.0s
[0m[36m => CACHED [deps 3/5] COPY package.json package-lock.json* pnpm-lock.yaml  0.0s
[0m[36m => CACHED [deps 4/5] COPY prisma ./prisma                                 0.0s
[0m[36m => CACHED [deps 5/5] RUN   if [ -f package-lock.json ]; then     npm ci   0.0s
[0m[36m => CACHED [builder 2/5] COPY --from=deps /app/node_modules ./node_module  0.0s
[0m[36m => [builder 3/5] COPY . .                                                 0.7s
[0m[36m => [builder 4/5] RUN npx prisma generate                                  7.1s
[0m => [builder 5/5] RUN npm run build                                        4.6s
[?25h[1A[1A[1A[1A[1A[1A[1A[1A[1A[0G[?25l[+] Building 14.1s (15/28)                                 docker:desktop-linux
[36m => CACHED [deps 2/5] WORKDIR /app                                         0.0s
[0m[36m => CACHED [deps 3/5] COPY package.json package-lock.json* pnpm-lock.yaml  0.0s
[0m[36m => CACHED [deps 4/5] COPY prisma ./prisma                                 0.0s
[0m[36m => CACHED [deps 5/5] RUN   if [ -f package-lock.json ]; then     npm ci   0.0s
[0m[36m => CACHED [builder 2/5] COPY --from=deps /app/node_modules ./node_module  0.0s
[0m[36m => [builder 3/5] COPY . .                                                 0.7s
[0m[36m => [builder 4/5] RUN npx prisma generate                                  7.1s
[0m => [builder 5/5] RUN npm run build                                        4.8s
[?25h[1A[1A[1A[1A[1A[1A[1A[1A[1A[0G[?25l[+] Building 14.3s (15/28)                                 docker:desktop-linux
[36m => CACHED [deps 2/5] WORKDIR /app                                         0.0s
[0m[36m => CACHED [deps 3/5] COPY package.json package-lock.json* pnpm-lock.yaml  0.0s
[0m[36m => CACHED [deps 4/5] COPY prisma ./prisma                                 0.0s
[0m[36m => CACHED [deps 5/5] RUN   if [ -f package-lock.json ]; then     npm ci   0.0s
[0m[36m => CACHED [builder 2/5] COPY --from=deps /app/node_modules ./node_module  0.0s
[0m[36m => [builder 3/5] COPY . .                                                 0.7s
[0m[36m => [builder 4/5] RUN npx prisma generate                                  7.1s
[0m => [builder 5/5] RUN npm run build                                        4.9s
[?25h[1A[1A[1A[1A[1A[1A[1A[1A[1A[0G[?25l[+] Building 14.4s (15/28)                                 docker:desktop-linux
[36m => CACHED [deps 2/5] WORKDIR /app                                         0.0s
[0m[36m => CACHED [deps 3/5] COPY package.json package-lock.json* pnpm-lock.yaml  0.0s
[0m[36m => CACHED [deps 4/5] COPY prisma ./prisma                                 0.0s
[0m[36m => CACHED [deps 5/5] RUN   if [ -f package-lock.json ]; then     npm ci   0.0s
[0m[36m => CACHED [builder 2/5] COPY --from=deps /app/node_modules ./node_module  0.0s
[0m[36m => [builder 3/5] COPY . .                                                 0.7s
[0m[36m => [builder 4/5] RUN npx prisma generate                                  7.1s
[0m => [builder 5/5] RUN npm run build                                        5.1s
[?25h[1A[1A[1A[1A[1A[1A[1A[1A[1A[0G[?25l[+] Building 14.6s (15/28)                                 docker:desktop-linux
[36m => CACHED [deps 2/5] WORKDIR /app                                         0.0s
[0m[36m => CACHED [deps 3/5] COPY package.json package-lock.json* pnpm-lock.yaml  0.0s
[0m[36m => CACHED [deps 4/5] COPY prisma ./prisma                                 0.0s
[0m[36m => CACHED [deps 5/5] RUN   if [ -f package-lock.json ]; then     npm ci   0.0s
[0m[36m => CACHED [builder 2/5] COPY --from=deps /app/node_modules ./node_module  0.0s
[0m[36m => [builder 3/5] COPY . .                                                 0.7s
[0m[36m => [builder 4/5] RUN npx prisma generate                                  7.1s
[0m => [builder 5/5] RUN npm run build                                        5.2s
[?25h[1A[1A[1A[1A[1A[1A[1A[1A[1A[0G[?25l[+] Building 14.7s (15/28)                                 docker:desktop-linux
[36m => CACHED [deps 2/5] WORKDIR /app                                         0.0s
[0m[36m => CACHED [deps 3/5] COPY package.json package-lock.json* pnpm-lock.yaml  0.0s
[0m[36m => CACHED [deps 4/5] COPY prisma ./prisma                                 0.0s
[0m[36m => CACHED [deps 5/5] RUN   if [ -f package-lock.json ]; then     npm ci   0.0s
[0m[36m => CACHED [builder 2/5] COPY --from=deps /app/node_modules ./node_module  0.0s
[0m[36m => [builder 3/5] COPY . .                                                 0.7s
[0m[36m => [builder 4/5] RUN npx prisma generate                                  7.1s
[0m => [builder 5/5] RUN npm run build                                        5.4s
[?25h[1A[1A[1A[1A[1A[1A[1A[1A[1A[0G[?25l[+] Building 14.9s (15/28)                                 docker:desktop-linux
[36m => CACHED [deps 2/5] WORKDIR /app                                         0.0s
[0m[36m => CACHED [deps 3/5] COPY package.json package-lock.json* pnpm-lock.yaml  0.0s
[0m[36m => CACHED [deps 4/5] COPY prisma ./prisma                                 0.0s
[0m[36m => CACHED [deps 5/5] RUN   if [ -f package-lock.json ]; then     npm ci   0.0s
[0m[36m => CACHED [builder 2/5] COPY --from=deps /app/node_modules ./node_module  0.0s
[0m[36m => [builder 3/5] COPY . .                                                 0.7s
[0m[36m => [builder 4/5] RUN npx prisma generate                                  7.1s
[0m => [builder 5/5] RUN npm run build                                        5.5s
[?25h[1A[1A[1A[1A[1A[1A[1A[1A[1A[0G[?25l[+] Building 15.0s (15/28)                                 docker:desktop-linux
[36m => CACHED [deps 2/5] WORKDIR /app                                         0.0s
[0m[36m => CACHED [deps 3/5] COPY package.json package-lock.json* pnpm-lock.yaml  0.0s
[0m[36m => CACHED [deps 4/5] COPY prisma ./prisma                                 0.0s
[0m[36m => CACHED [deps 5/5] RUN   if [ -f package-lock.json ]; then     npm ci   0.0s
[0m[36m => CACHED [builder 2/5] COPY --from=deps /app/node_modules ./node_module  0.0s
[0m[36m => [builder 3/5] COPY . .                                                 0.7s
[0m[36m => [builder 4/5] RUN npx prisma generate                                  7.1s
[0m => [builder 5/5] RUN npm run build                                        5.7s
[?25h[1A[1A[1A[1A[1A[1A[1A[1A[1A[0G[?25l[+] Building 15.2s (15/28)                                 docker:desktop-linux
[36m => CACHED [deps 2/5] WORKDIR /app                                         0.0s
[0m[36m => CACHED [deps 3/5] COPY package.json package-lock.json* pnpm-lock.yaml  0.0s
[0m[36m => CACHED [deps 4/5] COPY prisma ./prisma                                 0.0s
[0m[36m => CACHED [deps 5/5] RUN   if [ -f package-lock.json ]; then     npm ci   0.0s
[0m[36m => CACHED [builder 2/5] COPY --from=deps /app/node_modules ./node_module  0.0s
[0m[36m => [builder 3/5] COPY . .                                                 0.7s
[0m[36m => [builder 4/5] RUN npx prisma generate                                  7.1s
[0m => [builder 5/5] RUN npm run build                                        5.8s
[?25h[1A[1A[1A[1A[1A[1A[1A[1A[1A[0G[?25l[+] Building 15.3s (15/28)                                 docker:desktop-linux
[36m => CACHED [deps 2/5] WORKDIR /app                                         0.0s
[0m[36m => CACHED [deps 3/5] COPY package.json package-lock.json* pnpm-lock.yaml  0.0s
[0m[36m => CACHED [deps 4/5] COPY prisma ./prisma                                 0.0s
[0m[36m => CACHED [deps 5/5] RUN   if [ -f package-lock.json ]; then     npm ci   0.0s
[0m[36m => CACHED [builder 2/5] COPY --from=deps /app/node_modules ./node_module  0.0s
[0m[36m => [builder 3/5] COPY . .                                                 0.7s
[0m[36m => [builder 4/5] RUN npx prisma generate                                  7.1s
[0m => [builder 5/5] RUN npm run build                                        6.0s
[?25h[1A[1A[1A[1A[1A[1A[1A[1A[1A[0G[?25l[+] Building 15.5s (15/28)                                 docker:desktop-linux
[36m => CACHED [deps 2/5] WORKDIR /app                                         0.0s
[0m[36m => CACHED [deps 3/5] COPY package.json package-lock.json* pnpm-lock.yaml  0.0s
[0m[36m => CACHED [deps 4/5] COPY prisma ./prisma                                 0.0s
[0m[36m => CACHED [deps 5/5] RUN   if [ -f package-lock.json ]; then     npm ci   0.0s
[0m[36m => CACHED [builder 2/5] COPY --from=deps /app/node_modules ./node_module  0.0s
[0m[36m => [builder 3/5] COPY . .                                                 0.7s
[0m[36m => [builder 4/5] RUN npx prisma generate                                  7.1s
[0m => [builder 5/5] RUN npm run build                                        6.1s
[?25h[1A[1A[1A[1A[1A[1A[1A[1A[1A[0G[?25l[+] Building 15.6s (15/28)                                 docker:desktop-linux
[36m => CACHED [deps 2/5] WORKDIR /app                                         0.0s
[0m[36m => CACHED [deps 3/5] COPY package.json package-lock.json* pnpm-lock.yaml  0.0s
[0m[36m => CACHED [deps 4/5] COPY prisma ./prisma                                 0.0s
[0m[36m => CACHED [deps 5/5] RUN   if [ -f package-lock.json ]; then     npm ci   0.0s
[0m[36m => CACHED [builder 2/5] COPY --from=deps /app/node_modules ./node_module  0.0s
[0m[36m => [builder 3/5] COPY . .                                                 0.7s
[0m[36m => [builder 4/5] RUN npx prisma generate                                  7.1s
[0m => [builder 5/5] RUN npm run build                                        6.3s
[?25h[1A[1A[1A[1A[1A[1A[1A[1A[1A[0G[?25l[+] Building 15.8s (15/28)                                 docker:desktop-linux
[36m => CACHED [deps 2/5] WORKDIR /app                                         0.0s
[0m[36m => CACHED [deps 3/5] COPY package.json package-lock.json* pnpm-lock.yaml  0.0s
[0m[36m => CACHED [deps 4/5] COPY prisma ./prisma                                 0.0s
[0m[36m => CACHED [deps 5/5] RUN   if [ -f package-lock.json ]; then     npm ci   0.0s
[0m[36m => CACHED [builder 2/5] COPY --from=deps /app/node_modules ./node_module  0.0s
[0m[36m => [builder 3/5] COPY . .                                                 0.7s
[0m[36m => [builder 4/5] RUN npx prisma generate                                  7.1s
[0m => [builder 5/5] RUN npm run build                                        6.4s
[?25h[1A[1A[1A[1A[1A[1A[1A[1A[1A[0G[?25l[+] Building 15.9s (15/28)                                 docker:desktop-linux
[36m => CACHED [deps 2/5] WORKDIR /app                                         0.0s
[0m[36m => CACHED [deps 3/5] COPY package.json package-lock.json* pnpm-lock.yaml  0.0s
[0m[36m => CACHED [deps 4/5] COPY prisma ./prisma                                 0.0s
[0m[36m => CACHED [deps 5/5] RUN   if [ -f package-lock.json ]; then     npm ci   0.0s
[0m[36m => CACHED [builder 2/5] COPY --from=deps /app/node_modules ./node_module  0.0s
[0m[36m => [builder 3/5] COPY . .                                                 0.7s
[0m[36m => [builder 4/5] RUN npx prisma generate                                  7.1s
[0m => [builder 5/5] RUN npm run build                                        6.6s
[?25h[1A[1A[1A[1A[1A[1A[1A[1A[1A[0G[?25l[+] Building 16.1s (15/28)                                 docker:desktop-linux
[36m => CACHED [deps 2/5] WORKDIR /app                                         0.0s
[0m[36m => CACHED [deps 3/5] COPY package.json package-lock.json* pnpm-lock.yaml  0.0s
[0m[36m => CACHED [deps 4/5] COPY prisma ./prisma                                 0.0s
[0m[36m => CACHED [deps 5/5] RUN   if [ -f package-lock.json ]; then     npm ci   0.0s
[0m[36m => CACHED [builder 2/5] COPY --from=deps /app/node_modules ./node_module  0.0s
[0m[36m => [builder 3/5] COPY . .                                                 0.7s
[0m[36m => [builder 4/5] RUN npx prisma generate                                  7.1s
[0m => [builder 5/5] RUN npm run build                                        6.7s
[?25h[1A[1A[1A[1A[1A[1A[1A[1A[1A[0G[?25l[+] Building 16.2s (15/28)                                 docker:desktop-linux
[36m => CACHED [deps 2/5] WORKDIR /app                                         0.0s
[0m[36m => CACHED [deps 3/5] COPY package.json package-lock.json* pnpm-lock.yaml  0.0s
[0m[36m => CACHED [deps 4/5] COPY prisma ./prisma                                 0.0s
[0m[36m => CACHED [deps 5/5] RUN   if [ -f package-lock.json ]; then     npm ci   0.0s
[0m[36m => CACHED [builder 2/5] COPY --from=deps /app/node_modules ./node_module  0.0s
[0m[36m => [builder 3/5] COPY . .                                                 0.7s
[0m[36m => [builder 4/5] RUN npx prisma generate                                  7.1s
[0m => [builder 5/5] RUN npm run build                                        6.9s
[?25h[1A[1A[1A[1A[1A[1A[1A[1A[1A[0G[?25l[+] Building 16.4s (15/28)                                 docker:desktop-linux
[36m => CACHED [deps 2/5] WORKDIR /app                                         0.0s
[0m[36m => CACHED [deps 3/5] COPY package.json package-lock.json* pnpm-lock.yaml  0.0s
[0m[36m => CACHED [deps 4/5] COPY prisma ./prisma                                 0.0s
[0m[36m => CACHED [deps 5/5] RUN   if [ -f package-lock.json ]; then     npm ci   0.0s
[0m[36m => CACHED [builder 2/5] COPY --from=deps /app/node_modules ./node_module  0.0s
[0m[36m => [builder 3/5] COPY . .                                                 0.7s
[0m[36m => [builder 4/5] RUN npx prisma generate                                  7.1s
[0m => [builder 5/5] RUN npm run build                                        7.0s
[?25h[1A[1A[1A[1A[1A[1A[1A[1A[1A[0G[?25l[+] Building 16.5s (15/28)                                 docker:desktop-linux
[36m => CACHED [deps 2/5] WORKDIR /app                                         0.0s
[0m[36m => CACHED [deps 3/5] COPY package.json package-lock.json* pnpm-lock.yaml  0.0s
[0m[36m => CACHED [deps 4/5] COPY prisma ./prisma                                 0.0s
[0m[36m => CACHED [deps 5/5] RUN   if [ -f package-lock.json ]; then     npm ci   0.0s
[0m[36m => CACHED [builder 2/5] COPY --from=deps /app/node_modules ./node_module  0.0s
[0m[36m => [builder 3/5] COPY . .                                                 0.7s
[0m[36m => [builder 4/5] RUN npx prisma generate                                  7.1s
[0m => [builder 5/5] RUN npm run build                                        7.2s
[?25h[1A[1A[1A[1A[1A[1A[1A[1A[1A[0G[?25l[+] Building 16.7s (15/28)                                 docker:desktop-linux
[36m => CACHED [deps 2/5] WORKDIR /app                                         0.0s
[0m[36m => CACHED [deps 3/5] COPY package.json package-lock.json* pnpm-lock.yaml  0.0s
[0m[36m => CACHED [deps 4/5] COPY prisma ./prisma                                 0.0s
[0m[36m => CACHED [deps 5/5] RUN   if [ -f package-lock.json ]; then     npm ci   0.0s
[0m[36m => CACHED [builder 2/5] COPY --from=deps /app/node_modules ./node_module  0.0s
[0m[36m => [builder 3/5] COPY . .                                                 0.7s
[0m[36m => [builder 4/5] RUN npx prisma generate                                  7.1s
[0m => [builder 5/5] RUN npm run build                                        7.3s
[?25h[1A[1A[1A[1A[1A[1A[1A[1A[1A[0G[?25l[+] Building 16.8s (15/28)                                 docker:desktop-linux
[36m => CACHED [deps 2/5] WORKDIR /app                                         0.0s
[0m[36m => CACHED [deps 3/5] COPY package.json package-lock.json* pnpm-lock.yaml  0.0s
[0m[36m => CACHED [deps 4/5] COPY prisma ./prisma                                 0.0s
[0m[36m => CACHED [deps 5/5] RUN   if [ -f package-lock.json ]; then     npm ci   0.0s
[0m[36m => CACHED [builder 2/5] COPY --from=deps /app/node_modules ./node_module  0.0s
[0m[36m => [builder 3/5] COPY . .                                                 0.7s
[0m[36m => [builder 4/5] RUN npx prisma generate                                  7.1s
[0m => [builder 5/5] RUN npm run build                                        7.5s
[?25h[1A[1A[1A[1A[1A[1A[1A[1A[1A[0G[?25l[+] Building 17.0s (15/28)                                 docker:desktop-linux
[36m => CACHED [deps 2/5] WORKDIR /app                                         0.0s
[0m[36m => CACHED [deps 3/5] COPY package.json package-lock.json* pnpm-lock.yaml  0.0s
[0m[36m => CACHED [deps 4/5] COPY prisma ./prisma                                 0.0s
[0m[36m => CACHED [deps 5/5] RUN   if [ -f package-lock.json ]; then     npm ci   0.0s
[0m[36m => CACHED [builder 2/5] COPY --from=deps /app/node_modules ./node_module  0.0s
[0m[36m => [builder 3/5] COPY . .                                                 0.7s
[0m[36m => [builder 4/5] RUN npx prisma generate                                  7.1s
[0m => [builder 5/5] RUN npm run build                                        7.6s
[?25h[1A[1A[1A[1A[1A[1A[1A[1A[1A[0G[?25l[+] Building 17.1s (15/28)                                 docker:desktop-linux
[36m => CACHED [deps 2/5] WORKDIR /app                                         0.0s
[0m[36m => CACHED [deps 3/5] COPY package.json package-lock.json* pnpm-lock.yaml  0.0s
[0m[36m => CACHED [deps 4/5] COPY prisma ./prisma                                 0.0s
[0m[36m => CACHED [deps 5/5] RUN   if [ -f package-lock.json ]; then     npm ci   0.0s
[0m[36m => CACHED [builder 2/5] COPY --from=deps /app/node_modules ./node_module  0.0s
[0m[36m => [builder 3/5] COPY . .                                                 0.7s
[0m[36m => [builder 4/5] RUN npx prisma generate                                  7.1s
[0m => [builder 5/5] RUN npm run build                                        7.8s
[?25h[1A[1A[1A[1A[1A[1A[1A[1A[1A[0G[?25l[+] Building 17.3s (15/28)                                 docker:desktop-linux
[36m => CACHED [deps 2/5] WORKDIR /app                                         0.0s
[0m[36m => CACHED [deps 3/5] COPY package.json package-lock.json* pnpm-lock.yaml  0.0s
[0m[36m => CACHED [deps 4/5] COPY prisma ./prisma                                 0.0s
[0m[36m => CACHED [deps 5/5] RUN   if [ -f package-lock.json ]; then     npm ci   0.0s
[0m[36m => CACHED [builder 2/5] COPY --from=deps /app/node_modules ./node_module  0.0s
[0m[36m => [builder 3/5] COPY . .                                                 0.7s
[0m[36m => [builder 4/5] RUN npx prisma generate                                  7.1s
[0m => [builder 5/5] RUN npm run build                                        7.9s
[?25h[1A[1A[1A[1A[1A[1A[1A[1A[1A[0G[?25l[+] Building 17.4s (15/28)                                 docker:desktop-linux
[36m => CACHED [deps 2/5] WORKDIR /app                                         0.0s
[0m[36m => CACHED [deps 3/5] COPY package.json package-lock.json* pnpm-lock.yaml  0.0s
[0m[36m => CACHED [deps 4/5] COPY prisma ./prisma                                 0.0s
[0m[36m => CACHED [deps 5/5] RUN   if [ -f package-lock.json ]; then     npm ci   0.0s
[0m[36m => CACHED [builder 2/5] COPY --from=deps /app/node_modules ./node_module  0.0s
[0m[36m => [builder 3/5] COPY . .                                                 0.7s
[0m[36m => [builder 4/5] RUN npx prisma generate                                  7.1s
[0m => [builder 5/5] RUN npm run build                                        8.1s
[?25h[1A[1A[1A[1A[1A[1A[1A[1A[1A[0G[?25l[+] Building 17.6s (15/28)                                 docker:desktop-linux
[36m => CACHED [deps 2/5] WORKDIR /app                                         0.0s
[0m[36m => CACHED [deps 3/5] COPY package.json package-lock.json* pnpm-lock.yaml  0.0s
[0m[36m => CACHED [deps 4/5] COPY prisma ./prisma                                 0.0s
[0m[36m => CACHED [deps 5/5] RUN   if [ -f package-lock.json ]; then     npm ci   0.0s
[0m[36m => CACHED [builder 2/5] COPY --from=deps /app/node_modules ./node_module  0.0s
[0m[36m => [builder 3/5] COPY . .                                                 0.7s
[0m[36m => [builder 4/5] RUN npx prisma generate                                  7.1s
[0m => [builder 5/5] RUN npm run build                                        8.2s
[?25h[1A[1A[1A[1A[1A[1A[1A[1A[1A[0G[?25l[+] Building 17.7s (15/28)                                 docker:desktop-linux
[36m => CACHED [deps 2/5] WORKDIR /app                                         0.0s
[0m[36m => CACHED [deps 3/5] COPY package.json package-lock.json* pnpm-lock.yaml  0.0s
[0m[36m => CACHED [deps 4/5] COPY prisma ./prisma                                 0.0s
[0m[36m => CACHED [deps 5/5] RUN   if [ -f package-lock.json ]; then     npm ci   0.0s
[0m[36m => CACHED [builder 2/5] COPY --from=deps /app/node_modules ./node_module  0.0s
[0m[36m => [builder 3/5] COPY . .                                                 0.7s
[0m[36m => [builder 4/5] RUN npx prisma generate                                  7.1s
[0m => [builder 5/5] RUN npm run build                                        8.4s
[?25h[1A[1A[1A[1A[1A[1A[1A[1A[1A[0G[?25l[+] Building 17.9s (15/28)                                 docker:desktop-linux
[36m => CACHED [deps 2/5] WORKDIR /app                                         0.0s
[0m[36m => CACHED [deps 3/5] COPY package.json package-lock.json* pnpm-lock.yaml  0.0s
[0m[36m => CACHED [deps 4/5] COPY prisma ./prisma                                 0.0s
[0m[36m => CACHED [deps 5/5] RUN   if [ -f package-lock.json ]; then     npm ci   0.0s
[0m[36m => CACHED [builder 2/5] COPY --from=deps /app/node_modules ./node_module  0.0s
[0m[36m => [builder 3/5] COPY . .                                                 0.7s
[0m[36m => [builder 4/5] RUN npx prisma generate                                  7.1s
[0m => [builder 5/5] RUN npm run build                                        8.5s
[?25h[1A[1A[1A[1A[1A[1A[1A[1A[1A[0G[?25l[+] Building 18.0s (15/28)                                 docker:desktop-linux
[36m => CACHED [deps 2/5] WORKDIR /app                                         0.0s
[0m[36m => CACHED [deps 3/5] COPY package.json package-lock.json* pnpm-lock.yaml  0.0s
[0m[36m => CACHED [deps 4/5] COPY prisma ./prisma                                 0.0s
[0m[36m => CACHED [deps 5/5] RUN   if [ -f package-lock.json ]; then     npm ci   0.0s
[0m[36m => CACHED [builder 2/5] COPY --from=deps /app/node_modules ./node_module  0.0s
[0m[36m => [builder 3/5] COPY . .                                                 0.7s
[0m[36m => [builder 4/5] RUN npx prisma generate                                  7.1s
[0m => [builder 5/5] RUN npm run build                                        8.7s
[?25h[1A[1A[1A[1A[1A[1A[1A[1A[1A[0G[?25l[+] Building 18.2s (15/28)                                 docker:desktop-linux
[36m => CACHED [deps 2/5] WORKDIR /app                                         0.0s
[0m[36m => CACHED [deps 3/5] COPY package.json package-lock.json* pnpm-lock.yaml  0.0s
[0m[36m => CACHED [deps 4/5] COPY prisma ./prisma                                 0.0s
[0m[36m => CACHED [deps 5/5] RUN   if [ -f package-lock.json ]; then     npm ci   0.0s
[0m[36m => CACHED [builder 2/5] COPY --from=deps /app/node_modules ./node_module  0.0s
[0m[36m => [builder 3/5] COPY . .                                                 0.7s
[0m[36m => [builder 4/5] RUN npx prisma generate                                  7.1s
[0m => [builder 5/5] RUN npm run build                                        8.8s
[?25h[1A[1A[1A[1A[1A[1A[1A[1A[1A[0G[?25l[+] Building 18.3s (15/28)                                 docker:desktop-linux
[36m => CACHED [deps 2/5] WORKDIR /app                                         0.0s
[0m[36m => CACHED [deps 3/5] COPY package.json package-lock.json* pnpm-lock.yaml  0.0s
[0m[36m => CACHED [deps 4/5] COPY prisma ./prisma                                 0.0s
[0m[36m => CACHED [deps 5/5] RUN   if [ -f package-lock.json ]; then     npm ci   0.0s
[0m[36m => CACHED [builder 2/5] COPY --from=deps /app/node_modules ./node_module  0.0s
[0m[36m => [builder 3/5] COPY . .                                                 0.7s
[0m[36m => [builder 4/5] RUN npx prisma generate                                  7.1s
[0m => [builder 5/5] RUN npm run build                                        9.0s
[?25h[1A[1A[1A[1A[1A[1A[1A[1A[1A[0G[?25l[+] Building 18.5s (15/28)                                 docker:desktop-linux
[36m => CACHED [deps 2/5] WORKDIR /app                                         0.0s
[0m[36m => CACHED [deps 3/5] COPY package.json package-lock.json* pnpm-lock.yaml  0.0s
[0m[36m => CACHED [deps 4/5] COPY prisma ./prisma                                 0.0s
[0m[36m => CACHED [deps 5/5] RUN   if [ -f package-lock.json ]; then     npm ci   0.0s
[0m[36m => CACHED [builder 2/5] COPY --from=deps /app/node_modules ./node_module  0.0s
[0m[36m => [builder 3/5] COPY . .                                                 0.7s
[0m[36m => [builder 4/5] RUN npx prisma generate                                  7.1s
[0m => [builder 5/5] RUN npm run build                                        9.1s
[?25h[1A[1A[1A[1A[1A[1A[1A[1A[1A[0G[?25l[+] Building 18.6s (15/28)                                 docker:desktop-linux
[36m => CACHED [deps 2/5] WORKDIR /app                                         0.0s
[0m[36m => CACHED [deps 3/5] COPY package.json package-lock.json* pnpm-lock.yaml  0.0s
[0m[36m => CACHED [deps 4/5] COPY prisma ./prisma                                 0.0s
[0m[36m => CACHED [deps 5/5] RUN   if [ -f package-lock.json ]; then     npm ci   0.0s
[0m[36m => CACHED [builder 2/5] COPY --from=deps /app/node_modules ./node_module  0.0s
[0m[36m => [builder 3/5] COPY . .                                                 0.7s
[0m[36m => [builder 4/5] RUN npx prisma generate                                  7.1s
[0m => [builder 5/5] RUN npm run build                                        9.3s
[?25h[1A[1A[1A[1A[1A[1A[1A[1A[1A[0G[?25l[+] Building 18.8s (15/28)                                 docker:desktop-linux
[36m => CACHED [deps 2/5] WORKDIR /app                                         0.0s
[0m[36m => CACHED [deps 3/5] COPY package.json package-lock.json* pnpm-lock.yaml  0.0s
[0m[36m => CACHED [deps 4/5] COPY prisma ./prisma                                 0.0s
[0m[36m => CACHED [deps 5/5] RUN   if [ -f package-lock.json ]; then     npm ci   0.0s
[0m[36m => CACHED [builder 2/5] COPY --from=deps /app/node_modules ./node_module  0.0s
[0m[36m => [builder 3/5] COPY . .                                                 0.7s
[0m[36m => [builder 4/5] RUN npx prisma generate                                  7.1s
[0m => [builder 5/5] RUN npm run build                                        9.4s
[?25h[1A[1A[1A[1A[1A[1A[1A[1A[1A[0G[?25l[+] Building 18.9s (15/28)                                 docker:desktop-linux
[36m => CACHED [deps 2/5] WORKDIR /app                                         0.0s
[0m[36m => CACHED [deps 3/5] COPY package.json package-lock.json* pnpm-lock.yaml  0.0s
[0m[36m => CACHED [deps 4/5] COPY prisma ./prisma                                 0.0s
[0m[36m => CACHED [deps 5/5] RUN   if [ -f package-lock.json ]; then     npm ci   0.0s
[0m[36m => CACHED [builder 2/5] COPY --from=deps /app/node_modules ./node_module  0.0s
[0m[36m => [builder 3/5] COPY . .                                                 0.7s
[0m[36m => [builder 4/5] RUN npx prisma generate                                  7.1s
[0m => [builder 5/5] RUN npm run build                                        9.6s
[?25h[1A[1A[1A[1A[1A[1A[1A[1A[1A[0G[?25l[+] Building 19.1s (15/28)                                 docker:desktop-linux
[36m => CACHED [deps 2/5] WORKDIR /app                                         0.0s
[0m[36m => CACHED [deps 3/5] COPY package.json package-lock.json* pnpm-lock.yaml  0.0s
[0m[36m => CACHED [deps 4/5] COPY prisma ./prisma                                 0.0s
[0m[36m => CACHED [deps 5/5] RUN   if [ -f package-lock.json ]; then     npm ci   0.0s
[0m[36m => CACHED [builder 2/5] COPY --from=deps /app/node_modules ./node_module  0.0s
[0m[36m => [builder 3/5] COPY . .                                                 0.7s
[0m[36m => [builder 4/5] RUN npx prisma generate                                  7.1s
[0m => [builder 5/5] RUN npm run build                                        9.7s
[?25h[1A[1A[1A[1A[1A[1A[1A[1A[1A[0G[?25l[+] Building 19.2s (15/28)                                 docker:desktop-linux
[36m => CACHED [deps 2/5] WORKDIR /app                                         0.0s
[0m[36m => CACHED [deps 3/5] COPY package.json package-lock.json* pnpm-lock.yaml  0.0s
[0m[36m => CACHED [deps 4/5] COPY prisma ./prisma                                 0.0s
[0m[36m => CACHED [deps 5/5] RUN   if [ -f package-lock.json ]; then     npm ci   0.0s
[0m[36m => CACHED [builder 2/5] COPY --from=deps /app/node_modules ./node_module  0.0s
[0m[36m => [builder 3/5] COPY . .                                                 0.7s
[0m[36m => [builder 4/5] RUN npx prisma generate                                  7.1s
[0m => [builder 5/5] RUN npm run build                                        9.9s
[?25h[1A[1A[1A[1A[1A[1A[1A[1A[1A[0G[?25l[+] Building 19.4s (15/28)                                 docker:desktop-linux
[36m => CACHED [deps 2/5] WORKDIR /app                                         0.0s
[0m[36m => CACHED [deps 3/5] COPY package.json package-lock.json* pnpm-lock.yaml  0.0s
[0m[36m => CACHED [deps 4/5] COPY prisma ./prisma                                 0.0s
[0m[36m => CACHED [deps 5/5] RUN   if [ -f package-lock.json ]; then     npm ci   0.0s
[0m[36m => CACHED [builder 2/5] COPY --from=deps /app/node_modules ./node_module  0.0s
[0m[36m => [builder 3/5] COPY . .                                                 0.7s
[0m[36m => [builder 4/5] RUN npx prisma generate                                  7.1s
[0m => [builder 5/5] RUN npm run build                                       10.0s
[?25h[1A[1A[1A[1A[1A[1A[1A[1A[1A[0G[?25l[+] Building 19.5s (15/28)                                 docker:desktop-linux
[36m => CACHED [deps 2/5] WORKDIR /app                                         0.0s
[0m[36m => CACHED [deps 3/5] COPY package.json package-lock.json* pnpm-lock.yaml  0.0s
[0m[36m => CACHED [deps 4/5] COPY prisma ./prisma                                 0.0s
[0m[36m => CACHED [deps 5/5] RUN   if [ -f package-lock.json ]; then     npm ci   0.0s
[0m[36m => CACHED [builder 2/5] COPY --from=deps /app/node_modules ./node_module  0.0s
[0m[36m => [builder 3/5] COPY . .                                                 0.7s
[0m[36m => [builder 4/5] RUN npx prisma generate                                  7.1s
[0m => [builder 5/5] RUN npm run build                                       10.2s
[?25h[1A[1A[1A[1A[1A[1A[1A[1A[1A[0G[?25l[+] Building 19.7s (15/28)                                 docker:desktop-linux
[36m => CACHED [deps 2/5] WORKDIR /app                                         0.0s
[0m[36m => CACHED [deps 3/5] COPY package.json package-lock.json* pnpm-lock.yaml  0.0s
[0m[36m => CACHED [deps 4/5] COPY prisma ./prisma                                 0.0s
[0m[36m => CACHED [deps 5/5] RUN   if [ -f package-lock.json ]; then     npm ci   0.0s
[0m[36m => CACHED [builder 2/5] COPY --from=deps /app/node_modules ./node_module  0.0s
[0m[36m => [builder 3/5] COPY . .                                                 0.7s
[0m[36m => [builder 4/5] RUN npx prisma generate                                  7.1s
[0m => [builder 5/5] RUN npm run build                                       10.3s
[?25h[1A[1A[1A[1A[1A[1A[1A[1A[1A[0G[?25l[+] Building 19.8s (15/28)                                 docker:desktop-linux
[36m => CACHED [deps 2/5] WORKDIR /app                                         0.0s
[0m[36m => CACHED [deps 3/5] COPY package.json package-lock.json* pnpm-lock.yaml  0.0s
[0m[36m => CACHED [deps 4/5] COPY prisma ./prisma                                 0.0s
[0m[36m => CACHED [deps 5/5] RUN   if [ -f package-lock.json ]; then     npm ci   0.0s
[0m[36m => CACHED [builder 2/5] COPY --from=deps /app/node_modules ./node_module  0.0s
[0m[36m => [builder 3/5] COPY . .                                                 0.7s
[0m[36m => [builder 4/5] RUN npx prisma generate                                  7.1s
[0m => [builder 5/5] RUN npm run build                                       10.5s
[?25h[1A[1A[1A[1A[1A[1A[1A[1A[1A[0G[?25l[+] Building 20.0s (15/28)                                 docker:desktop-linux
[36m => CACHED [deps 2/5] WORKDIR /app                                         0.0s
[0m[36m => CACHED [deps 3/5] COPY package.json package-lock.json* pnpm-lock.yaml  0.0s
[0m[36m => CACHED [deps 4/5] COPY prisma ./prisma                                 0.0s
[0m[36m => CACHED [deps 5/5] RUN   if [ -f package-lock.json ]; then     npm ci   0.0s
[0m[36m => CACHED [builder 2/5] COPY --from=deps /app/node_modules ./node_module  0.0s
[0m[36m => [builder 3/5] COPY . .                                                 0.7s
[0m[36m => [builder 4/5] RUN npx prisma generate                                  7.1s
[0m => [builder 5/5] RUN npm run build                                       10.6s
[?25h[1A[1A[1A[1A[1A[1A[1A[1A[1A[0G[?25l[+] Building 20.1s (15/28)                                 docker:desktop-linux
[36m => CACHED [deps 2/5] WORKDIR /app                                         0.0s
[0m[36m => CACHED [deps 3/5] COPY package.json package-lock.json* pnpm-lock.yaml  0.0s
[0m[36m => CACHED [deps 4/5] COPY prisma ./prisma                                 0.0s
[0m[36m => CACHED [deps 5/5] RUN   if [ -f package-lock.json ]; then     npm ci   0.0s
[0m[36m => CACHED [builder 2/5] COPY --from=deps /app/node_modules ./node_module  0.0s
[0m[36m => [builder 3/5] COPY . .                                                 0.7s
[0m[36m => [builder 4/5] RUN npx prisma generate                                  7.1s
[0m => [builder 5/5] RUN npm run build                                       10.8s
[?25h[1A[1A[1A[1A[1A[1A[1A[1A[1A[0G[?25l[+] Building 20.3s (15/28)                                 docker:desktop-linux
[36m => CACHED [deps 2/5] WORKDIR /app                                         0.0s
[0m[36m => CACHED [deps 3/5] COPY package.json package-lock.json* pnpm-lock.yaml  0.0s
[0m[36m => CACHED [deps 4/5] COPY prisma ./prisma                                 0.0s
[0m[36m => CACHED [deps 5/5] RUN   if [ -f package-lock.json ]; then     npm ci   0.0s
[0m[36m => CACHED [builder 2/5] COPY --from=deps /app/node_modules ./node_module  0.0s
[0m[36m => [builder 3/5] COPY . .                                                 0.7s
[0m[36m => [builder 4/5] RUN npx prisma generate                                  7.1s
[0m => [builder 5/5] RUN npm run build                                       10.9s
[?25h[1A[1A[1A[1A[1A[1A[1A[1A[1A[0G[?25l[+] Building 20.4s (15/28)                                 docker:desktop-linux
[36m => CACHED [deps 2/5] WORKDIR /app                                         0.0s
[0m[36m => CACHED [deps 3/5] COPY package.json package-lock.json* pnpm-lock.yaml  0.0s
[0m[36m => CACHED [deps 4/5] COPY prisma ./prisma                                 0.0s
[0m[36m => CACHED [deps 5/5] RUN   if [ -f package-lock.json ]; then     npm ci   0.0s
[0m[36m => CACHED [builder 2/5] COPY --from=deps /app/node_modules ./node_module  0.0s
[0m[36m => [builder 3/5] COPY . .                                                 0.7s
[0m[36m => [builder 4/5] RUN npx prisma generate                                  7.1s
[0m => [builder 5/5] RUN npm run build                                       11.1s
[?25h[1A[1A[1A[1A[1A[1A[1A[1A[1A[0G[?25l[+] Building 20.6s (15/28)                                 docker:desktop-linux
[36m => CACHED [deps 2/5] WORKDIR /app                                         0.0s
[0m[36m => CACHED [deps 3/5] COPY package.json package-lock.json* pnpm-lock.yaml  0.0s
[0m[36m => CACHED [deps 4/5] COPY prisma ./prisma                                 0.0s
[0m[36m => CACHED [deps 5/5] RUN   if [ -f package-lock.json ]; then     npm ci   0.0s
[0m[36m => CACHED [builder 2/5] COPY --from=deps /app/node_modules ./node_module  0.0s
[0m[36m => [builder 3/5] COPY . .                                                 0.7s
[0m[36m => [builder 4/5] RUN npx prisma generate                                  7.1s
[0m => [builder 5/5] RUN npm run build                                       11.2s
[?25h[1A[1A[1A[1A[1A[1A[1A[1A[1A[0G[?25l[+] Building 20.7s (15/28)                                 docker:desktop-linux
[36m => CACHED [deps 2/5] WORKDIR /app                                         0.0s
[0m[36m => CACHED [deps 3/5] COPY package.json package-lock.json* pnpm-lock.yaml  0.0s
[0m[36m => CACHED [deps 4/5] COPY prisma ./prisma                                 0.0s
[0m[36m => CACHED [deps 5/5] RUN   if [ -f package-lock.json ]; then     npm ci   0.0s
[0m[36m => CACHED [builder 2/5] COPY --from=deps /app/node_modules ./node_module  0.0s
[0m[36m => [builder 3/5] COPY . .                                                 0.7s
[0m[36m => [builder 4/5] RUN npx prisma generate                                  7.1s
[0m => [builder 5/5] RUN npm run build                                       11.4s
[?25h[1A[1A[1A[1A[1A[1A[1A[1A[1A[0G[?25l[+] Building 20.9s (15/28)                                 docker:desktop-linux
[36m => CACHED [deps 2/5] WORKDIR /app                                         0.0s
[0m[36m => CACHED [deps 3/5] COPY package.json package-lock.json* pnpm-lock.yaml  0.0s
[0m[36m => CACHED [deps 4/5] COPY prisma ./prisma                                 0.0s
[0m[36m => CACHED [deps 5/5] RUN   if [ -f package-lock.json ]; then     npm ci   0.0s
[0m[36m => CACHED [builder 2/5] COPY --from=deps /app/node_modules ./node_module  0.0s
[0m[36m => [builder 3/5] COPY . .                                                 0.7s
[0m[36m => [builder 4/5] RUN npx prisma generate                                  7.1s
[0m => [builder 5/5] RUN npm run build                                       11.5s
[?25h[1A[1A[1A[1A[1A[1A[1A[1A[1A[0G[?25l[+] Building 21.0s (15/28)                                 docker:desktop-linux
[36m => CACHED [deps 2/5] WORKDIR /app                                         0.0s
[0m[36m => CACHED [deps 3/5] COPY package.json package-lock.json* pnpm-lock.yaml  0.0s
[0m[36m => CACHED [deps 4/5] COPY prisma ./prisma                                 0.0s
[0m[36m => CACHED [deps 5/5] RUN   if [ -f package-lock.json ]; then     npm ci   0.0s
[0m[36m => CACHED [builder 2/5] COPY --from=deps /app/node_modules ./node_module  0.0s
[0m[36m => [builder 3/5] COPY . .                                                 0.7s
[0m[36m => [builder 4/5] RUN npx prisma generate                                  7.1s
[0m => [builder 5/5] RUN npm run build                                       11.7s
[?25h[1A[1A[1A[1A[1A[1A[1A[1A[1A[0G[?25l[+] Building 21.2s (15/28)                                 docker:desktop-linux
[36m => CACHED [deps 2/5] WORKDIR /app                                         0.0s
[0m[36m => CACHED [deps 3/5] COPY package.json package-lock.json* pnpm-lock.yaml  0.0s
[0m[36m => CACHED [deps 4/5] COPY prisma ./prisma                                 0.0s
[0m[36m => CACHED [deps 5/5] RUN   if [ -f package-lock.json ]; then     npm ci   0.0s
[0m[36m => CACHED [builder 2/5] COPY --from=deps /app/node_modules ./node_module  0.0s
[0m[36m => [builder 3/5] COPY . .                                                 0.7s
[0m[36m => [builder 4/5] RUN npx prisma generate                                  7.1s
[0m => [builder 5/5] RUN npm run build                                       11.8s
[?25h[1A[1A[1A[1A[1A[1A[1A[1A[1A[0G[?25l[+] Building 21.3s (15/28)                                 docker:desktop-linux
[36m => CACHED [deps 2/5] WORKDIR /app                                         0.0s
[0m[36m => CACHED [deps 3/5] COPY package.json package-lock.json* pnpm-lock.yaml  0.0s
[0m[36m => CACHED [deps 4/5] COPY prisma ./prisma                                 0.0s
[0m[36m => CACHED [deps 5/5] RUN   if [ -f package-lock.json ]; then     npm ci   0.0s
[0m[36m => CACHED [builder 2/5] COPY --from=deps /app/node_modules ./node_module  0.0s
[0m[36m => [builder 3/5] COPY . .                                                 0.7s
[0m[36m => [builder 4/5] RUN npx prisma generate                                  7.1s
[0m => [builder 5/5] RUN npm run build                                       12.0s
[?25h[1A[1A[1A[1A[1A[1A[1A[1A[1A[0G[?25l[+] Building 21.5s (15/28)                                 docker:desktop-linux
[36m => CACHED [deps 2/5] WORKDIR /app                                         0.0s
[0m[36m => CACHED [deps 3/5] COPY package.json package-lock.json* pnpm-lock.yaml  0.0s
[0m[36m => CACHED [deps 4/5] COPY prisma ./prisma                                 0.0s
[0m[36m => CACHED [deps 5/5] RUN   if [ -f package-lock.json ]; then     npm ci   0.0s
[0m[36m => CACHED [builder 2/5] COPY --from=deps /app/node_modules ./node_module  0.0s
[0m[36m => [builder 3/5] COPY . .                                                 0.7s
[0m[36m => [builder 4/5] RUN npx prisma generate                                  7.1s
[0m => [builder 5/5] RUN npm run build                                       12.1s
[?25h[1A[1A[1A[1A[1A[1A[1A[1A[1A[0G[?25l[+] Building 21.6s (15/28)                                 docker:desktop-linux
[36m => CACHED [deps 2/5] WORKDIR /app                                         0.0s
[0m[36m => CACHED [deps 3/5] COPY package.json package-lock.json* pnpm-lock.yaml  0.0s
[0m[36m => CACHED [deps 4/5] COPY prisma ./prisma                                 0.0s
[0m[36m => CACHED [deps 5/5] RUN   if [ -f package-lock.json ]; then     npm ci   0.0s
[0m[36m => CACHED [builder 2/5] COPY --from=deps /app/node_modules ./node_module  0.0s
[0m[36m => [builder 3/5] COPY . .                                                 0.7s
[0m[36m => [builder 4/5] RUN npx prisma generate                                  7.1s
[0m => [builder 5/5] RUN npm run build                                       12.3s
[?25h[1A[1A[1A[1A[1A[1A[1A[1A[1A[0G[?25l[+] Building 21.8s (15/28)                                 docker:desktop-linux
[36m => CACHED [deps 2/5] WORKDIR /app                                         0.0s
[0m[36m => CACHED [deps 3/5] COPY package.json package-lock.json* pnpm-lock.yaml  0.0s
[0m[36m => CACHED [deps 4/5] COPY prisma ./prisma                                 0.0s
[0m[36m => CACHED [deps 5/5] RUN   if [ -f package-lock.json ]; then     npm ci   0.0s
[0m[36m => CACHED [builder 2/5] COPY --from=deps /app/node_modules ./node_module  0.0s
[0m[36m => [builder 3/5] COPY . .                                                 0.7s
[0m[36m => [builder 4/5] RUN npx prisma generate                                  7.1s
[0m => [builder 5/5] RUN npm run build                                       12.4s
[?25h[1A[1A[1A[1A[1A[1A[1A[1A[1A[0G[?25l[+] Building 21.9s (15/28)                                 docker:desktop-linux
[36m => CACHED [deps 2/5] WORKDIR /app                                         0.0s
[0m[36m => CACHED [deps 3/5] COPY package.json package-lock.json* pnpm-lock.yaml  0.0s
[0m[36m => CACHED [deps 4/5] COPY prisma ./prisma                                 0.0s
[0m[36m => CACHED [deps 5/5] RUN   if [ -f package-lock.json ]; then     npm ci   0.0s
[0m[36m => CACHED [builder 2/5] COPY --from=deps /app/node_modules ./node_module  0.0s
[0m[36m => [builder 3/5] COPY . .                                                 0.7s
[0m[36m => [builder 4/5] RUN npx prisma generate                                  7.1s
[0m => [builder 5/5] RUN npm run build                                       12.6s
[?25h[1A[1A[1A[1A[1A[1A[1A[1A[1A[0G[?25l[+] Building 22.1s (15/28)                                 docker:desktop-linux
[36m => CACHED [deps 2/5] WORKDIR /app                                         0.0s
[0m[36m => CACHED [deps 3/5] COPY package.json package-lock.json* pnpm-lock.yaml  0.0s
[0m[36m => CACHED [deps 4/5] COPY prisma ./prisma                                 0.0s
[0m[36m => CACHED [deps 5/5] RUN   if [ -f package-lock.json ]; then     npm ci   0.0s
[0m[36m => CACHED [builder 2/5] COPY --from=deps /app/node_modules ./node_module  0.0s
[0m[36m => [builder 3/5] COPY . .                                                 0.7s
[0m[36m => [builder 4/5] RUN npx prisma generate                                  7.1s
[0m => [builder 5/5] RUN npm run build                                       12.7s
[?25h[1A[1A[1A[1A[1A[1A[1A[1A[1A[0G[?25l[+] Building 22.2s (15/28)                                 docker:desktop-linux
[36m => CACHED [deps 2/5] WORKDIR /app                                         0.0s
[0m[36m => CACHED [deps 3/5] COPY package.json package-lock.json* pnpm-lock.yaml  0.0s
[0m[36m => CACHED [deps 4/5] COPY prisma ./prisma                                 0.0s
[0m[36m => CACHED [deps 5/5] RUN   if [ -f package-lock.json ]; then     npm ci   0.0s
[0m[36m => CACHED [builder 2/5] COPY --from=deps /app/node_modules ./node_module  0.0s
[0m[36m => [builder 3/5] COPY . .                                                 0.7s
[0m[36m => [builder 4/5] RUN npx prisma generate                                  7.1s
[0m => [builder 5/5] RUN npm run build                                       12.9s
[?25h[1A[1A[1A[1A[1A[1A[1A[1A[1A[0G[?25l[+] Building 22.4s (15/28)                                 docker:desktop-linux
[36m => CACHED [deps 2/5] WORKDIR /app                                         0.0s
[0m[36m => CACHED [deps 3/5] COPY package.json package-lock.json* pnpm-lock.yaml  0.0s
[0m[36m => CACHED [deps 4/5] COPY prisma ./prisma                                 0.0s
[0m[36m => CACHED [deps 5/5] RUN   if [ -f package-lock.json ]; then     npm ci   0.0s
[0m[36m => CACHED [builder 2/5] COPY --from=deps /app/node_modules ./node_module  0.0s
[0m[36m => [builder 3/5] COPY . .                                                 0.7s
[0m[36m => [builder 4/5] RUN npx prisma generate                                  7.1s
[0m => [builder 5/5] RUN npm run build                                       13.0s
[?25h[1A[1A[1A[1A[1A[1A[1A[1A[1A[0G[?25l[+] Building 22.5s (15/28)                                 docker:desktop-linux
[36m => CACHED [deps 2/5] WORKDIR /app                                         0.0s
[0m[36m => CACHED [deps 3/5] COPY package.json package-lock.json* pnpm-lock.yaml  0.0s
[0m[36m => CACHED [deps 4/5] COPY prisma ./prisma                                 0.0s
[0m[36m => CACHED [deps 5/5] RUN   if [ -f package-lock.json ]; then     npm ci   0.0s
[0m[36m => CACHED [builder 2/5] COPY --from=deps /app/node_modules ./node_module  0.0s
[0m[36m => [builder 3/5] COPY . .                                                 0.7s
[0m[36m => [builder 4/5] RUN npx prisma generate                                  7.1s
[0m => [builder 5/5] RUN npm run build                                       13.2s
[?25h[1A[1A[1A[1A[1A[1A[1A[1A[1A[0G[?25l[+] Building 22.7s (15/28)                                 docker:desktop-linux
[36m => CACHED [deps 2/5] WORKDIR /app                                         0.0s
[0m[36m => CACHED [deps 3/5] COPY package.json package-lock.json* pnpm-lock.yaml  0.0s
[0m[36m => CACHED [deps 4/5] COPY prisma ./prisma                                 0.0s
[0m[36m => CACHED [deps 5/5] RUN   if [ -f package-lock.json ]; then     npm ci   0.0s
[0m[36m => CACHED [builder 2/5] COPY --from=deps /app/node_modules ./node_module  0.0s
[0m[36m => [builder 3/5] COPY . .                                                 0.7s
[0m[36m => [builder 4/5] RUN npx prisma generate                                  7.1s
[0m => [builder 5/5] RUN npm run build                                       13.3s
[?25h[1A[1A[1A[1A[1A[1A[1A[1A[1A[0G[?25l[+] Building 22.8s (15/28)                                 docker:desktop-linux
[36m => CACHED [deps 2/5] WORKDIR /app                                         0.0s
[0m[36m => CACHED [deps 3/5] COPY package.json package-lock.json* pnpm-lock.yaml  0.0s
[0m[36m => CACHED [deps 4/5] COPY prisma ./prisma                                 0.0s
[0m[36m => CACHED [deps 5/5] RUN   if [ -f package-lock.json ]; then     npm ci   0.0s
[0m[36m => CACHED [builder 2/5] COPY --from=deps /app/node_modules ./node_module  0.0s
[0m[36m => [builder 3/5] COPY . .                                                 0.7s
[0m[36m => [builder 4/5] RUN npx prisma generate                                  7.1s
[0m => [builder 5/5] RUN npm run build                                       13.5s
[?25h[1A[1A[1A[1A[1A[1A[1A[1A[1A[0G[?25l[+] Building 23.0s (15/28)                                 docker:desktop-linux
[36m => CACHED [deps 2/5] WORKDIR /app                                         0.0s
[0m[36m => CACHED [deps 3/5] COPY package.json package-lock.json* pnpm-lock.yaml  0.0s
[0m[36m => CACHED [deps 4/5] COPY prisma ./prisma                                 0.0s
[0m[36m => CACHED [deps 5/5] RUN   if [ -f package-lock.json ]; then     npm ci   0.0s
[0m[36m => CACHED [builder 2/5] COPY --from=deps /app/node_modules ./node_module  0.0s
[0m[36m => [builder 3/5] COPY . .                                                 0.7s
[0m[36m => [builder 4/5] RUN npx prisma generate                                  7.1s
[0m => [builder 5/5] RUN npm run build                                       13.6s
[?25h[1A[1A[1A[1A[1A[1A[1A[1A[1A[0G[?25l[+] Building 23.1s (15/28)                                 docker:desktop-linux
[36m => CACHED [deps 2/5] WORKDIR /app                                         0.0s
[0m[36m => CACHED [deps 3/5] COPY package.json package-lock.json* pnpm-lock.yaml  0.0s
[0m[36m => CACHED [deps 4/5] COPY prisma ./prisma                                 0.0s
[0m[36m => CACHED [deps 5/5] RUN   if [ -f package-lock.json ]; then     npm ci   0.0s
[0m[36m => CACHED [builder 2/5] COPY --from=deps /app/node_modules ./node_module  0.0s
[0m[36m => [builder 3/5] COPY . .                                                 0.7s
[0m[36m => [builder 4/5] RUN npx prisma generate                                  7.1s
[0m => [builder 5/5] RUN npm run build                                       13.8s
[?25h[1A[1A[1A[1A[1A[1A[1A[1A[1A[0G[?25l[+] Building 23.3s (15/28)                                 docker:desktop-linux
[36m => CACHED [deps 2/5] WORKDIR /app                                         0.0s
[0m[36m => CACHED [deps 3/5] COPY package.json package-lock.json* pnpm-lock.yaml  0.0s
[0m[36m => CACHED [deps 4/5] COPY prisma ./prisma                                 0.0s
[0m[36m => CACHED [deps 5/5] RUN   if [ -f package-lock.json ]; then     npm ci   0.0s
[0m[36m => CACHED [builder 2/5] COPY --from=deps /app/node_modules ./node_module  0.0s
[0m[36m => [builder 3/5] COPY . .                                                 0.7s
[0m[36m => [builder 4/5] RUN npx prisma generate                                  7.1s
[0m => [builder 5/5] RUN npm run build                                       13.9s
[?25h[1A[1A[1A[1A[1A[1A[1A[1A[1A[0G[?25l[+] Building 23.4s (15/28)                                 docker:desktop-linux
[36m => CACHED [deps 2/5] WORKDIR /app                                         0.0s
[0m[36m => CACHED [deps 3/5] COPY package.json package-lock.json* pnpm-lock.yaml  0.0s
[0m[36m => CACHED [deps 4/5] COPY prisma ./prisma                                 0.0s
[0m[36m => CACHED [deps 5/5] RUN   if [ -f package-lock.json ]; then     npm ci   0.0s
[0m[36m => CACHED [builder 2/5] COPY --from=deps /app/node_modules ./node_module  0.0s
[0m[36m => [builder 3/5] COPY . .                                                 0.7s
[0m[36m => [builder 4/5] RUN npx prisma generate                                  7.1s
[0m => [builder 5/5] RUN npm run build                                       14.1s
[?25h[1A[1A[1A[1A[1A[1A[1A[1A[1A[0G[?25l[+] Building 23.6s (15/28)                                 docker:desktop-linux
[36m => CACHED [deps 2/5] WORKDIR /app                                         0.0s
[0m[36m => CACHED [deps 3/5] COPY package.json package-lock.json* pnpm-lock.yaml  0.0s
[0m[36m => CACHED [deps 4/5] COPY prisma ./prisma                                 0.0s
[0m[36m => CACHED [deps 5/5] RUN   if [ -f package-lock.json ]; then     npm ci   0.0s
[0m[36m => CACHED [builder 2/5] COPY --from=deps /app/node_modules ./node_module  0.0s
[0m[36m => [builder 3/5] COPY . .                                                 0.7s
[0m[36m => [builder 4/5] RUN npx prisma generate                                  7.1s
[0m => [builder 5/5] RUN npm run build                                       14.2s
[?25h[1A[1A[1A[1A[1A[1A[1A[1A[1A[0G[?25l[+] Building 23.7s (15/28)                                 docker:desktop-linux
[36m => CACHED [deps 2/5] WORKDIR /app                                         0.0s
[0m[36m => CACHED [deps 3/5] COPY package.json package-lock.json* pnpm-lock.yaml  0.0s
[0m[36m => CACHED [deps 4/5] COPY prisma ./prisma                                 0.0s
[0m[36m => CACHED [deps 5/5] RUN   if [ -f package-lock.json ]; then     npm ci   0.0s
[0m[36m => CACHED [builder 2/5] COPY --from=deps /app/node_modules ./node_module  0.0s
[0m[36m => [builder 3/5] COPY . .                                                 0.7s
[0m[36m => [builder 4/5] RUN npx prisma generate                                  7.1s
[0m => [builder 5/5] RUN npm run build                                       14.4s
[?25h[1A[1A[1A[1A[1A[1A[1A[1A[1A[0G[?25l[+] Building 23.9s (15/28)                                 docker:desktop-linux
[36m => CACHED [deps 2/5] WORKDIR /app                                         0.0s
[0m[36m => CACHED [deps 3/5] COPY package.json package-lock.json* pnpm-lock.yaml  0.0s
[0m[36m => CACHED [deps 4/5] COPY prisma ./prisma                                 0.0s
[0m[36m => CACHED [deps 5/5] RUN   if [ -f package-lock.json ]; then     npm ci   0.0s
[0m[36m => CACHED [builder 2/5] COPY --from=deps /app/node_modules ./node_module  0.0s
[0m[36m => [builder 3/5] COPY . .                                                 0.7s
[0m[36m => [builder 4/5] RUN npx prisma generate                                  7.1s
[0m => [builder 5/5] RUN npm run build                                       14.5s
[?25h[1A[1A[1A[1A[1A[1A[1A[1A[1A[0G[?25l[+] Building 24.0s (15/28)                                 docker:desktop-linux
[36m => CACHED [deps 2/5] WORKDIR /app                                         0.0s
[0m[36m => CACHED [deps 3/5] COPY package.json package-lock.json* pnpm-lock.yaml  0.0s
[0m[36m => CACHED [deps 4/5] COPY prisma ./prisma                                 0.0s
[0m[36m => CACHED [deps 5/5] RUN   if [ -f package-lock.json ]; then     npm ci   0.0s
[0m[36m => CACHED [builder 2/5] COPY --from=deps /app/node_modules ./node_module  0.0s
[0m[36m => [builder 3/5] COPY . .                                                 0.7s
[0m[36m => [builder 4/5] RUN npx prisma generate                                  7.1s
[0m => [builder 5/5] RUN npm run build                                       14.7s
[?25h[1A[1A[1A[1A[1A[1A[1A[1A[1A[0G[?25l[+] Building 24.2s (15/28)                                 docker:desktop-linux
[36m => CACHED [deps 2/5] WORKDIR /app                                         0.0s
[0m[36m => CACHED [deps 3/5] COPY package.json package-lock.json* pnpm-lock.yaml  0.0s
[0m[36m => CACHED [deps 4/5] COPY prisma ./prisma                                 0.0s
[0m[36m => CACHED [deps 5/5] RUN   if [ -f package-lock.json ]; then     npm ci   0.0s
[0m[36m => CACHED [builder 2/5] COPY --from=deps /app/node_modules ./node_module  0.0s
[0m[36m => [builder 3/5] COPY . .                                                 0.7s
[0m[36m => [builder 4/5] RUN npx prisma generate                                  7.1s
[0m => [builder 5/5] RUN npm run build                                       14.8s
[?25h[1A[1A[1A[1A[1A[1A[1A[1A[1A[0G[?25l[+] Building 24.3s (15/28)                                 docker:desktop-linux
[36m => CACHED [deps 2/5] WORKDIR /app                                         0.0s
[0m[36m => CACHED [deps 3/5] COPY package.json package-lock.json* pnpm-lock.yaml  0.0s
[0m[36m => CACHED [deps 4/5] COPY prisma ./prisma                                 0.0s
[0m[36m => CACHED [deps 5/5] RUN   if [ -f package-lock.json ]; then     npm ci   0.0s
[0m[36m => CACHED [builder 2/5] COPY --from=deps /app/node_modules ./node_module  0.0s
[0m[36m => [builder 3/5] COPY . .                                                 0.7s
[0m[36m => [builder 4/5] RUN npx prisma generate                                  7.1s
[0m => [builder 5/5] RUN npm run build                                       15.0s
[?25h[1A[1A[1A[1A[1A[1A[1A[1A[1A[0G[?25l[+] Building 24.5s (15/28)                                 docker:desktop-linux
[36m => CACHED [deps 2/5] WORKDIR /app                                         0.0s
[0m[36m => CACHED [deps 3/5] COPY package.json package-lock.json* pnpm-lock.yaml  0.0s
[0m[36m => CACHED [deps 4/5] COPY prisma ./prisma                                 0.0s
[0m[36m => CACHED [deps 5/5] RUN   if [ -f package-lock.json ]; then     npm ci   0.0s
[0m[36m => CACHED [builder 2/5] COPY --from=deps /app/node_modules ./node_module  0.0s
[0m[36m => [builder 3/5] COPY . .                                                 0.7s
[0m[36m => [builder 4/5] RUN npx prisma generate                                  7.1s
[0m => [builder 5/5] RUN npm run build                                       15.1s
[?25h[1A[1A[1A[1A[1A[1A[1A[1A[1A[0G[?25l[+] Building 24.6s (15/28)                                 docker:desktop-linux
[36m => CACHED [deps 2/5] WORKDIR /app                                         0.0s
[0m[36m => CACHED [deps 3/5] COPY package.json package-lock.json* pnpm-lock.yaml  0.0s
[0m[36m => CACHED [deps 4/5] COPY prisma ./prisma                                 0.0s
[0m[36m => CACHED [deps 5/5] RUN   if [ -f package-lock.json ]; then     npm ci   0.0s
[0m[36m => CACHED [builder 2/5] COPY --from=deps /app/node_modules ./node_module  0.0s
[0m[36m => [builder 3/5] COPY . .                                                 0.7s
[0m[36m => [builder 4/5] RUN npx prisma generate                                  7.1s
[0m => [builder 5/5] RUN npm run build                                       15.3s
[?25h[1A[1A[1A[1A[1A[1A[1A[1A[1A[0G[?25l[+] Building 24.8s (15/28)                                 docker:desktop-linux
[36m => CACHED [deps 2/5] WORKDIR /app                                         0.0s
[0m[36m => CACHED [deps 3/5] COPY package.json package-lock.json* pnpm-lock.yaml  0.0s
[0m[36m => CACHED [deps 4/5] COPY prisma ./prisma                                 0.0s
[0m[36m => CACHED [deps 5/5] RUN   if [ -f package-lock.json ]; then     npm ci   0.0s
[0m[36m => CACHED [builder 2/5] COPY --from=deps /app/node_modules ./node_module  0.0s
[0m[36m => [builder 3/5] COPY . .                                                 0.7s
[0m[36m => [builder 4/5] RUN npx prisma generate                                  7.1s
[0m => [builder 5/5] RUN npm run build                                       15.4s
[?25h[1A[1A[1A[1A[1A[1A[1A[1A[1A[0G[?25l[+] Building 24.9s (15/28)                                 docker:desktop-linux
[36m => CACHED [deps 2/5] WORKDIR /app                                         0.0s
[0m[36m => CACHED [deps 3/5] COPY package.json package-lock.json* pnpm-lock.yaml  0.0s
[0m[36m => CACHED [deps 4/5] COPY prisma ./prisma                                 0.0s
[0m[36m => CACHED [deps 5/5] RUN   if [ -f package-lock.json ]; then     npm ci   0.0s
[0m[36m => CACHED [builder 2/5] COPY --from=deps /app/node_modules ./node_module  0.0s
[0m[36m => [builder 3/5] COPY . .                                                 0.7s
[0m[36m => [builder 4/5] RUN npx prisma generate                                  7.1s
[0m => [builder 5/5] RUN npm run build                                       15.6s
[?25h[1A[1A[1A[1A[1A[1A[1A[1A[1A[0G[?25l[+] Building 25.1s (15/28)                                 docker:desktop-linux
[36m => CACHED [deps 2/5] WORKDIR /app                                         0.0s
[0m[36m => CACHED [deps 3/5] COPY package.json package-lock.json* pnpm-lock.yaml  0.0s
[0m[36m => CACHED [deps 4/5] COPY prisma ./prisma                                 0.0s
[0m[36m => CACHED [deps 5/5] RUN   if [ -f package-lock.json ]; then     npm ci   0.0s
[0m[36m => CACHED [builder 2/5] COPY --from=deps /app/node_modules ./node_module  0.0s
[0m[36m => [builder 3/5] COPY . .                                                 0.7s
[0m[36m => [builder 4/5] RUN npx prisma generate                                  7.1s
[0m => [builder 5/5] RUN npm run build                                       15.7s
[?25h[1A[1A[1A[1A[1A[1A[1A[1A[1A[0G[?25l[+] Building 25.2s (15/28)                                 docker:desktop-linux
[36m => CACHED [deps 2/5] WORKDIR /app                                         0.0s
[0m[36m => CACHED [deps 3/5] COPY package.json package-lock.json* pnpm-lock.yaml  0.0s
[0m[36m => CACHED [deps 4/5] COPY prisma ./prisma                                 0.0s
[0m[36m => CACHED [deps 5/5] RUN   if [ -f package-lock.json ]; then     npm ci   0.0s
[0m[36m => CACHED [builder 2/5] COPY --from=deps /app/node_modules ./node_module  0.0s
[0m[36m => [builder 3/5] COPY . .                                                 0.7s
[0m[36m => [builder 4/5] RUN npx prisma generate                                  7.1s
[0m => [builder 5/5] RUN npm run build                                       15.9s
[?25h[1A[1A[1A[1A[1A[1A[1A[1A[1A[0G[?25l[+] Building 25.4s (15/28)                                 docker:desktop-linux
[36m => CACHED [deps 2/5] WORKDIR /app                                         0.0s
[0m[36m => CACHED [deps 3/5] COPY package.json package-lock.json* pnpm-lock.yaml  0.0s
[0m[36m => CACHED [deps 4/5] COPY prisma ./prisma                                 0.0s
[0m[36m => CACHED [deps 5/5] RUN   if [ -f package-lock.json ]; then     npm ci   0.0s
[0m[36m => CACHED [builder 2/5] COPY --from=deps /app/node_modules ./node_module  0.0s
[0m[36m => [builder 3/5] COPY . .                                                 0.7s
[0m[36m => [builder 4/5] RUN npx prisma generate                                  7.1s
[0m => [builder 5/5] RUN npm run build                                       16.0s
[?25h[1A[1A[1A[1A[1A[1A[1A[1A[1A[0G[?25l[+] Building 25.5s (15/28)                                 docker:desktop-linux
[36m => CACHED [deps 2/5] WORKDIR /app                                         0.0s
[0m[36m => CACHED [deps 3/5] COPY package.json package-lock.json* pnpm-lock.yaml  0.0s
[0m[36m => CACHED [deps 4/5] COPY prisma ./prisma                                 0.0s
[0m[36m => CACHED [deps 5/5] RUN   if [ -f package-lock.json ]; then     npm ci   0.0s
[0m[36m => CACHED [builder 2/5] COPY --from=deps /app/node_modules ./node_module  0.0s
[0m[36m => [builder 3/5] COPY . .                                                 0.7s
[0m[36m => [builder 4/5] RUN npx prisma generate                                  7.1s
[0m => [builder 5/5] RUN npm run build                                       16.2s
[?25h[1A[1A[1A[1A[1A[1A[1A[1A[1A[0G[?25l[+] Building 25.7s (15/28)                                 docker:desktop-linux
[36m => CACHED [deps 2/5] WORKDIR /app                                         0.0s
[0m[36m => CACHED [deps 3/5] COPY package.json package-lock.json* pnpm-lock.yaml  0.0s
[0m[36m => CACHED [deps 4/5] COPY prisma ./prisma                                 0.0s
[0m[36m => CACHED [deps 5/5] RUN   if [ -f package-lock.json ]; then     npm ci   0.0s
[0m[36m => CACHED [builder 2/5] COPY --from=deps /app/node_modules ./node_module  0.0s
[0m[36m => [builder 3/5] COPY . .                                                 0.7s
[0m[36m => [builder 4/5] RUN npx prisma generate                                  7.1s
[0m => [builder 5/5] RUN npm run build                                       16.3s
[?25h[1A[1A[1A[1A[1A[1A[1A[1A[1A[0G[?25l[+] Building 25.8s (15/28)                                 docker:desktop-linux
[36m => CACHED [deps 2/5] WORKDIR /app                                         0.0s
[0m[36m => CACHED [deps 3/5] COPY package.json package-lock.json* pnpm-lock.yaml  0.0s
[0m[36m => CACHED [deps 4/5] COPY prisma ./prisma                                 0.0s
[0m[36m => CACHED [deps 5/5] RUN   if [ -f package-lock.json ]; then     npm ci   0.0s
[0m[36m => CACHED [builder 2/5] COPY --from=deps /app/node_modules ./node_module  0.0s
[0m[36m => [builder 3/5] COPY . .                                                 0.7s
[0m[36m => [builder 4/5] RUN npx prisma generate                                  7.1s
[0m => [builder 5/5] RUN npm run build                                       16.5s
[?25h[1A[1A[1A[1A[1A[1A[1A[1A[1A[0G[?25l[+] Building 26.0s (15/28)                                 docker:desktop-linux
[36m => CACHED [deps 2/5] WORKDIR /app                                         0.0s
[0m[36m => CACHED [deps 3/5] COPY package.json package-lock.json* pnpm-lock.yaml  0.0s
[0m[36m => CACHED [deps 4/5] COPY prisma ./prisma                                 0.0s
[0m[36m => CACHED [deps 5/5] RUN   if [ -f package-lock.json ]; then     npm ci   0.0s
[0m[36m => CACHED [builder 2/5] COPY --from=deps /app/node_modules ./node_module  0.0s
[0m[36m => [builder 3/5] COPY . .                                                 0.7s
[0m[36m => [builder 4/5] RUN npx prisma generate                                  7.1s
[0m => [builder 5/5] RUN npm run build                                       16.6s
[?25h[1A[1A[1A[1A[1A[1A[1A[1A[1A[0G[?25l[+] Building 26.1s (15/28)                                 docker:desktop-linux
[36m => CACHED [deps 2/5] WORKDIR /app                                         0.0s
[0m[36m => CACHED [deps 3/5] COPY package.json package-lock.json* pnpm-lock.yaml  0.0s
[0m[36m => CACHED [deps 4/5] COPY prisma ./prisma                                 0.0s
[0m[36m => CACHED [deps 5/5] RUN   if [ -f package-lock.json ]; then     npm ci   0.0s
[0m[36m => CACHED [builder 2/5] COPY --from=deps /app/node_modules ./node_module  0.0s
[0m[36m => [builder 3/5] COPY . .                                                 0.7s
[0m[36m => [builder 4/5] RUN npx prisma generate                                  7.1s
[0m => [builder 5/5] RUN npm run build                                       16.8s
[?25h[1A[1A[1A[1A[1A[1A[1A[1A[1A[0G[?25l[+] Building 26.3s (15/28)                                 docker:desktop-linux
[36m => CACHED [deps 2/5] WORKDIR /app                                         0.0s
[0m[36m => CACHED [deps 3/5] COPY package.json package-lock.json* pnpm-lock.yaml  0.0s
[0m[36m => CACHED [deps 4/5] COPY prisma ./prisma                                 0.0s
[0m[36m => CACHED [deps 5/5] RUN   if [ -f package-lock.json ]; then     npm ci   0.0s
[0m[36m => CACHED [builder 2/5] COPY --from=deps /app/node_modules ./node_module  0.0s
[0m[36m => [builder 3/5] COPY . .                                                 0.7s
[0m[36m => [builder 4/5] RUN npx prisma generate                                  7.1s
[0m => [builder 5/5] RUN npm run build                                       16.9s
[?25h[1A[1A[1A[1A[1A[1A[1A[1A[1A[0G[?25l[+] Building 26.4s (15/28)                                 docker:desktop-linux
[36m => CACHED [deps 2/5] WORKDIR /app                                         0.0s
[0m[36m => CACHED [deps 3/5] COPY package.json package-lock.json* pnpm-lock.yaml  0.0s
[0m[36m => CACHED [deps 4/5] COPY prisma ./prisma                                 0.0s
[0m[36m => CACHED [deps 5/5] RUN   if [ -f package-lock.json ]; then     npm ci   0.0s
[0m[36m => CACHED [builder 2/5] COPY --from=deps /app/node_modules ./node_module  0.0s
[0m[36m => [builder 3/5] COPY . .                                                 0.7s
[0m[36m => [builder 4/5] RUN npx prisma generate                                  7.1s
[0m => [builder 5/5] RUN npm run build                                       17.1s
[?25h[1A[1A[1A[1A[1A[1A[1A[1A[1A[0G[?25l[+] Building 26.6s (15/28)                                 docker:desktop-linux
[36m => CACHED [deps 2/5] WORKDIR /app                                         0.0s
[0m[36m => CACHED [deps 3/5] COPY package.json package-lock.json* pnpm-lock.yaml  0.0s
[0m[36m => CACHED [deps 4/5] COPY prisma ./prisma                                 0.0s
[0m[36m => CACHED [deps 5/5] RUN   if [ -f package-lock.json ]; then     npm ci   0.0s
[0m[36m => CACHED [builder 2/5] COPY --from=deps /app/node_modules ./node_module  0.0s
[0m[36m => [builder 3/5] COPY . .                                                 0.7s
[0m[36m => [builder 4/5] RUN npx prisma generate                                  7.1s
[0m => [builder 5/5] RUN npm run build                                       17.2s
[?25h[1A[1A[1A[1A[1A[1A[1A[1A[1A[0G[?25l[+] Building 26.7s (15/28)                                 docker:desktop-linux
[36m => CACHED [deps 2/5] WORKDIR /app                                         0.0s
[0m[36m => CACHED [deps 3/5] COPY package.json package-lock.json* pnpm-lock.yaml  0.0s
[0m[36m => CACHED [deps 4/5] COPY prisma ./prisma                                 0.0s
[0m[36m => CACHED [deps 5/5] RUN   if [ -f package-lock.json ]; then     npm ci   0.0s
[0m[36m => CACHED [builder 2/5] COPY --from=deps /app/node_modules ./node_module  0.0s
[0m[36m => [builder 3/5] COPY . .                                                 0.7s
[0m[36m => [builder 4/5] RUN npx prisma generate                                  7.1s
[0m => [builder 5/5] RUN npm run build                                       17.4s
[?25h[1A[1A[1A[1A[1A[1A[1A[1A[1A[0G[?25l[+] Building 26.9s (15/28)                                 docker:desktop-linux
[36m => CACHED [deps 2/5] WORKDIR /app                                         0.0s
[0m[36m => CACHED [deps 3/5] COPY package.json package-lock.json* pnpm-lock.yaml  0.0s
[0m[36m => CACHED [deps 4/5] COPY prisma ./prisma                                 0.0s
[0m[36m => CACHED [deps 5/5] RUN   if [ -f package-lock.json ]; then     npm ci   0.0s
[0m[36m => CACHED [builder 2/5] COPY --from=deps /app/node_modules ./node_module  0.0s
[0m[36m => [builder 3/5] COPY . .                                                 0.7s
[0m[36m => [builder 4/5] RUN npx prisma generate                                  7.1s
[0m => [builder 5/5] RUN npm run build                                       17.5s
[?25h[1A[1A[1A[1A[1A[1A[1A[1A[1A[0G[?25l[+] Building 27.0s (15/28)                                 docker:desktop-linux
[36m => CACHED [deps 2/5] WORKDIR /app                                         0.0s
[0m[36m => CACHED [deps 3/5] COPY package.json package-lock.json* pnpm-lock.yaml  0.0s
[0m[36m => CACHED [deps 4/5] COPY prisma ./prisma                                 0.0s
[0m[36m => CACHED [deps 5/5] RUN   if [ -f package-lock.json ]; then     npm ci   0.0s
[0m[36m => CACHED [builder 2/5] COPY --from=deps /app/node_modules ./node_module  0.0s
[0m[36m => [builder 3/5] COPY . .                                                 0.7s
[0m[36m => [builder 4/5] RUN npx prisma generate                                  7.1s
[0m => [builder 5/5] RUN npm run build                                       17.7s
[?25h[1A[1A[1A[1A[1A[1A[1A[1A[1A[0G[?25l[+] Building 27.2s (15/28)                                 docker:desktop-linux
[36m => CACHED [deps 2/5] WORKDIR /app                                         0.0s
[0m[36m => CACHED [deps 3/5] COPY package.json package-lock.json* pnpm-lock.yaml  0.0s
[0m[36m => CACHED [deps 4/5] COPY prisma ./prisma                                 0.0s
[0m[36m => CACHED [deps 5/5] RUN   if [ -f package-lock.json ]; then     npm ci   0.0s
[0m[36m => CACHED [builder 2/5] COPY --from=deps /app/node_modules ./node_module  0.0s
[0m[36m => [builder 3/5] COPY . .                                                 0.7s
[0m[36m => [builder 4/5] RUN npx prisma generate                                  7.1s
[0m => [builder 5/5] RUN npm run build                                       17.8s
[?25h[1A[1A[1A[1A[1A[1A[1A[1A[1A[0G[?25l[+] Building 27.3s (15/28)                                 docker:desktop-linux
[36m => CACHED [deps 2/5] WORKDIR /app                                         0.0s
[0m[36m => CACHED [deps 3/5] COPY package.json package-lock.json* pnpm-lock.yaml  0.0s
[0m[36m => CACHED [deps 4/5] COPY prisma ./prisma                                 0.0s
[0m[36m => CACHED [deps 5/5] RUN   if [ -f package-lock.json ]; then     npm ci   0.0s
[0m[36m => CACHED [builder 2/5] COPY --from=deps /app/node_modules ./node_module  0.0s
[0m[36m => [builder 3/5] COPY . .                                                 0.7s
[0m[36m => [builder 4/5] RUN npx prisma generate                                  7.1s
[0m => [builder 5/5] RUN npm run build                                       18.0s
[?25h[1A[1A[1A[1A[1A[1A[1A[1A[1A[0G[?25l[+] Building 27.5s (15/28)                                 docker:desktop-linux
[36m => CACHED [deps 2/5] WORKDIR /app                                         0.0s
[0m[36m => CACHED [deps 3/5] COPY package.json package-lock.json* pnpm-lock.yaml  0.0s
[0m[36m => CACHED [deps 4/5] COPY prisma ./prisma                                 0.0s
[0m[36m => CACHED [deps 5/5] RUN   if [ -f package-lock.json ]; then     npm ci   0.0s
[0m[36m => CACHED [builder 2/5] COPY --from=deps /app/node_modules ./node_module  0.0s
[0m[36m => [builder 3/5] COPY . .                                                 0.7s
[0m[36m => [builder 4/5] RUN npx prisma generate                                  7.1s
[0m => [builder 5/5] RUN npm run build                                       18.1s
[?25h[1A[1A[1A[1A[1A[1A[1A[1A[1A[0G[?25l[+] Building 27.6s (15/28)                                 docker:desktop-linux
[36m => CACHED [deps 2/5] WORKDIR /app                                         0.0s
[0m[36m => CACHED [deps 3/5] COPY package.json package-lock.json* pnpm-lock.yaml  0.0s
[0m[36m => CACHED [deps 4/5] COPY prisma ./prisma                                 0.0s
[0m[36m => CACHED [deps 5/5] RUN   if [ -f package-lock.json ]; then     npm ci   0.0s
[0m[36m => CACHED [builder 2/5] COPY --from=deps /app/node_modules ./node_module  0.0s
[0m[36m => [builder 3/5] COPY . .                                                 0.7s
[0m[36m => [builder 4/5] RUN npx prisma generate                                  7.1s
[0m => [builder 5/5] RUN npm run build                                       18.3s
[?25h[1A[1A[1A[1A[1A[1A[1A[1A[1A[0G[?25l[+] Building 27.8s (15/28)                                 docker:desktop-linux
[36m => CACHED [deps 2/5] WORKDIR /app                                         0.0s
[0m[36m => CACHED [deps 3/5] COPY package.json package-lock.json* pnpm-lock.yaml  0.0s
[0m[36m => CACHED [deps 4/5] COPY prisma ./prisma                                 0.0s
[0m[36m => CACHED [deps 5/5] RUN   if [ -f package-lock.json ]; then     npm ci   0.0s
[0m[36m => CACHED [builder 2/5] COPY --from=deps /app/node_modules ./node_module  0.0s
[0m[36m => [builder 3/5] COPY . .                                                 0.7s
[0m[36m => [builder 4/5] RUN npx prisma generate                                  7.1s
[0m => [builder 5/5] RUN npm run build                                       18.4s
[?25h[1A[1A[1A[1A[1A[1A[1A[1A[1A[0G[?25l[+] Building 27.9s (15/28)                                 docker:desktop-linux
[36m => CACHED [deps 2/5] WORKDIR /app                                         0.0s
[0m[36m => CACHED [deps 3/5] COPY package.json package-lock.json* pnpm-lock.yaml  0.0s
[0m[36m => CACHED [deps 4/5] COPY prisma ./prisma                                 0.0s
[0m[36m => CACHED [deps 5/5] RUN   if [ -f package-lock.json ]; then     npm ci   0.0s
[0m[36m => CACHED [builder 2/5] COPY --from=deps /app/node_modules ./node_module  0.0s
[0m[36m => [builder 3/5] COPY . .                                                 0.7s
[0m[36m => [builder 4/5] RUN npx prisma generate                                  7.1s
[0m => [builder 5/5] RUN npm run build                                       18.6s
[?25h[1A[1A[1A[1A[1A[1A[1A[1A[1A[0G[?25l[+] Building 28.1s (15/28)                                 docker:desktop-linux
[36m => CACHED [deps 2/5] WORKDIR /app                                         0.0s
[0m[36m => CACHED [deps 3/5] COPY package.json package-lock.json* pnpm-lock.yaml  0.0s
[0m[36m => CACHED [deps 4/5] COPY prisma ./prisma                                 0.0s
[0m[36m => CACHED [deps 5/5] RUN   if [ -f package-lock.json ]; then     npm ci   0.0s
[0m[36m => CACHED [builder 2/5] COPY --from=deps /app/node_modules ./node_module  0.0s
[0m[36m => [builder 3/5] COPY . .                                                 0.7s
[0m[36m => [builder 4/5] RUN npx prisma generate                                  7.1s
[0m => [builder 5/5] RUN npm run build                                       18.7s
[?25h[1A[1A[1A[1A[1A[1A[1A[1A[1A[0G[?25l[+] Building 28.2s (15/28)                                 docker:desktop-linux
[36m => CACHED [deps 2/5] WORKDIR /app                                         0.0s
[0m[36m => CACHED [deps 3/5] COPY package.json package-lock.json* pnpm-lock.yaml  0.0s
[0m[36m => CACHED [deps 4/5] COPY prisma ./prisma                                 0.0s
[0m[36m => CACHED [deps 5/5] RUN   if [ -f package-lock.json ]; then     npm ci   0.0s
[0m[36m => CACHED [builder 2/5] COPY --from=deps /app/node_modules ./node_module  0.0s
[0m[36m => [builder 3/5] COPY . .                                                 0.7s
[0m[36m => [builder 4/5] RUN npx prisma generate                                  7.1s
[0m => [builder 5/5] RUN npm run build                                       18.9s
[?25h[1A[1A[1A[1A[1A[1A[1A[1A[1A[0G[?25l[+] Building 28.4s (15/28)                                 docker:desktop-linux
[36m => CACHED [deps 2/5] WORKDIR /app                                         0.0s
[0m[36m => CACHED [deps 3/5] COPY package.json package-lock.json* pnpm-lock.yaml  0.0s
[0m[36m => CACHED [deps 4/5] COPY prisma ./prisma                                 0.0s
[0m[36m => CACHED [deps 5/5] RUN   if [ -f package-lock.json ]; then     npm ci   0.0s
[0m[36m => CACHED [builder 2/5] COPY --from=deps /app/node_modules ./node_module  0.0s
[0m[36m => [builder 3/5] COPY . .                                                 0.7s
[0m[36m => [builder 4/5] RUN npx prisma generate                                  7.1s
[0m => [builder 5/5] RUN npm run build                                       19.0s
[?25h[1A[1A[1A[1A[1A[1A[1A[1A[1A[0G[?25l[+] Building 28.5s (15/28)                                 docker:desktop-linux
[36m => CACHED [deps 2/5] WORKDIR /app                                         0.0s
[0m[36m => CACHED [deps 3/5] COPY package.json package-lock.json* pnpm-lock.yaml  0.0s
[0m[36m => CACHED [deps 4/5] COPY prisma ./prisma                                 0.0s
[0m[36m => CACHED [deps 5/5] RUN   if [ -f package-lock.json ]; then     npm ci   0.0s
[0m[36m => CACHED [builder 2/5] COPY --from=deps /app/node_modules ./node_module  0.0s
[0m[36m => [builder 3/5] COPY . .                                                 0.7s
[0m[36m => [builder 4/5] RUN npx prisma generate                                  7.1s
[0m => [builder 5/5] RUN npm run build                                       19.2s
[?25h[1A[1A[1A[1A[1A[1A[1A[1A[1A[0G[?25l[+] Building 28.7s (15/28)                                 docker:desktop-linux
[36m => CACHED [deps 2/5] WORKDIR /app                                         0.0s
[0m[36m => CACHED [deps 3/5] COPY package.json package-lock.json* pnpm-lock.yaml  0.0s
[0m[36m => CACHED [deps 4/5] COPY prisma ./prisma                                 0.0s
[0m[36m => CACHED [deps 5/5] RUN   if [ -f package-lock.json ]; then     npm ci   0.0s
[0m[36m => CACHED [builder 2/5] COPY --from=deps /app/node_modules ./node_module  0.0s
[0m[36m => [builder 3/5] COPY . .                                                 0.7s
[0m[36m => [builder 4/5] RUN npx prisma generate                                  7.1s
[0m => [builder 5/5] RUN npm run build                                       19.3s
[?25h[1A[1A[1A[1A[1A[1A[1A[1A[1A[0G[?25l[+] Building 28.8s (15/28)                                 docker:desktop-linux
[36m => CACHED [deps 2/5] WORKDIR /app                                         0.0s
[0m[36m => CACHED [deps 3/5] COPY package.json package-lock.json* pnpm-lock.yaml  0.0s
[0m[36m => CACHED [deps 4/5] COPY prisma ./prisma                                 0.0s
[0m[36m => CACHED [deps 5/5] RUN   if [ -f package-lock.json ]; then     npm ci   0.0s
[0m[36m => CACHED [builder 2/5] COPY --from=deps /app/node_modules ./node_module  0.0s
[0m[36m => [builder 3/5] COPY . .                                                 0.7s
[0m[36m => [builder 4/5] RUN npx prisma generate                                  7.1s
[0m => [builder 5/5] RUN npm run build                                       19.5s
[?25h[1A[1A[1A[1A[1A[1A[1A[1A[1A[0G[?25l[+] Building 29.0s (15/28)                                 docker:desktop-linux
[36m => CACHED [deps 2/5] WORKDIR /app                                         0.0s
[0m[36m => CACHED [deps 3/5] COPY package.json package-lock.json* pnpm-lock.yaml  0.0s
[0m[36m => CACHED [deps 4/5] COPY prisma ./prisma                                 0.0s
[0m[36m => CACHED [deps 5/5] RUN   if [ -f package-lock.json ]; then     npm ci   0.0s
[0m[36m => CACHED [builder 2/5] COPY --from=deps /app/node_modules ./node_module  0.0s
[0m[36m => [builder 3/5] COPY . .                                                 0.7s
[0m[36m => [builder 4/5] RUN npx prisma generate                                  7.1s
[0m => [builder 5/5] RUN npm run build                                       19.6s
[?25h[1A[1A[1A[1A[1A[1A[1A[1A[1A[0G[?25l[+] Building 29.1s (15/28)                                 docker:desktop-linux
[36m => CACHED [deps 2/5] WORKDIR /app                                         0.0s
[0m[36m => CACHED [deps 3/5] COPY package.json package-lock.json* pnpm-lock.yaml  0.0s
[0m[36m => CACHED [deps 4/5] COPY prisma ./prisma                                 0.0s
[0m[36m => CACHED [deps 5/5] RUN   if [ -f package-lock.json ]; then     npm ci   0.0s
[0m[36m => CACHED [builder 2/5] COPY --from=deps /app/node_modules ./node_module  0.0s
[0m[36m => [builder 3/5] COPY . .                                                 0.7s
[0m[36m => [builder 4/5] RUN npx prisma generate                                  7.1s
[0m => [builder 5/5] RUN npm run build                                       19.8s
[?25h[1A[1A[1A[1A[1A[1A[1A[1A[1A[0G[?25l[+] Building 29.3s (15/28)                                 docker:desktop-linux
[36m => CACHED [deps 2/5] WORKDIR /app                                         0.0s
[0m[36m => CACHED [deps 3/5] COPY package.json package-lock.json* pnpm-lock.yaml  0.0s
[0m[36m => CACHED [deps 4/5] COPY prisma ./prisma                                 0.0s
[0m[36m => CACHED [deps 5/5] RUN   if [ -f package-lock.json ]; then     npm ci   0.0s
[0m[36m => CACHED [builder 2/5] COPY --from=deps /app/node_modules ./node_module  0.0s
[0m[36m => [builder 3/5] COPY . .                                                 0.7s
[0m[36m => [builder 4/5] RUN npx prisma generate                                  7.1s
[0m => [builder 5/5] RUN npm run build                                       19.9s
[?25h[1A[1A[1A[1A[1A[1A[1A[1A[1A[0G[?25l[+] Building 29.4s (15/28)                                 docker:desktop-linux
[36m => CACHED [deps 2/5] WORKDIR /app                                         0.0s
[0m[36m => CACHED [deps 3/5] COPY package.json package-lock.json* pnpm-lock.yaml  0.0s
[0m[36m => CACHED [deps 4/5] COPY prisma ./prisma                                 0.0s
[0m[36m => CACHED [deps 5/5] RUN   if [ -f package-lock.json ]; then     npm ci   0.0s
[0m[36m => CACHED [builder 2/5] COPY --from=deps /app/node_modules ./node_module  0.0s
[0m[36m => [builder 3/5] COPY . .                                                 0.7s
[0m[36m => [builder 4/5] RUN npx prisma generate                                  7.1s
[0m => [builder 5/5] RUN npm run build                                       20.1s
[?25h[1A[1A[1A[1A[1A[1A[1A[1A[1A[0G[?25l[+] Building 29.6s (15/28)                                 docker:desktop-linux
[36m => CACHED [deps 2/5] WORKDIR /app                                         0.0s
[0m[36m => CACHED [deps 3/5] COPY package.json package-lock.json* pnpm-lock.yaml  0.0s
[0m[36m => CACHED [deps 4/5] COPY prisma ./prisma                                 0.0s
[0m[36m => CACHED [deps 5/5] RUN   if [ -f package-lock.json ]; then     npm ci   0.0s
[0m[36m => CACHED [builder 2/5] COPY --from=deps /app/node_modules ./node_module  0.0s
[0m[36m => [builder 3/5] COPY . .                                                 0.7s
[0m[36m => [builder 4/5] RUN npx prisma generate                                  7.1s
[0m => [builder 5/5] RUN npm run build                                       20.2s
[?25h[1A[1A[1A[1A[1A[1A[1A[1A[1A[0G[?25l[+] Building 29.7s (15/28)                                 docker:desktop-linux
[36m => CACHED [deps 2/5] WORKDIR /app                                         0.0s
[0m[36m => CACHED [deps 3/5] COPY package.json package-lock.json* pnpm-lock.yaml  0.0s
[0m[36m => CACHED [deps 4/5] COPY prisma ./prisma                                 0.0s
[0m[36m => CACHED [deps 5/5] RUN   if [ -f package-lock.json ]; then     npm ci   0.0s
[0m[36m => CACHED [builder 2/5] COPY --from=deps /app/node_modules ./node_module  0.0s
[0m[36m => [builder 3/5] COPY . .                                                 0.7s
[0m[36m => [builder 4/5] RUN npx prisma generate                                  7.1s
[0m => [builder 5/5] RUN npm run build                                       20.4s
[?25h[1A[1A[1A[1A[1A[1A[1A[1A[1A[0G[?25l[+] Building 29.9s (15/28)                                 docker:desktop-linux
[36m => CACHED [deps 2/5] WORKDIR /app                                         0.0s
[0m[36m => CACHED [deps 3/5] COPY package.json package-lock.json* pnpm-lock.yaml  0.0s
[0m[36m => CACHED [deps 4/5] COPY prisma ./prisma                                 0.0s
[0m[36m => CACHED [deps 5/5] RUN   if [ -f package-lock.json ]; then     npm ci   0.0s
[0m[36m => CACHED [builder 2/5] COPY --from=deps /app/node_modules ./node_module  0.0s
[0m[36m => [builder 3/5] COPY . .                                                 0.7s
[0m[36m => [builder 4/5] RUN npx prisma generate                                  7.1s
[0m => [builder 5/5] RUN npm run build                                       20.5s
[?25h[1A[1A[1A[1A[1A[1A[1A[1A[1A[0G[?25l[+] Building 30.0s (15/28)                                 docker:desktop-linux
[36m => CACHED [deps 2/5] WORKDIR /app                                         0.0s
[0m[36m => CACHED [deps 3/5] COPY package.json package-lock.json* pnpm-lock.yaml  0.0s
[0m[36m => CACHED [deps 4/5] COPY prisma ./prisma                                 0.0s
[0m[36m => CACHED [deps 5/5] RUN   if [ -f package-lock.json ]; then     npm ci   0.0s
[0m[36m => CACHED [builder 2/5] COPY --from=deps /app/node_modules ./node_module  0.0s
[0m[36m => [builder 3/5] COPY . .                                                 0.7s
[0m[36m => [builder 4/5] RUN npx prisma generate                                  7.1s
[0m => [builder 5/5] RUN npm run build                                       20.7s
[?25h[1A[1A[1A[1A[1A[1A[1A[1A[1A[0G[?25l[+] Building 30.2s (15/28)                                 docker:desktop-linux
[36m => CACHED [deps 2/5] WORKDIR /app                                         0.0s
[0m[36m => CACHED [deps 3/5] COPY package.json package-lock.json* pnpm-lock.yaml  0.0s
[0m[36m => CACHED [deps 4/5] COPY prisma ./prisma                                 0.0s
[0m[36m => CACHED [deps 5/5] RUN   if [ -f package-lock.json ]; then     npm ci   0.0s
[0m[36m => CACHED [builder 2/5] COPY --from=deps /app/node_modules ./node_module  0.0s
[0m[36m => [builder 3/5] COPY . .                                                 0.7s
[0m[36m => [builder 4/5] RUN npx prisma generate                                  7.1s
[0m => [builder 5/5] RUN npm run build                                       20.8s
[?25h[1A[1A[1A[1A[1A[1A[1A[1A[1A[0G[?25l[+] Building 30.3s (15/28)                                 docker:desktop-linux
[36m => CACHED [deps 2/5] WORKDIR /app                                         0.0s
[0m[36m => CACHED [deps 3/5] COPY package.json package-lock.json* pnpm-lock.yaml  0.0s
[0m[36m => CACHED [deps 4/5] COPY prisma ./prisma                                 0.0s
[0m[36m => CACHED [deps 5/5] RUN   if [ -f package-lock.json ]; then     npm ci   0.0s
[0m[36m => CACHED [builder 2/5] COPY --from=deps /app/node_modules ./node_module  0.0s
[0m[36m => [builder 3/5] COPY . .                                                 0.7s
[0m[36m => [builder 4/5] RUN npx prisma generate                                  7.1s
[0m => [builder 5/5] RUN npm run build                                       21.0s
[?25h[1A[1A[1A[1A[1A[1A[1A[1A[1A[0G[?25l[+] Building 30.5s (15/28)                                 docker:desktop-linux
[36m => CACHED [deps 2/5] WORKDIR /app                                         0.0s
[0m[36m => CACHED [deps 3/5] COPY package.json package-lock.json* pnpm-lock.yaml  0.0s
[0m[36m => CACHED [deps 4/5] COPY prisma ./prisma                                 0.0s
[0m[36m => CACHED [deps 5/5] RUN   if [ -f package-lock.json ]; then     npm ci   0.0s
[0m[36m => CACHED [builder 2/5] COPY --from=deps /app/node_modules ./node_module  0.0s
[0m[36m => [builder 3/5] COPY . .                                                 0.7s
[0m[36m => [builder 4/5] RUN npx prisma generate                                  7.1s
[0m => [builder 5/5] RUN npm run build                                       21.1s
[?25h[1A[1A[1A[1A[1A[1A[1A[1A[1A[0G[?25l[+] Building 30.6s (15/28)                                 docker:desktop-linux
[36m => CACHED [deps 2/5] WORKDIR /app                                         0.0s
[0m[36m => CACHED [deps 3/5] COPY package.json package-lock.json* pnpm-lock.yaml  0.0s
[0m[36m => CACHED [deps 4/5] COPY prisma ./prisma                                 0.0s
[0m[36m => CACHED [deps 5/5] RUN   if [ -f package-lock.json ]; then     npm ci   0.0s
[0m[36m => CACHED [builder 2/5] COPY --from=deps /app/node_modules ./node_module  0.0s
[0m[36m => [builder 3/5] COPY . .                                                 0.7s
[0m[36m => [builder 4/5] RUN npx prisma generate                                  7.1s
[0m => [builder 5/5] RUN npm run build                                       21.3s
[?25h[1A[1A[1A[1A[1A[1A[1A[1A[1A[0G[?25l[+] Building 30.8s (15/28)                                 docker:desktop-linux
[36m => CACHED [deps 2/5] WORKDIR /app                                         0.0s
[0m[36m => CACHED [deps 3/5] COPY package.json package-lock.json* pnpm-lock.yaml  0.0s
[0m[36m => CACHED [deps 4/5] COPY prisma ./prisma                                 0.0s
[0m[36m => CACHED [deps 5/5] RUN   if [ -f package-lock.json ]; then     npm ci   0.0s
[0m[36m => CACHED [builder 2/5] COPY --from=deps /app/node_modules ./node_module  0.0s
[0m[36m => [builder 3/5] COPY . .                                                 0.7s
[0m[36m => [builder 4/5] RUN npx prisma generate                                  7.1s
[0m => [builder 5/5] RUN npm run build                                       21.4s
[?25h[1A[1A[1A[1A[1A[1A[1A[1A[1A[0G[?25l[+] Building 30.9s (15/28)                                 docker:desktop-linux
[36m => CACHED [deps 2/5] WORKDIR /app                                         0.0s
[0m[36m => CACHED [deps 3/5] COPY package.json package-lock.json* pnpm-lock.yaml  0.0s
[0m[36m => CACHED [deps 4/5] COPY prisma ./prisma                                 0.0s
[0m[36m => CACHED [deps 5/5] RUN   if [ -f package-lock.json ]; then     npm ci   0.0s
[0m[36m => CACHED [builder 2/5] COPY --from=deps /app/node_modules ./node_module  0.0s
[0m[36m => [builder 3/5] COPY . .                                                 0.7s
[0m[36m => [builder 4/5] RUN npx prisma generate                                  7.1s
[0m => [builder 5/5] RUN npm run build                                       21.6s
[?25h[1A[1A[1A[1A[1A[1A[1A[1A[1A[0G[?25l[+] Building 31.1s (15/28)                                 docker:desktop-linux
[36m => CACHED [deps 2/5] WORKDIR /app                                         0.0s
[0m[36m => CACHED [deps 3/5] COPY package.json package-lock.json* pnpm-lock.yaml  0.0s
[0m[36m => CACHED [deps 4/5] COPY prisma ./prisma                                 0.0s
[0m[36m => CACHED [deps 5/5] RUN   if [ -f package-lock.json ]; then     npm ci   0.0s
[0m[36m => CACHED [builder 2/5] COPY --from=deps /app/node_modules ./node_module  0.0s
[0m[36m => [builder 3/5] COPY . .                                                 0.7s
[0m[36m => [builder 4/5] RUN npx prisma generate                                  7.1s
[0m => [builder 5/5] RUN npm run build                                       21.7s
[?25h[1A[1A[1A[1A[1A[1A[1A[1A[1A[0G[?25l[+] Building 31.2s (15/28)                                 docker:desktop-linux
[36m => CACHED [deps 2/5] WORKDIR /app                                         0.0s
[0m[36m => CACHED [deps 3/5] COPY package.json package-lock.json* pnpm-lock.yaml  0.0s
[0m[36m => CACHED [deps 4/5] COPY prisma ./prisma                                 0.0s
[0m[36m => CACHED [deps 5/5] RUN   if [ -f package-lock.json ]; then     npm ci   0.0s
[0m[36m => CACHED [builder 2/5] COPY --from=deps /app/node_modules ./node_module  0.0s
[0m[36m => [builder 3/5] COPY . .                                                 0.7s
[0m[36m => [builder 4/5] RUN npx prisma generate                                  7.1s
[0m => [builder 5/5] RUN npm run build                                       21.9s
[?25h[1A[1A[1A[1A[1A[1A[1A[1A[1A[0G[?25l[+] Building 31.4s (15/28)                                 docker:desktop-linux
[36m => CACHED [deps 2/5] WORKDIR /app                                         0.0s
[0m[36m => CACHED [deps 3/5] COPY package.json package-lock.json* pnpm-lock.yaml  0.0s
[0m[36m => CACHED [deps 4/5] COPY prisma ./prisma                                 0.0s
[0m[36m => CACHED [deps 5/5] RUN   if [ -f package-lock.json ]; then     npm ci   0.0s
[0m[36m => CACHED [builder 2/5] COPY --from=deps /app/node_modules ./node_module  0.0s
[0m[36m => [builder 3/5] COPY . .                                                 0.7s
[0m[36m => [builder 4/5] RUN npx prisma generate                                  7.1s
[0m => [builder 5/5] RUN npm run build                                       22.0s
[?25h[1A[1A[1A[1A[1A[1A[1A[1A[1A[0G[?25l[+] Building 31.5s (15/28)                                 docker:desktop-linux
[36m => CACHED [deps 2/5] WORKDIR /app                                         0.0s
[0m[36m => CACHED [deps 3/5] COPY package.json package-lock.json* pnpm-lock.yaml  0.0s
[0m[36m => CACHED [deps 4/5] COPY prisma ./prisma                                 0.0s
[0m[36m => CACHED [deps 5/5] RUN   if [ -f package-lock.json ]; then     npm ci   0.0s
[0m[36m => CACHED [builder 2/5] COPY --from=deps /app/node_modules ./node_module  0.0s
[0m[36m => [builder 3/5] COPY . .                                                 0.7s
[0m[36m => [builder 4/5] RUN npx prisma generate                                  7.1s
[0m => [builder 5/5] RUN npm run build                                       22.2s
[?25h[1A[1A[1A[1A[1A[1A[1A[1A[1A[0G[?25l[+] Building 31.7s (15/28)                                 docker:desktop-linux
[36m => CACHED [deps 2/5] WORKDIR /app                                         0.0s
[0m[36m => CACHED [deps 3/5] COPY package.json package-lock.json* pnpm-lock.yaml  0.0s
[0m[36m => CACHED [deps 4/5] COPY prisma ./prisma                                 0.0s
[0m[36m => CACHED [deps 5/5] RUN   if [ -f package-lock.json ]; then     npm ci   0.0s
[0m[36m => CACHED [builder 2/5] COPY --from=deps /app/node_modules ./node_module  0.0s
[0m[36m => [builder 3/5] COPY . .                                                 0.7s
[0m[36m => [builder 4/5] RUN npx prisma generate                                  7.1s
[0m => [builder 5/5] RUN npm run build                                       22.3s
[?25h[1A[1A[1A[1A[1A[1A[1A[1A[1A[0G[?25l[+] Building 31.8s (15/28)                                 docker:desktop-linux
[36m => CACHED [deps 2/5] WORKDIR /app                                         0.0s
[0m[36m => CACHED [deps 3/5] COPY package.json package-lock.json* pnpm-lock.yaml  0.0s
[0m[36m => CACHED [deps 4/5] COPY prisma ./prisma                                 0.0s
[0m[36m => CACHED [deps 5/5] RUN   if [ -f package-lock.json ]; then     npm ci   0.0s
[0m[36m => CACHED [builder 2/5] COPY --from=deps /app/node_modules ./node_module  0.0s
[0m[36m => [builder 3/5] COPY . .                                                 0.7s
[0m[36m => [builder 4/5] RUN npx prisma generate                                  7.1s
[0m => [builder 5/5] RUN npm run build                                       22.5s
[?25h[1A[1A[1A[1A[1A[1A[1A[1A[1A[0G[?25l[+] Building 32.0s (15/28)                                 docker:desktop-linux
[36m => CACHED [deps 2/5] WORKDIR /app                                         0.0s
[0m[36m => CACHED [deps 3/5] COPY package.json package-lock.json* pnpm-lock.yaml  0.0s
[0m[36m => CACHED [deps 4/5] COPY prisma ./prisma                                 0.0s
[0m[36m => CACHED [deps 5/5] RUN   if [ -f package-lock.json ]; then     npm ci   0.0s
[0m[36m => CACHED [builder 2/5] COPY --from=deps /app/node_modules ./node_module  0.0s
[0m[36m => [builder 3/5] COPY . .                                                 0.7s
[0m[36m => [builder 4/5] RUN npx prisma generate                                  7.1s
[0m => [builder 5/5] RUN npm run build                                       22.6s
[?25h[1A[1A[1A[1A[1A[1A[1A[1A[1A[0G[?25l[+] Building 32.1s (15/28)                                 docker:desktop-linux
[36m => CACHED [deps 2/5] WORKDIR /app                                         0.0s
[0m[36m => CACHED [deps 3/5] COPY package.json package-lock.json* pnpm-lock.yaml  0.0s
[0m[36m => CACHED [deps 4/5] COPY prisma ./prisma                                 0.0s
[0m[36m => CACHED [deps 5/5] RUN   if [ -f package-lock.json ]; then     npm ci   0.0s
[0m[36m => CACHED [builder 2/5] COPY --from=deps /app/node_modules ./node_module  0.0s
[0m[36m => [builder 3/5] COPY . .                                                 0.7s
[0m[36m => [builder 4/5] RUN npx prisma generate                                  7.1s
[0m => [builder 5/5] RUN npm run build                                       22.8s
[?25h[1A[1A[1A[1A[1A[1A[1A[1A[1A[0G[?25l[+] Building 32.3s (15/28)                                 docker:desktop-linux
[36m => CACHED [deps 2/5] WORKDIR /app                                         0.0s
[0m[36m => CACHED [deps 3/5] COPY package.json package-lock.json* pnpm-lock.yaml  0.0s
[0m[36m => CACHED [deps 4/5] COPY prisma ./prisma                                 0.0s
[0m[36m => CACHED [deps 5/5] RUN   if [ -f package-lock.json ]; then     npm ci   0.0s
[0m[36m => CACHED [builder 2/5] COPY --from=deps /app/node_modules ./node_module  0.0s
[0m[36m => [builder 3/5] COPY . .                                                 0.7s
[0m[36m => [builder 4/5] RUN npx prisma generate                                  7.1s
[0m => [builder 5/5] RUN npm run build                                       22.9s
[?25h[1A[1A[1A[1A[1A[1A[1A[1A[1A[0G[?25l[+] Building 32.4s (15/28)                                 docker:desktop-linux
[36m => CACHED [deps 2/5] WORKDIR /app                                         0.0s
[0m[36m => CACHED [deps 3/5] COPY package.json package-lock.json* pnpm-lock.yaml  0.0s
[0m[36m => CACHED [deps 4/5] COPY prisma ./prisma                                 0.0s
[0m[36m => CACHED [deps 5/5] RUN   if [ -f package-lock.json ]; then     npm ci   0.0s
[0m[36m => CACHED [builder 2/5] COPY --from=deps /app/node_modules ./node_module  0.0s
[0m[36m => [builder 3/5] COPY . .                                                 0.7s
[0m[36m => [builder 4/5] RUN npx prisma generate                                  7.1s
[0m => [builder 5/5] RUN npm run build                                       23.1s
[?25h[1A[1A[1A[1A[1A[1A[1A[1A[1A[0G[?25l[+] Building 32.6s (15/28)                                 docker:desktop-linux
[36m => CACHED [deps 2/5] WORKDIR /app                                         0.0s
[0m[36m => CACHED [deps 3/5] COPY package.json package-lock.json* pnpm-lock.yaml  0.0s
[0m[36m => CACHED [deps 4/5] COPY prisma ./prisma                                 0.0s
[0m[36m => CACHED [deps 5/5] RUN   if [ -f package-lock.json ]; then     npm ci   0.0s
[0m[36m => CACHED [builder 2/5] COPY --from=deps /app/node_modules ./node_module  0.0s
[0m[36m => [builder 3/5] COPY . .                                                 0.7s
[0m[36m => [builder 4/5] RUN npx prisma generate                                  7.1s
[0m => [builder 5/5] RUN npm run build                                       23.2s
[?25h[1A[1A[1A[1A[1A[1A[1A[1A[1A[0G[?25l[+] Building 32.7s (15/28)                                 docker:desktop-linux
[36m => CACHED [deps 2/5] WORKDIR /app                                         0.0s
[0m[36m => CACHED [deps 3/5] COPY package.json package-lock.json* pnpm-lock.yaml  0.0s
[0m[36m => CACHED [deps 4/5] COPY prisma ./prisma                                 0.0s
[0m[36m => CACHED [deps 5/5] RUN   if [ -f package-lock.json ]; then     npm ci   0.0s
[0m[36m => CACHED [builder 2/5] COPY --from=deps /app/node_modules ./node_module  0.0s
[0m[36m => [builder 3/5] COPY . .                                                 0.7s
[0m[36m => [builder 4/5] RUN npx prisma generate                                  7.1s
[0m => [builder 5/5] RUN npm run build                                       23.4s
[?25h[1A[1A[1A[1A[1A[1A[1A[1A[1A[0G[?25l[+] Building 32.9s (15/28)                                 docker:desktop-linux
[36m => CACHED [deps 2/5] WORKDIR /app                                         0.0s
[0m[36m => CACHED [deps 3/5] COPY package.json package-lock.json* pnpm-lock.yaml  0.0s
[0m[36m => CACHED [deps 4/5] COPY prisma ./prisma                                 0.0s
[0m[36m => CACHED [deps 5/5] RUN   if [ -f package-lock.json ]; then     npm ci   0.0s
[0m[36m => CACHED [builder 2/5] COPY --from=deps /app/node_modules ./node_module  0.0s
[0m[36m => [builder 3/5] COPY . .                                                 0.7s
[0m[36m => [builder 4/5] RUN npx prisma generate                                  7.1s
[0m => [builder 5/5] RUN npm run build                                       23.5s
[?25h[1A[1A[1A[1A[1A[1A[1A[1A[1A[0G[?25l[+] Building 33.0s (15/28)                                 docker:desktop-linux
[36m => CACHED [deps 2/5] WORKDIR /app                                         0.0s
[0m[36m => CACHED [deps 3/5] COPY package.json package-lock.json* pnpm-lock.yaml  0.0s
[0m[36m => CACHED [deps 4/5] COPY prisma ./prisma                                 0.0s
[0m[36m => CACHED [deps 5/5] RUN   if [ -f package-lock.json ]; then     npm ci   0.0s
[0m[36m => CACHED [builder 2/5] COPY --from=deps /app/node_modules ./node_module  0.0s
[0m[36m => [builder 3/5] COPY . .                                                 0.7s
[0m[36m => [builder 4/5] RUN npx prisma generate                                  7.1s
[0m => [builder 5/5] RUN npm run build                                       23.7s
[?25h[1A[1A[1A[1A[1A[1A[1A[1A[1A[0G[?25l[+] Building 33.2s (15/28)                                 docker:desktop-linux
[36m => CACHED [deps 2/5] WORKDIR /app                                         0.0s
[0m[36m => CACHED [deps 3/5] COPY package.json package-lock.json* pnpm-lock.yaml  0.0s
[0m[36m => CACHED [deps 4/5] COPY prisma ./prisma                                 0.0s
[0m[36m => CACHED [deps 5/5] RUN   if [ -f package-lock.json ]; then     npm ci   0.0s
[0m[36m => CACHED [builder 2/5] COPY --from=deps /app/node_modules ./node_module  0.0s
[0m[36m => [builder 3/5] COPY . .                                                 0.7s
[0m[36m => [builder 4/5] RUN npx prisma generate                                  7.1s
[0m => [builder 5/5] RUN npm run build                                       23.8s
[?25h[1A[1A[1A[1A[1A[1A[1A[1A[1A[0G[?25l[+] Building 33.3s (15/28)                                 docker:desktop-linux
[36m => CACHED [deps 2/5] WORKDIR /app                                         0.0s
[0m[36m => CACHED [deps 3/5] COPY package.json package-lock.json* pnpm-lock.yaml  0.0s
[0m[36m => CACHED [deps 4/5] COPY prisma ./prisma                                 0.0s
[0m[36m => CACHED [deps 5/5] RUN   if [ -f package-lock.json ]; then     npm ci   0.0s
[0m[36m => CACHED [builder 2/5] COPY --from=deps /app/node_modules ./node_module  0.0s
[0m[36m => [builder 3/5] COPY . .                                                 0.7s
[0m[36m => [builder 4/5] RUN npx prisma generate                                  7.1s
[0m => [builder 5/5] RUN npm run build                                       24.0s
[?25h[1A[1A[1A[1A[1A[1A[1A[1A[1A[0G[?25l[+] Building 33.5s (15/28)                                 docker:desktop-linux
[36m => CACHED [deps 2/5] WORKDIR /app                                         0.0s
[0m[36m => CACHED [deps 3/5] COPY package.json package-lock.json* pnpm-lock.yaml  0.0s
[0m[36m => CACHED [deps 4/5] COPY prisma ./prisma                                 0.0s
[0m[36m => CACHED [deps 5/5] RUN   if [ -f package-lock.json ]; then     npm ci   0.0s
[0m[36m => CACHED [builder 2/5] COPY --from=deps /app/node_modules ./node_module  0.0s
[0m[36m => [builder 3/5] COPY . .                                                 0.7s
[0m[36m => [builder 4/5] RUN npx prisma generate                                  7.1s
[0m => [builder 5/5] RUN npm run build                                       24.1s
[?25h[1A[1A[1A[1A[1A[1A[1A[1A[1A[0G[?25l[+] Building 33.6s (15/28)                                 docker:desktop-linux
[36m => CACHED [deps 2/5] WORKDIR /app                                         0.0s
[0m[36m => CACHED [deps 3/5] COPY package.json package-lock.json* pnpm-lock.yaml  0.0s
[0m[36m => CACHED [deps 4/5] COPY prisma ./prisma                                 0.0s
[0m[36m => CACHED [deps 5/5] RUN   if [ -f package-lock.json ]; then     npm ci   0.0s
[0m[36m => CACHED [builder 2/5] COPY --from=deps /app/node_modules ./node_module  0.0s
[0m[36m => [builder 3/5] COPY . .                                                 0.7s
[0m[36m => [builder 4/5] RUN npx prisma generate                                  7.1s
[0m => [builder 5/5] RUN npm run build                                       24.3s
[?25h[1A[1A[1A[1A[1A[1A[1A[1A[1A[0G[?25l[+] Building 33.8s (15/28)                                 docker:desktop-linux
[36m => CACHED [deps 2/5] WORKDIR /app                                         0.0s
[0m[36m => CACHED [deps 3/5] COPY package.json package-lock.json* pnpm-lock.yaml  0.0s
[0m[36m => CACHED [deps 4/5] COPY prisma ./prisma                                 0.0s
[0m[36m => CACHED [deps 5/5] RUN   if [ -f package-lock.json ]; then     npm ci   0.0s
[0m[36m => CACHED [builder 2/5] COPY --from=deps /app/node_modules ./node_module  0.0s
[0m[36m => [builder 3/5] COPY . .                                                 0.7s
[0m[36m => [builder 4/5] RUN npx prisma generate                                  7.1s
[0m => [builder 5/5] RUN npm run build                                       24.4s
[?25h[1A[1A[1A[1A[1A[1A[1A[1A[1A[0G[?25l[+] Building 33.9s (15/28)                                 docker:desktop-linux
[36m => CACHED [deps 2/5] WORKDIR /app                                         0.0s
[0m[36m => CACHED [deps 3/5] COPY package.json package-lock.json* pnpm-lock.yaml  0.0s
[0m[36m => CACHED [deps 4/5] COPY prisma ./prisma                                 0.0s
[0m[36m => CACHED [deps 5/5] RUN   if [ -f package-lock.json ]; then     npm ci   0.0s
[0m[36m => CACHED [builder 2/5] COPY --from=deps /app/node_modules ./node_module  0.0s
[0m[36m => [builder 3/5] COPY . .                                                 0.7s
[0m[36m => [builder 4/5] RUN npx prisma generate                                  7.1s
[0m => [builder 5/5] RUN npm run build                                       24.6s
[?25h[1A[1A[1A[1A[1A[1A[1A[1A[1A[0G[?25l[+] Building 34.1s (15/28)                                 docker:desktop-linux
[36m => CACHED [deps 2/5] WORKDIR /app                                         0.0s
[0m[36m => CACHED [deps 3/5] COPY package.json package-lock.json* pnpm-lock.yaml  0.0s
[0m[36m => CACHED [deps 4/5] COPY prisma ./prisma                                 0.0s
[0m[36m => CACHED [deps 5/5] RUN   if [ -f package-lock.json ]; then     npm ci   0.0s
[0m[36m => CACHED [builder 2/5] COPY --from=deps /app/node_modules ./node_module  0.0s
[0m[36m => [builder 3/5] COPY . .                                                 0.7s
[0m[36m => [builder 4/5] RUN npx prisma generate                                  7.1s
[0m => [builder 5/5] RUN npm run build                                       24.7s
[?25h[1A[1A[1A[1A[1A[1A[1A[1A[1A[0G[?25l[+] Building 34.2s (15/28)                                 docker:desktop-linux
[36m => CACHED [deps 2/5] WORKDIR /app                                         0.0s
[0m[36m => CACHED [deps 3/5] COPY package.json package-lock.json* pnpm-lock.yaml  0.0s
[0m[36m => CACHED [deps 4/5] COPY prisma ./prisma                                 0.0s
[0m[36m => CACHED [deps 5/5] RUN   if [ -f package-lock.json ]; then     npm ci   0.0s
[0m[36m => CACHED [builder 2/5] COPY --from=deps /app/node_modules ./node_module  0.0s
[0m[36m => [builder 3/5] COPY . .                                                 0.7s
[0m[36m => [builder 4/5] RUN npx prisma generate                                  7.1s
[0m => [builder 5/5] RUN npm run build                                       24.9s
[?25h[1A[1A[1A[1A[1A[1A[1A[1A[1A[0G[?25l[+] Building 34.4s (15/28)                                 docker:desktop-linux
[36m => CACHED [deps 2/5] WORKDIR /app                                         0.0s
[0m[36m => CACHED [deps 3/5] COPY package.json package-lock.json* pnpm-lock.yaml  0.0s
[0m[36m => CACHED [deps 4/5] COPY prisma ./prisma                                 0.0s
[0m[36m => CACHED [deps 5/5] RUN   if [ -f package-lock.json ]; then     npm ci   0.0s
[0m[36m => CACHED [builder 2/5] COPY --from=deps /app/node_modules ./node_module  0.0s
[0m[36m => [builder 3/5] COPY . .                                                 0.7s
[0m[36m => [builder 4/5] RUN npx prisma generate                                  7.1s
[0m => [builder 5/5] RUN npm run build                                       25.0s
[?25h[1A[1A[1A[1A[1A[1A[1A[1A[1A[0G[?25l[+] Building 34.5s (15/28)                                 docker:desktop-linux
[36m => CACHED [deps 2/5] WORKDIR /app                                         0.0s
[0m[36m => CACHED [deps 3/5] COPY package.json package-lock.json* pnpm-lock.yaml  0.0s
[0m[36m => CACHED [deps 4/5] COPY prisma ./prisma                                 0.0s
[0m[36m => CACHED [deps 5/5] RUN   if [ -f package-lock.json ]; then     npm ci   0.0s
[0m[36m => CACHED [builder 2/5] COPY --from=deps /app/node_modules ./node_module  0.0s
[0m[36m => [builder 3/5] COPY . .                                                 0.7s
[0m[36m => [builder 4/5] RUN npx prisma generate                                  7.1s
[0m => [builder 5/5] RUN npm run build                                       25.2s
[?25h[1A[1A[1A[1A[1A[1A[1A[1A[1A[0G[?25l[+] Building 34.7s (15/28)                                 docker:desktop-linux
[36m => CACHED [deps 2/5] WORKDIR /app                                         0.0s
[0m[36m => CACHED [deps 3/5] COPY package.json package-lock.json* pnpm-lock.yaml  0.0s
[0m[36m => CACHED [deps 4/5] COPY prisma ./prisma                                 0.0s
[0m[36m => CACHED [deps 5/5] RUN   if [ -f package-lock.json ]; then     npm ci   0.0s
[0m[36m => CACHED [builder 2/5] COPY --from=deps /app/node_modules ./node_module  0.0s
[0m[36m => [builder 3/5] COPY . .                                                 0.7s
[0m[36m => [builder 4/5] RUN npx prisma generate                                  7.1s
[0m => [builder 5/5] RUN npm run build                                       25.3s
[?25h[1A[1A[1A[1A[1A[1A[1A[1A[1A[0G[?25l[+] Building 34.8s (15/28)                                 docker:desktop-linux
[36m => CACHED [deps 2/5] WORKDIR /app                                         0.0s
[0m[36m => CACHED [deps 3/5] COPY package.json package-lock.json* pnpm-lock.yaml  0.0s
[0m[36m => CACHED [deps 4/5] COPY prisma ./prisma                                 0.0s
[0m[36m => CACHED [deps 5/5] RUN   if [ -f package-lock.json ]; then     npm ci   0.0s
[0m[36m => CACHED [builder 2/5] COPY --from=deps /app/node_modules ./node_module  0.0s
[0m[36m => [builder 3/5] COPY . .                                                 0.7s
[0m[36m => [builder 4/5] RUN npx prisma generate                                  7.1s
[0m => [builder 5/5] RUN npm run build                                       25.5s
[?25h[1A[1A[1A[1A[1A[1A[1A[1A[1A[0G[?25l[+] Building 35.0s (15/28)                                 docker:desktop-linux
[36m => CACHED [deps 2/5] WORKDIR /app                                         0.0s
[0m[36m => CACHED [deps 3/5] COPY package.json package-lock.json* pnpm-lock.yaml  0.0s
[0m[36m => CACHED [deps 4/5] COPY prisma ./prisma                                 0.0s
[0m[36m => CACHED [deps 5/5] RUN   if [ -f package-lock.json ]; then     npm ci   0.0s
[0m[36m => CACHED [builder 2/5] COPY --from=deps /app/node_modules ./node_module  0.0s
[0m[36m => [builder 3/5] COPY . .                                                 0.7s
[0m[36m => [builder 4/5] RUN npx prisma generate                                  7.1s
[0m => [builder 5/5] RUN npm run build                                       25.6s
[?25h[1A[1A[1A[1A[1A[1A[1A[1A[1A[0G[?25l[+] Building 35.1s (15/28)                                 docker:desktop-linux
[36m => CACHED [deps 2/5] WORKDIR /app                                         0.0s
[0m[36m => CACHED [deps 3/5] COPY package.json package-lock.json* pnpm-lock.yaml  0.0s
[0m[36m => CACHED [deps 4/5] COPY prisma ./prisma                                 0.0s
[0m[36m => CACHED [deps 5/5] RUN   if [ -f package-lock.json ]; then     npm ci   0.0s
[0m[36m => CACHED [builder 2/5] COPY --from=deps /app/node_modules ./node_module  0.0s
[0m[36m => [builder 3/5] COPY . .                                                 0.7s
[0m[36m => [builder 4/5] RUN npx prisma generate                                  7.1s
[0m => [builder 5/5] RUN npm run build                                       25.8s
[?25h[1A[1A[1A[1A[1A[1A[1A[1A[1A[0G[?25l[+] Building 35.3s (15/28)                                 docker:desktop-linux
[36m => CACHED [deps 2/5] WORKDIR /app                                         0.0s
[0m[36m => CACHED [deps 3/5] COPY package.json package-lock.json* pnpm-lock.yaml  0.0s
[0m[36m => CACHED [deps 4/5] COPY prisma ./prisma                                 0.0s
[0m[36m => CACHED [deps 5/5] RUN   if [ -f package-lock.json ]; then     npm ci   0.0s
[0m[36m => CACHED [builder 2/5] COPY --from=deps /app/node_modules ./node_module  0.0s
[0m[36m => [builder 3/5] COPY . .                                                 0.7s
[0m[36m => [builder 4/5] RUN npx prisma generate                                  7.1s
[0m => [builder 5/5] RUN npm run build                                       25.9s
[?25h[1A[1A[1A[1A[1A[1A[1A[1A[1A[0G[?25l[+] Building 35.4s (15/28)                                 docker:desktop-linux
[36m => CACHED [deps 2/5] WORKDIR /app                                         0.0s
[0m[36m => CACHED [deps 3/5] COPY package.json package-lock.json* pnpm-lock.yaml  0.0s
[0m[36m => CACHED [deps 4/5] COPY prisma ./prisma                                 0.0s
[0m[36m => CACHED [deps 5/5] RUN   if [ -f package-lock.json ]; then     npm ci   0.0s
[0m[36m => CACHED [builder 2/5] COPY --from=deps /app/node_modules ./node_module  0.0s
[0m[36m => [builder 3/5] COPY . .                                                 0.7s
[0m[36m => [builder 4/5] RUN npx prisma generate                                  7.1s
[0m => [builder 5/5] RUN npm run build                                       26.1s
[?25h[1A[1A[1A[1A[1A[1A[1A[1A[1A[0G[?25l[+] Building 35.6s (15/28)                                 docker:desktop-linux
[36m => CACHED [deps 2/5] WORKDIR /app                                         0.0s
[0m[36m => CACHED [deps 3/5] COPY package.json package-lock.json* pnpm-lock.yaml  0.0s
[0m[36m => CACHED [deps 4/5] COPY prisma ./prisma                                 0.0s
[0m[36m => CACHED [deps 5/5] RUN   if [ -f package-lock.json ]; then     npm ci   0.0s
[0m[36m => CACHED [builder 2/5] COPY --from=deps /app/node_modules ./node_module  0.0s
[0m[36m => [builder 3/5] COPY . .                                                 0.7s
[0m[36m => [builder 4/5] RUN npx prisma generate                                  7.1s
[0m => [builder 5/5] RUN npm run build                                       26.2s
[?25h[1A[1A[1A[1A[1A[1A[1A[1A[1A[0G[?25l[+] Building 35.7s (15/28)                                 docker:desktop-linux
[36m => CACHED [deps 2/5] WORKDIR /app                                         0.0s
[0m[36m => CACHED [deps 3/5] COPY package.json package-lock.json* pnpm-lock.yaml  0.0s
[0m[36m => CACHED [deps 4/5] COPY prisma ./prisma                                 0.0s
[0m[36m => CACHED [deps 5/5] RUN   if [ -f package-lock.json ]; then     npm ci   0.0s
[0m[36m => CACHED [builder 2/5] COPY --from=deps /app/node_modules ./node_module  0.0s
[0m[36m => [builder 3/5] COPY . .                                                 0.7s
[0m[36m => [builder 4/5] RUN npx prisma generate                                  7.1s
[0m => [builder 5/5] RUN npm run build                                       26.4s
[?25h[1A[1A[1A[1A[1A[1A[1A[1A[1A[0G[?25l[+] Building 35.9s (15/28)                                 docker:desktop-linux
[36m => CACHED [deps 2/5] WORKDIR /app                                         0.0s
[0m[36m => CACHED [deps 3/5] COPY package.json package-lock.json* pnpm-lock.yaml  0.0s
[0m[36m => CACHED [deps 4/5] COPY prisma ./prisma                                 0.0s
[0m[36m => CACHED [deps 5/5] RUN   if [ -f package-lock.json ]; then     npm ci   0.0s
[0m[36m => CACHED [builder 2/5] COPY --from=deps /app/node_modules ./node_module  0.0s
[0m[36m => [builder 3/5] COPY . .                                                 0.7s
[0m[36m => [builder 4/5] RUN npx prisma generate                                  7.1s
[0m => [builder 5/5] RUN npm run build                                       26.5s
[?25h[1A[1A[1A[1A[1A[1A[1A[1A[1A[0G[?25l[+] Building 36.0s (15/28)                                 docker:desktop-linux
[36m => CACHED [deps 2/5] WORKDIR /app                                         0.0s
[0m[36m => CACHED [deps 3/5] COPY package.json package-lock.json* pnpm-lock.yaml  0.0s
[0m[36m => CACHED [deps 4/5] COPY prisma ./prisma                                 0.0s
[0m[36m => CACHED [deps 5/5] RUN   if [ -f package-lock.json ]; then     npm ci   0.0s
[0m[36m => CACHED [builder 2/5] COPY --from=deps /app/node_modules ./node_module  0.0s
[0m[36m => [builder 3/5] COPY . .                                                 0.7s
[0m[36m => [builder 4/5] RUN npx prisma generate                                  7.1s
[0m => [builder 5/5] RUN npm run build                                       26.7s
[?25h[1A[1A[1A[1A[1A[1A[1A[1A[1A[0G[?25l[+] Building 36.2s (15/28)                                 docker:desktop-linux
[36m => CACHED [deps 2/5] WORKDIR /app                                         0.0s
[0m[36m => CACHED [deps 3/5] COPY package.json package-lock.json* pnpm-lock.yaml  0.0s
[0m[36m => CACHED [deps 4/5] COPY prisma ./prisma                                 0.0s
[0m[36m => CACHED [deps 5/5] RUN   if [ -f package-lock.json ]; then     npm ci   0.0s
[0m[36m => CACHED [builder 2/5] COPY --from=deps /app/node_modules ./node_module  0.0s
[0m[36m => [builder 3/5] COPY . .                                                 0.7s
[0m[36m => [builder 4/5] RUN npx prisma generate                                  7.1s
[0m => [builder 5/5] RUN npm run build                                       26.8s
[?25h[1A[1A[1A[1A[1A[1A[1A[1A[1A[0G[?25l[+] Building 36.3s (15/28)                                 docker:desktop-linux
[36m => CACHED [deps 2/5] WORKDIR /app                                         0.0s
[0m[36m => CACHED [deps 3/5] COPY package.json package-lock.json* pnpm-lock.yaml  0.0s
[0m[36m => CACHED [deps 4/5] COPY prisma ./prisma                                 0.0s
[0m[36m => CACHED [deps 5/5] RUN   if [ -f package-lock.json ]; then     npm ci   0.0s
[0m[36m => CACHED [builder 2/5] COPY --from=deps /app/node_modules ./node_module  0.0s
[0m[36m => [builder 3/5] COPY . .                                                 0.7s
[0m[36m => [builder 4/5] RUN npx prisma generate                                  7.1s
[0m => [builder 5/5] RUN npm run build                                       27.0s
[?25h[1A[1A[1A[1A[1A[1A[1A[1A[1A[0G[?25l[+] Building 36.5s (15/28)                                 docker:desktop-linux
[36m => CACHED [deps 2/5] WORKDIR /app                                         0.0s
[0m[36m => CACHED [deps 3/5] COPY package.json package-lock.json* pnpm-lock.yaml  0.0s
[0m[36m => CACHED [deps 4/5] COPY prisma ./prisma                                 0.0s
[0m[36m => CACHED [deps 5/5] RUN   if [ -f package-lock.json ]; then     npm ci   0.0s
[0m[36m => CACHED [builder 2/5] COPY --from=deps /app/node_modules ./node_module  0.0s
[0m[36m => [builder 3/5] COPY . .                                                 0.7s
[0m[36m => [builder 4/5] RUN npx prisma generate                                  7.1s
[0m => [builder 5/5] RUN npm run build                                       27.1s
[?25h[1A[1A[1A[1A[1A[1A[1A[1A[1A[0G[?25l[+] Building 36.6s (15/28)                                 docker:desktop-linux
[36m => CACHED [deps 2/5] WORKDIR /app                                         0.0s
[0m[36m => CACHED [deps 3/5] COPY package.json package-lock.json* pnpm-lock.yaml  0.0s
[0m[36m => CACHED [deps 4/5] COPY prisma ./prisma                                 0.0s
[0m[36m => CACHED [deps 5/5] RUN   if [ -f package-lock.json ]; then     npm ci   0.0s
[0m[36m => CACHED [builder 2/5] COPY --from=deps /app/node_modules ./node_module  0.0s
[0m[36m => [builder 3/5] COPY . .                                                 0.7s
[0m[36m => [builder 4/5] RUN npx prisma generate                                  7.1s
[0m => [builder 5/5] RUN npm run build                                       27.3s
[?25h[1A[1A[1A[1A[1A[1A[1A[1A[1A[0G[?25l[+] Building 36.8s (15/28)                                 docker:desktop-linux
[36m => CACHED [deps 2/5] WORKDIR /app                                         0.0s
[0m[36m => CACHED [deps 3/5] COPY package.json package-lock.json* pnpm-lock.yaml  0.0s
[0m[36m => CACHED [deps 4/5] COPY prisma ./prisma                                 0.0s
[0m[36m => CACHED [deps 5/5] RUN   if [ -f package-lock.json ]; then     npm ci   0.0s
[0m[36m => CACHED [builder 2/5] COPY --from=deps /app/node_modules ./node_module  0.0s
[0m[36m => [builder 3/5] COPY . .                                                 0.7s
[0m[36m => [builder 4/5] RUN npx prisma generate                                  7.1s
[0m => [builder 5/5] RUN npm run build                                       27.4s
[?25h[1A[1A[1A[1A[1A[1A[1A[1A[1A[0G[?25l[+] Building 36.9s (15/28)                                 docker:desktop-linux
[36m => CACHED [deps 2/5] WORKDIR /app                                         0.0s
[0m[36m => CACHED [deps 3/5] COPY package.json package-lock.json* pnpm-lock.yaml  0.0s
[0m[36m => CACHED [deps 4/5] COPY prisma ./prisma                                 0.0s
[0m[36m => CACHED [deps 5/5] RUN   if [ -f package-lock.json ]; then     npm ci   0.0s
[0m[36m => CACHED [builder 2/5] COPY --from=deps /app/node_modules ./node_module  0.0s
[0m[36m => [builder 3/5] COPY . .                                                 0.7s
[0m[36m => [builder 4/5] RUN npx prisma generate                                  7.1s
[0m => [builder 5/5] RUN npm run build                                       27.6s
[?25h[1A[1A[1A[1A[1A[1A[1A[1A[1A[0G[?25l[+] Building 37.1s (15/28)                                 docker:desktop-linux
[36m => CACHED [deps 2/5] WORKDIR /app                                         0.0s
[0m[36m => CACHED [deps 3/5] COPY package.json package-lock.json* pnpm-lock.yaml  0.0s
[0m[36m => CACHED [deps 4/5] COPY prisma ./prisma                                 0.0s
[0m[36m => CACHED [deps 5/5] RUN   if [ -f package-lock.json ]; then     npm ci   0.0s
[0m[36m => CACHED [builder 2/5] COPY --from=deps /app/node_modules ./node_module  0.0s
[0m[36m => [builder 3/5] COPY . .                                                 0.7s
[0m[36m => [builder 4/5] RUN npx prisma generate                                  7.1s
[0m => [builder 5/5] RUN npm run build                                       27.7s
[?25h[1A[1A[1A[1A[1A[1A[1A[1A[1A[0G[?25l[+] Building 37.2s (15/28)                                 docker:desktop-linux
[36m => CACHED [deps 2/5] WORKDIR /app                                         0.0s
[0m[36m => CACHED [deps 3/5] COPY package.json package-lock.json* pnpm-lock.yaml  0.0s
[0m[36m => CACHED [deps 4/5] COPY prisma ./prisma                                 0.0s
[0m[36m => CACHED [deps 5/5] RUN   if [ -f package-lock.json ]; then     npm ci   0.0s
[0m[36m => CACHED [builder 2/5] COPY --from=deps /app/node_modules ./node_module  0.0s
[0m[36m => [builder 3/5] COPY . .                                                 0.7s
[0m[36m => [builder 4/5] RUN npx prisma generate                                  7.1s
[0m => [builder 5/5] RUN npm run build                                       27.9s
[?25h[1A[1A[1A[1A[1A[1A[1A[1A[1A[0G[?25l[+] Building 37.4s (15/28)                                 docker:desktop-linux
[36m => CACHED [deps 2/5] WORKDIR /app                                         0.0s
[0m[36m => CACHED [deps 3/5] COPY package.json package-lock.json* pnpm-lock.yaml  0.0s
[0m[36m => CACHED [deps 4/5] COPY prisma ./prisma                                 0.0s
[0m[36m => CACHED [deps 5/5] RUN   if [ -f package-lock.json ]; then     npm ci   0.0s
[0m[36m => CACHED [builder 2/5] COPY --from=deps /app/node_modules ./node_module  0.0s
[0m[36m => [builder 3/5] COPY . .                                                 0.7s
[0m[36m => [builder 4/5] RUN npx prisma generate                                  7.1s
[0m => [builder 5/5] RUN npm run build                                       28.0s
[?25h[1A[1A[1A[1A[1A[1A[1A[1A[1A[0G[?25l[+] Building 37.5s (15/28)                                 docker:desktop-linux
[36m => CACHED [deps 2/5] WORKDIR /app                                         0.0s
[0m[36m => CACHED [deps 3/5] COPY package.json package-lock.json* pnpm-lock.yaml  0.0s
[0m[36m => CACHED [deps 4/5] COPY prisma ./prisma                                 0.0s
[0m[36m => CACHED [deps 5/5] RUN   if [ -f package-lock.json ]; then     npm ci   0.0s
[0m[36m => CACHED [builder 2/5] COPY --from=deps /app/node_modules ./node_module  0.0s
[0m[36m => [builder 3/5] COPY . .                                                 0.7s
[0m[36m => [builder 4/5] RUN npx prisma generate                                  7.1s
[0m => [builder 5/5] RUN npm run build                                       28.2s
[?25h[1A[1A[1A[1A[1A[1A[1A[1A[1A[0G[?25l[+] Building 37.7s (15/28)                                 docker:desktop-linux
[36m => CACHED [deps 2/5] WORKDIR /app                                         0.0s
[0m[36m => CACHED [deps 3/5] COPY package.json package-lock.json* pnpm-lock.yaml  0.0s
[0m[36m => CACHED [deps 4/5] COPY prisma ./prisma                                 0.0s
[0m[36m => CACHED [deps 5/5] RUN   if [ -f package-lock.json ]; then     npm ci   0.0s
[0m[36m => CACHED [builder 2/5] COPY --from=deps /app/node_modules ./node_module  0.0s
[0m[36m => [builder 3/5] COPY . .                                                 0.7s
[0m[36m => [builder 4/5] RUN npx prisma generate                                  7.1s
[0m => [builder 5/5] RUN npm run build                                       28.3s
[?25h[1A[1A[1A[1A[1A[1A[1A[1A[1A[0G[?25l[+] Building 37.8s (15/28)                                 docker:desktop-linux
[36m => CACHED [deps 2/5] WORKDIR /app                                         0.0s
[0m[36m => CACHED [deps 3/5] COPY package.json package-lock.json* pnpm-lock.yaml  0.0s
[0m[36m => CACHED [deps 4/5] COPY prisma ./prisma                                 0.0s
[0m[36m => CACHED [deps 5/5] RUN   if [ -f package-lock.json ]; then     npm ci   0.0s
[0m[36m => CACHED [builder 2/5] COPY --from=deps /app/node_modules ./node_module  0.0s
[0m[36m => [builder 3/5] COPY . .                                                 0.7s
[0m[36m => [builder 4/5] RUN npx prisma generate                                  7.1s
[0m => [builder 5/5] RUN npm run build                                       28.5s
[?25h[1A[1A[1A[1A[1A[1A[1A[1A[1A[0G[?25l[+] Building 38.0s (15/28)                                 docker:desktop-linux
[36m => CACHED [deps 2/5] WORKDIR /app                                         0.0s
[0m[36m => CACHED [deps 3/5] COPY package.json package-lock.json* pnpm-lock.yaml  0.0s
[0m[36m => CACHED [deps 4/5] COPY prisma ./prisma                                 0.0s
[0m[36m => CACHED [deps 5/5] RUN   if [ -f package-lock.json ]; then     npm ci   0.0s
[0m[36m => CACHED [builder 2/5] COPY --from=deps /app/node_modules ./node_module  0.0s
[0m[36m => [builder 3/5] COPY . .                                                 0.7s
[0m[36m => [builder 4/5] RUN npx prisma generate                                  7.1s
[0m => [builder 5/5] RUN npm run build                                       28.6s
[?25h[1A[1A[1A[1A[1A[1A[1A[1A[1A[0G[?25l[+] Building 38.1s (15/28)                                 docker:desktop-linux
[36m => CACHED [deps 2/5] WORKDIR /app                                         0.0s
[0m[36m => CACHED [deps 3/5] COPY package.json package-lock.json* pnpm-lock.yaml  0.0s
[0m[36m => CACHED [deps 4/5] COPY prisma ./prisma                                 0.0s
[0m[36m => CACHED [deps 5/5] RUN   if [ -f package-lock.json ]; then     npm ci   0.0s
[0m[36m => CACHED [builder 2/5] COPY --from=deps /app/node_modules ./node_module  0.0s
[0m[36m => [builder 3/5] COPY . .                                                 0.7s
[0m[36m => [builder 4/5] RUN npx prisma generate                                  7.1s
[0m => [builder 5/5] RUN npm run build                                       28.8s
[?25h[1A[1A[1A[1A[1A[1A[1A[1A[1A[0G[?25l[+] Building 38.3s (15/28)                                 docker:desktop-linux
[36m => CACHED [deps 2/5] WORKDIR /app                                         0.0s
[0m[36m => CACHED [deps 3/5] COPY package.json package-lock.json* pnpm-lock.yaml  0.0s
[0m[36m => CACHED [deps 4/5] COPY prisma ./prisma                                 0.0s
[0m[36m => CACHED [deps 5/5] RUN   if [ -f package-lock.json ]; then     npm ci   0.0s
[0m[36m => CACHED [builder 2/5] COPY --from=deps /app/node_modules ./node_module  0.0s
[0m[36m => [builder 3/5] COPY . .                                                 0.7s
[0m[36m => [builder 4/5] RUN npx prisma generate                                  7.1s
[0m => [builder 5/5] RUN npm run build                                       28.9s
[?25h[1A[1A[1A[1A[1A[1A[1A[1A[1A[0G[?25l[+] Building 38.4s (15/28)                                 docker:desktop-linux
[36m => CACHED [deps 2/5] WORKDIR /app                                         0.0s
[0m[36m => CACHED [deps 3/5] COPY package.json package-lock.json* pnpm-lock.yaml  0.0s
[0m[36m => CACHED [deps 4/5] COPY prisma ./prisma                                 0.0s
[0m[36m => CACHED [deps 5/5] RUN   if [ -f package-lock.json ]; then     npm ci   0.0s
[0m[36m => CACHED [builder 2/5] COPY --from=deps /app/node_modules ./node_module  0.0s
[0m[36m => [builder 3/5] COPY . .                                                 0.7s
[0m[36m => [builder 4/5] RUN npx prisma generate                                  7.1s
[0m => [builder 5/5] RUN npm run build                                       29.1s
[?25h[1A[1A[1A[1A[1A[1A[1A[1A[1A[0G[?25l[+] Building 38.6s (15/28)                                 docker:desktop-linux
[36m => CACHED [deps 2/5] WORKDIR /app                                         0.0s
[0m[36m => CACHED [deps 3/5] COPY package.json package-lock.json* pnpm-lock.yaml  0.0s
[0m[36m => CACHED [deps 4/5] COPY prisma ./prisma                                 0.0s
[0m[36m => CACHED [deps 5/5] RUN   if [ -f package-lock.json ]; then     npm ci   0.0s
[0m[36m => CACHED [builder 2/5] COPY --from=deps /app/node_modules ./node_module  0.0s
[0m[36m => [builder 3/5] COPY . .                                                 0.7s
[0m[36m => [builder 4/5] RUN npx prisma generate                                  7.1s
[0m => [builder 5/5] RUN npm run build                                       29.2s
[?25h[1A[1A[1A[1A[1A[1A[1A[1A[1A[0G[?25l[+] Building 38.7s (15/28)                                 docker:desktop-linux
[36m => CACHED [deps 2/5] WORKDIR /app                                         0.0s
[0m[36m => CACHED [deps 3/5] COPY package.json package-lock.json* pnpm-lock.yaml  0.0s
[0m[36m => CACHED [deps 4/5] COPY prisma ./prisma                                 0.0s
[0m[36m => CACHED [deps 5/5] RUN   if [ -f package-lock.json ]; then     npm ci   0.0s
[0m[36m => CACHED [builder 2/5] COPY --from=deps /app/node_modules ./node_module  0.0s
[0m[36m => [builder 3/5] COPY . .                                                 0.7s
[0m[36m => [builder 4/5] RUN npx prisma generate                                  7.1s
[0m => [builder 5/5] RUN npm run build                                       29.4s
[?25h[1A[1A[1A[1A[1A[1A[1A[1A[1A[0G[?25l[+] Building 38.9s (15/28)                                 docker:desktop-linux
[36m => CACHED [deps 2/5] WORKDIR /app                                         0.0s
[0m[36m => CACHED [deps 3/5] COPY package.json package-lock.json* pnpm-lock.yaml  0.0s
[0m[36m => CACHED [deps 4/5] COPY prisma ./prisma                                 0.0s
[0m[36m => CACHED [deps 5/5] RUN   if [ -f package-lock.json ]; then     npm ci   0.0s
[0m[36m => CACHED [builder 2/5] COPY --from=deps /app/node_modules ./node_module  0.0s
[0m[36m => [builder 3/5] COPY . .                                                 0.7s
[0m[36m => [builder 4/5] RUN npx prisma generate                                  7.1s
[0m => [builder 5/5] RUN npm run build                                       29.5s
[?25h[1A[1A[1A[1A[1A[1A[1A[1A[1A[0G[?25l[+] Building 39.0s (15/28)                                 docker:desktop-linux
[36m => CACHED [deps 2/5] WORKDIR /app                                         0.0s
[0m[36m => CACHED [deps 3/5] COPY package.json package-lock.json* pnpm-lock.yaml  0.0s
[0m[36m => CACHED [deps 4/5] COPY prisma ./prisma                                 0.0s
[0m[36m => CACHED [deps 5/5] RUN   if [ -f package-lock.json ]; then     npm ci   0.0s
[0m[36m => CACHED [builder 2/5] COPY --from=deps /app/node_modules ./node_module  0.0s
[0m[36m => [builder 3/5] COPY . .                                                 0.7s
[0m[36m => [builder 4/5] RUN npx prisma generate                                  7.1s
[0m => [builder 5/5] RUN npm run build                                       29.7s
[?25h[1A[1A[1A[1A[1A[1A[1A[1A[1A[0G[?25l[+] Building 39.2s (15/28)                                 docker:desktop-linux
[36m => CACHED [deps 2/5] WORKDIR /app                                         0.0s
[0m[36m => CACHED [deps 3/5] COPY package.json package-lock.json* pnpm-lock.yaml  0.0s
[0m[36m => CACHED [deps 4/5] COPY prisma ./prisma                                 0.0s
[0m[36m => CACHED [deps 5/5] RUN   if [ -f package-lock.json ]; then     npm ci   0.0s
[0m[36m => CACHED [builder 2/5] COPY --from=deps /app/node_modules ./node_module  0.0s
[0m[36m => [builder 3/5] COPY . .                                                 0.7s
[0m[36m => [builder 4/5] RUN npx prisma generate                                  7.1s
[0m => [builder 5/5] RUN npm run build                                       29.8s
[?25h[1A[1A[1A[1A[1A[1A[1A[1A[1A[0G[?25l[+] Building 39.3s (15/28)                                 docker:desktop-linux
[36m => CACHED [deps 2/5] WORKDIR /app                                         0.0s
[0m[36m => CACHED [deps 3/5] COPY package.json package-lock.json* pnpm-lock.yaml  0.0s
[0m[36m => CACHED [deps 4/5] COPY prisma ./prisma                                 0.0s
[0m[36m => CACHED [deps 5/5] RUN   if [ -f package-lock.json ]; then     npm ci   0.0s
[0m[36m => CACHED [builder 2/5] COPY --from=deps /app/node_modules ./node_module  0.0s
[0m[36m => [builder 3/5] COPY . .                                                 0.7s
[0m[36m => [builder 4/5] RUN npx prisma generate                                  7.1s
[0m => [builder 5/5] RUN npm run build                                       30.0s
[?25h[1A[1A[1A[1A[1A[1A[1A[1A[1A[0G[?25l[+] Building 39.5s (15/28)                                 docker:desktop-linux
[36m => CACHED [deps 2/5] WORKDIR /app                                         0.0s
[0m[36m => CACHED [deps 3/5] COPY package.json package-lock.json* pnpm-lock.yaml  0.0s
[0m[36m => CACHED [deps 4/5] COPY prisma ./prisma                                 0.0s
[0m[36m => CACHED [deps 5/5] RUN   if [ -f package-lock.json ]; then     npm ci   0.0s
[0m[36m => CACHED [builder 2/5] COPY --from=deps /app/node_modules ./node_module  0.0s
[0m[36m => [builder 3/5] COPY . .                                                 0.7s
[0m[36m => [builder 4/5] RUN npx prisma generate                                  7.1s
[0m => [builder 5/5] RUN npm run build                                       30.1s
[?25h[1A[1A[1A[1A[1A[1A[1A[1A[1A[0G[?25l[+] Building 39.6s (15/28)                                 docker:desktop-linux
[36m => CACHED [deps 2/5] WORKDIR /app                                         0.0s
[0m[36m => CACHED [deps 3/5] COPY package.json package-lock.json* pnpm-lock.yaml  0.0s
[0m[36m => CACHED [deps 4/5] COPY prisma ./prisma                                 0.0s
[0m[36m => CACHED [deps 5/5] RUN   if [ -f package-lock.json ]; then     npm ci   0.0s
[0m[36m => CACHED [builder 2/5] COPY --from=deps /app/node_modules ./node_module  0.0s
[0m[36m => [builder 3/5] COPY . .                                                 0.7s
[0m[36m => [builder 4/5] RUN npx prisma generate                                  7.1s
[0m => [builder 5/5] RUN npm run build                                       30.3s
[?25h[1A[1A[1A[1A[1A[1A[1A[1A[1A[0G[?25l[+] Building 39.8s (15/28)                                 docker:desktop-linux
[36m => CACHED [deps 2/5] WORKDIR /app                                         0.0s
[0m[36m => CACHED [deps 3/5] COPY package.json package-lock.json* pnpm-lock.yaml  0.0s
[0m[36m => CACHED [deps 4/5] COPY prisma ./prisma                                 0.0s
[0m[36m => CACHED [deps 5/5] RUN   if [ -f package-lock.json ]; then     npm ci   0.0s
[0m[36m => CACHED [builder 2/5] COPY --from=deps /app/node_modules ./node_module  0.0s
[0m[36m => [builder 3/5] COPY . .                                                 0.7s
[0m[36m => [builder 4/5] RUN npx prisma generate                                  7.1s
[0m => [builder 5/5] RUN npm run build                                       30.4s
[?25h[1A[1A[1A[1A[1A[1A[1A[1A[1A[0G[?25l[+] Building 39.9s (15/28)                                 docker:desktop-linux
[36m => CACHED [deps 2/5] WORKDIR /app                                         0.0s
[0m[36m => CACHED [deps 3/5] COPY package.json package-lock.json* pnpm-lock.yaml  0.0s
[0m[36m => CACHED [deps 4/5] COPY prisma ./prisma                                 0.0s
[0m[36m => CACHED [deps 5/5] RUN   if [ -f package-lock.json ]; then     npm ci   0.0s
[0m[36m => CACHED [builder 2/5] COPY --from=deps /app/node_modules ./node_module  0.0s
[0m[36m => [builder 3/5] COPY . .                                                 0.7s
[0m[36m => [builder 4/5] RUN npx prisma generate                                  7.1s
[0m => [builder 5/5] RUN npm run build                                       30.6s
[?25h[1A[1A[1A[1A[1A[1A[1A[1A[1A[0G[?25l[+] Building 40.1s (15/28)                                 docker:desktop-linux
[36m => CACHED [deps 2/5] WORKDIR /app                                         0.0s
[0m[36m => CACHED [deps 3/5] COPY package.json package-lock.json* pnpm-lock.yaml  0.0s
[0m[36m => CACHED [deps 4/5] COPY prisma ./prisma                                 0.0s
[0m[36m => CACHED [deps 5/5] RUN   if [ -f package-lock.json ]; then     npm ci   0.0s
[0m[36m => CACHED [builder 2/5] COPY --from=deps /app/node_modules ./node_module  0.0s
[0m[36m => [builder 3/5] COPY . .                                                 0.7s
[0m[36m => [builder 4/5] RUN npx prisma generate                                  7.1s
[0m => [builder 5/5] RUN npm run build                                       30.7s
[?25h[1A[1A[1A[1A[1A[1A[1A[1A[1A[0G[?25l[+] Building 40.2s (15/28)                                 docker:desktop-linux
[36m => CACHED [deps 2/5] WORKDIR /app                                         0.0s
[0m[36m => CACHED [deps 3/5] COPY package.json package-lock.json* pnpm-lock.yaml  0.0s
[0m[36m => CACHED [deps 4/5] COPY prisma ./prisma                                 0.0s
[0m[36m => CACHED [deps 5/5] RUN   if [ -f package-lock.json ]; then     npm ci   0.0s
[0m[36m => CACHED [builder 2/5] COPY --from=deps /app/node_modules ./node_module  0.0s
[0m[36m => [builder 3/5] COPY . .                                                 0.7s
[0m[36m => [builder 4/5] RUN npx prisma generate                                  7.1s
[0m => [builder 5/5] RUN npm run build                                       30.9s
[?25h[1A[1A[1A[1A[1A[1A[1A[1A[1A[0G[?25l[+] Building 40.4s (15/28)                                 docker:desktop-linux
[36m => CACHED [deps 2/5] WORKDIR /app                                         0.0s
[0m[36m => CACHED [deps 3/5] COPY package.json package-lock.json* pnpm-lock.yaml  0.0s
[0m[36m => CACHED [deps 4/5] COPY prisma ./prisma                                 0.0s
[0m[36m => CACHED [deps 5/5] RUN   if [ -f package-lock.json ]; then     npm ci   0.0s
[0m[36m => CACHED [builder 2/5] COPY --from=deps /app/node_modules ./node_module  0.0s
[0m[36m => [builder 3/5] COPY . .                                                 0.7s
[0m[36m => [builder 4/5] RUN npx prisma generate                                  7.1s
[0m => [builder 5/5] RUN npm run build                                       31.0s
[?25h[1A[1A[1A[1A[1A[1A[1A[1A[1A[0G[?25l[+] Building 40.5s (15/28)                                 docker:desktop-linux
[36m => CACHED [deps 2/5] WORKDIR /app                                         0.0s
[0m[36m => CACHED [deps 3/5] COPY package.json package-lock.json* pnpm-lock.yaml  0.0s
[0m[36m => CACHED [deps 4/5] COPY prisma ./prisma                                 0.0s
[0m[36m => CACHED [deps 5/5] RUN   if [ -f package-lock.json ]; then     npm ci   0.0s
[0m[36m => CACHED [builder 2/5] COPY --from=deps /app/node_modules ./node_module  0.0s
[0m[36m => [builder 3/5] COPY . .                                                 0.7s
[0m[36m => [builder 4/5] RUN npx prisma generate                                  7.1s
[0m => [builder 5/5] RUN npm run build                                       31.2s
[?25h[1A[1A[1A[1A[1A[1A[1A[1A[1A[0G[?25l[+] Building 40.7s (15/28)                                 docker:desktop-linux
[36m => CACHED [deps 2/5] WORKDIR /app                                         0.0s
[0m[36m => CACHED [deps 3/5] COPY package.json package-lock.json* pnpm-lock.yaml  0.0s
[0m[36m => CACHED [deps 4/5] COPY prisma ./prisma                                 0.0s
[0m[36m => CACHED [deps 5/5] RUN   if [ -f package-lock.json ]; then     npm ci   0.0s
[0m[36m => CACHED [builder 2/5] COPY --from=deps /app/node_modules ./node_module  0.0s
[0m[36m => [builder 3/5] COPY . .                                                 0.7s
[0m[36m => [builder 4/5] RUN npx prisma generate                                  7.1s
[0m => [builder 5/5] RUN npm run build                                       31.3s
[?25h[1A[1A[1A[1A[1A[1A[1A[1A[1A[0G[?25l[+] Building 40.8s (15/28)                                 docker:desktop-linux
[36m => CACHED [deps 2/5] WORKDIR /app                                         0.0s
[0m[36m => CACHED [deps 3/5] COPY package.json package-lock.json* pnpm-lock.yaml  0.0s
[0m[36m => CACHED [deps 4/5] COPY prisma ./prisma                                 0.0s
[0m[36m => CACHED [deps 5/5] RUN   if [ -f package-lock.json ]; then     npm ci   0.0s
[0m[36m => CACHED [builder 2/5] COPY --from=deps /app/node_modules ./node_module  0.0s
[0m[36m => [builder 3/5] COPY . .                                                 0.7s
[0m[36m => [builder 4/5] RUN npx prisma generate                                  7.1s
[0m => [builder 5/5] RUN npm run build                                       31.5s
[?25h[1A[1A[1A[1A[1A[1A[1A[1A[1A[0G[?25l[+] Building 41.0s (15/28)                                 docker:desktop-linux
[36m => CACHED [deps 2/5] WORKDIR /app                                         0.0s
[0m[36m => CACHED [deps 3/5] COPY package.json package-lock.json* pnpm-lock.yaml  0.0s
[0m[36m => CACHED [deps 4/5] COPY prisma ./prisma                                 0.0s
[0m[36m => CACHED [deps 5/5] RUN   if [ -f package-lock.json ]; then     npm ci   0.0s
[0m[36m => CACHED [builder 2/5] COPY --from=deps /app/node_modules ./node_module  0.0s
[0m[36m => [builder 3/5] COPY . .                                                 0.7s
[0m[36m => [builder 4/5] RUN npx prisma generate                                  7.1s
[0m => [builder 5/5] RUN npm run build                                       31.6s
[?25h[1A[1A[1A[1A[1A[1A[1A[1A[1A[0G[?25l[+] Building 41.1s (15/28)                                 docker:desktop-linux
[36m => CACHED [deps 2/5] WORKDIR /app                                         0.0s
[0m[36m => CACHED [deps 3/5] COPY package.json package-lock.json* pnpm-lock.yaml  0.0s
[0m[36m => CACHED [deps 4/5] COPY prisma ./prisma                                 0.0s
[0m[36m => CACHED [deps 5/5] RUN   if [ -f package-lock.json ]; then     npm ci   0.0s
[0m[36m => CACHED [builder 2/5] COPY --from=deps /app/node_modules ./node_module  0.0s
[0m[36m => [builder 3/5] COPY . .                                                 0.7s
[0m[36m => [builder 4/5] RUN npx prisma generate                                  7.1s
[0m => [builder 5/5] RUN npm run build                                       31.8s
[?25h[1A[1A[1A[1A[1A[1A[1A[1A[1A[0G[?25l[+] Building 41.3s (15/28)                                 docker:desktop-linux
[36m => CACHED [deps 2/5] WORKDIR /app                                         0.0s
[0m[36m => CACHED [deps 3/5] COPY package.json package-lock.json* pnpm-lock.yaml  0.0s
[0m[36m => CACHED [deps 4/5] COPY prisma ./prisma                                 0.0s
[0m[36m => CACHED [deps 5/5] RUN   if [ -f package-lock.json ]; then     npm ci   0.0s
[0m[36m => CACHED [builder 2/5] COPY --from=deps /app/node_modules ./node_module  0.0s
[0m[36m => [builder 3/5] COPY . .                                                 0.7s
[0m[36m => [builder 4/5] RUN npx prisma generate                                  7.1s
[0m => [builder 5/5] RUN npm run build                                       31.9s
[?25h[1A[1A[1A[1A[1A[1A[1A[1A[1A[0G[?25l[+] Building 41.4s (15/28)                                 docker:desktop-linux
[36m => CACHED [deps 2/5] WORKDIR /app                                         0.0s
[0m[36m => CACHED [deps 3/5] COPY package.json package-lock.json* pnpm-lock.yaml  0.0s
[0m[36m => CACHED [deps 4/5] COPY prisma ./prisma                                 0.0s
[0m[36m => CACHED [deps 5/5] RUN   if [ -f package-lock.json ]; then     npm ci   0.0s
[0m[36m => CACHED [builder 2/5] COPY --from=deps /app/node_modules ./node_module  0.0s
[0m[36m => [builder 3/5] COPY . .                                                 0.7s
[0m[36m => [builder 4/5] RUN npx prisma generate                                  7.1s
[0m => [builder 5/5] RUN npm run build                                       32.1s
[?25h[1A[1A[1A[1A[1A[1A[1A[1A[1A[0G[?25l[+] Building 41.6s (15/28)                                 docker:desktop-linux
[36m => CACHED [deps 2/5] WORKDIR /app                                         0.0s
[0m[36m => CACHED [deps 3/5] COPY package.json package-lock.json* pnpm-lock.yaml  0.0s
[0m[36m => CACHED [deps 4/5] COPY prisma ./prisma                                 0.0s
[0m[36m => CACHED [deps 5/5] RUN   if [ -f package-lock.json ]; then     npm ci   0.0s
[0m[36m => CACHED [builder 2/5] COPY --from=deps /app/node_modules ./node_module  0.0s
[0m[36m => [builder 3/5] COPY . .                                                 0.7s
[0m[36m => [builder 4/5] RUN npx prisma generate                                  7.1s
[0m => [builder 5/5] RUN npm run build                                       32.2s
[?25h[1A[1A[1A[1A[1A[1A[1A[1A[1A[0G[?25l[+] Building 41.7s (15/28)                                 docker:desktop-linux
[36m => CACHED [deps 2/5] WORKDIR /app                                         0.0s
[0m[36m => CACHED [deps 3/5] COPY package.json package-lock.json* pnpm-lock.yaml  0.0s
[0m[36m => CACHED [deps 4/5] COPY prisma ./prisma                                 0.0s
[0m[36m => CACHED [deps 5/5] RUN   if [ -f package-lock.json ]; then     npm ci   0.0s
[0m[36m => CACHED [builder 2/5] COPY --from=deps /app/node_modules ./node_module  0.0s
[0m[36m => [builder 3/5] COPY . .                                                 0.7s
[0m[36m => [builder 4/5] RUN npx prisma generate                                  7.1s
[0m => [builder 5/5] RUN npm run build                                       32.4s
[?25h[1A[1A[1A[1A[1A[1A[1A[1A[1A[0G[?25l[+] Building 41.9s (15/28)                                 docker:desktop-linux
[36m => CACHED [deps 2/5] WORKDIR /app                                         0.0s
[0m[36m => CACHED [deps 3/5] COPY package.json package-lock.json* pnpm-lock.yaml  0.0s
[0m[36m => CACHED [deps 4/5] COPY prisma ./prisma                                 0.0s
[0m[36m => CACHED [deps 5/5] RUN   if [ -f package-lock.json ]; then     npm ci   0.0s
[0m[36m => CACHED [builder 2/5] COPY --from=deps /app/node_modules ./node_module  0.0s
[0m[36m => [builder 3/5] COPY . .                                                 0.7s
[0m[36m => [builder 4/5] RUN npx prisma generate                                  7.1s
[0m => [builder 5/5] RUN npm run build                                       32.5s
[?25h[1A[1A[1A[1A[1A[1A[1A[1A[1A[0G[?25l[+] Building 42.0s (15/28)                                 docker:desktop-linux
[36m => CACHED [deps 2/5] WORKDIR /app                                         0.0s
[0m[36m => CACHED [deps 3/5] COPY package.json package-lock.json* pnpm-lock.yaml  0.0s
[0m[36m => CACHED [deps 4/5] COPY prisma ./prisma                                 0.0s
[0m[36m => CACHED [deps 5/5] RUN   if [ -f package-lock.json ]; then     npm ci   0.0s
[0m[36m => CACHED [builder 2/5] COPY --from=deps /app/node_modules ./node_module  0.0s
[0m[36m => [builder 3/5] COPY . .                                                 0.7s
[0m[36m => [builder 4/5] RUN npx prisma generate                                  7.1s
[0m => [builder 5/5] RUN npm run build                                       32.7s
[?25h[1A[1A[1A[1A[1A[1A[1A[1A[1A[0G[?25l[+] Building 42.2s (15/28)                                 docker:desktop-linux
[36m => CACHED [deps 2/5] WORKDIR /app                                         0.0s
[0m[36m => CACHED [deps 3/5] COPY package.json package-lock.json* pnpm-lock.yaml  0.0s
[0m[36m => CACHED [deps 4/5] COPY prisma ./prisma                                 0.0s
[0m[36m => CACHED [deps 5/5] RUN   if [ -f package-lock.json ]; then     npm ci   0.0s
[0m[36m => CACHED [builder 2/5] COPY --from=deps /app/node_modules ./node_module  0.0s
[0m[36m => [builder 3/5] COPY . .                                                 0.7s
[0m[36m => [builder 4/5] RUN npx prisma generate                                  7.1s
[0m => [builder 5/5] RUN npm run build                                       32.8s
[?25h[1A[1A[1A[1A[1A[1A[1A[1A[1A[0G[?25l[+] Building 42.3s (15/28)                                 docker:desktop-linux
[36m => CACHED [deps 2/5] WORKDIR /app                                         0.0s
[0m[36m => CACHED [deps 3/5] COPY package.json package-lock.json* pnpm-lock.yaml  0.0s
[0m[36m => CACHED [deps 4/5] COPY prisma ./prisma                                 0.0s
[0m[36m => CACHED [deps 5/5] RUN   if [ -f package-lock.json ]; then     npm ci   0.0s
[0m[36m => CACHED [builder 2/5] COPY --from=deps /app/node_modules ./node_module  0.0s
[0m[36m => [builder 3/5] COPY . .                                                 0.7s
[0m[36m => [builder 4/5] RUN npx prisma generate                                  7.1s
[0m => [builder 5/5] RUN npm run build                                       33.0s
[?25h[1A[1A[1A[1A[1A[1A[1A[1A[1A[0G[?25l[+] Building 42.5s (15/28)                                 docker:desktop-linux
[36m => CACHED [deps 2/5] WORKDIR /app                                         0.0s
[0m[36m => CACHED [deps 3/5] COPY package.json package-lock.json* pnpm-lock.yaml  0.0s
[0m[36m => CACHED [deps 4/5] COPY prisma ./prisma                                 0.0s
[0m[36m => CACHED [deps 5/5] RUN   if [ -f package-lock.json ]; then     npm ci   0.0s
[0m[36m => CACHED [builder 2/5] COPY --from=deps /app/node_modules ./node_module  0.0s
[0m[36m => [builder 3/5] COPY . .                                                 0.7s
[0m[36m => [builder 4/5] RUN npx prisma generate                                  7.1s
[0m => [builder 5/5] RUN npm run build                                       33.1s
[?25h[1A[1A[1A[1A[1A[1A[1A[1A[1A[0G[?25l[+] Building 42.6s (15/28)                                 docker:desktop-linux
[36m => CACHED [deps 2/5] WORKDIR /app                                         0.0s
[0m[36m => CACHED [deps 3/5] COPY package.json package-lock.json* pnpm-lock.yaml  0.0s
[0m[36m => CACHED [deps 4/5] COPY prisma ./prisma                                 0.0s
[0m[36m => CACHED [deps 5/5] RUN   if [ -f package-lock.json ]; then     npm ci   0.0s
[0m[36m => CACHED [builder 2/5] COPY --from=deps /app/node_modules ./node_module  0.0s
[0m[36m => [builder 3/5] COPY . .                                                 0.7s
[0m[36m => [builder 4/5] RUN npx prisma generate                                  7.1s
[0m => [builder 5/5] RUN npm run build                                       33.3s
[?25h[1A[1A[1A[1A[1A[1A[1A[1A[1A[0G[?25l[+] Building 42.8s (15/28)                                 docker:desktop-linux
[36m => CACHED [deps 2/5] WORKDIR /app                                         0.0s
[0m[36m => CACHED [deps 3/5] COPY package.json package-lock.json* pnpm-lock.yaml  0.0s
[0m[36m => CACHED [deps 4/5] COPY prisma ./prisma                                 0.0s
[0m[36m => CACHED [deps 5/5] RUN   if [ -f package-lock.json ]; then     npm ci   0.0s
[0m[36m => CACHED [builder 2/5] COPY --from=deps /app/node_modules ./node_module  0.0s
[0m[36m => [builder 3/5] COPY . .                                                 0.7s
[0m[36m => [builder 4/5] RUN npx prisma generate                                  7.1s
[0m => [builder 5/5] RUN npm run build                                       33.4s
[?25h[1A[1A[1A[1A[1A[1A[1A[1A[1A[0G[?25l[+] Building 42.9s (15/28)                                 docker:desktop-linux
[36m => CACHED [deps 2/5] WORKDIR /app                                         0.0s
[0m[36m => CACHED [deps 3/5] COPY package.json package-lock.json* pnpm-lock.yaml  0.0s
[0m[36m => CACHED [deps 4/5] COPY prisma ./prisma                                 0.0s
[0m[36m => CACHED [deps 5/5] RUN   if [ -f package-lock.json ]; then     npm ci   0.0s
[0m[36m => CACHED [builder 2/5] COPY --from=deps /app/node_modules ./node_module  0.0s
[0m[36m => [builder 3/5] COPY . .                                                 0.7s
[0m[36m => [builder 4/5] RUN npx prisma generate                                  7.1s
[0m => [builder 5/5] RUN npm run build                                       33.6s
[?25h[1A[1A[1A[1A[1A[1A[1A[1A[1A[0G[?25l[+] Building 43.1s (15/28)                                 docker:desktop-linux
[36m => CACHED [deps 2/5] WORKDIR /app                                         0.0s
[0m[36m => CACHED [deps 3/5] COPY package.json package-lock.json* pnpm-lock.yaml  0.0s
[0m[36m => CACHED [deps 4/5] COPY prisma ./prisma                                 0.0s
[0m[36m => CACHED [deps 5/5] RUN   if [ -f package-lock.json ]; then     npm ci   0.0s
[0m[36m => CACHED [builder 2/5] COPY --from=deps /app/node_modules ./node_module  0.0s
[0m[36m => [builder 3/5] COPY . .                                                 0.7s
[0m[36m => [builder 4/5] RUN npx prisma generate                                  7.1s
[0m => [builder 5/5] RUN npm run build                                       33.7s
[?25h[1A[1A[1A[1A[1A[1A[1A[1A[1A[0G[?25l[+] Building 43.2s (15/28)                                 docker:desktop-linux
[36m => CACHED [deps 2/5] WORKDIR /app                                         0.0s
[0m[36m => CACHED [deps 3/5] COPY package.json package-lock.json* pnpm-lock.yaml  0.0s
[0m[36m => CACHED [deps 4/5] COPY prisma ./prisma                                 0.0s
[0m[36m => CACHED [deps 5/5] RUN   if [ -f package-lock.json ]; then     npm ci   0.0s
[0m[36m => CACHED [builder 2/5] COPY --from=deps /app/node_modules ./node_module  0.0s
[0m[36m => [builder 3/5] COPY . .                                                 0.7s
[0m[36m => [builder 4/5] RUN npx prisma generate                                  7.1s
[0m => [builder 5/5] RUN npm run build                                       33.9s
[?25h[1A[1A[1A[1A[1A[1A[1A[1A[1A[0G[?25l[+] Building 43.4s (15/28)                                 docker:desktop-linux
[36m => CACHED [deps 2/5] WORKDIR /app                                         0.0s
[0m[36m => CACHED [deps 3/5] COPY package.json package-lock.json* pnpm-lock.yaml  0.0s
[0m[36m => CACHED [deps 4/5] COPY prisma ./prisma                                 0.0s
[0m[36m => CACHED [deps 5/5] RUN   if [ -f package-lock.json ]; then     npm ci   0.0s
[0m[36m => CACHED [builder 2/5] COPY --from=deps /app/node_modules ./node_module  0.0s
[0m[36m => [builder 3/5] COPY . .                                                 0.7s
[0m[36m => [builder 4/5] RUN npx prisma generate                                  7.1s
[0m => [builder 5/5] RUN npm run build                                       34.0s
[?25h[1A[1A[1A[1A[1A[1A[1A[1A[1A[0G[?25l[+] Building 43.5s (15/28)                                 docker:desktop-linux
[36m => CACHED [deps 2/5] WORKDIR /app                                         0.0s
[0m[36m => CACHED [deps 3/5] COPY package.json package-lock.json* pnpm-lock.yaml  0.0s
[0m[36m => CACHED [deps 4/5] COPY prisma ./prisma                                 0.0s
[0m[36m => CACHED [deps 5/5] RUN   if [ -f package-lock.json ]; then     npm ci   0.0s
[0m[36m => CACHED [builder 2/5] COPY --from=deps /app/node_modules ./node_module  0.0s
[0m[36m => [builder 3/5] COPY . .                                                 0.7s
[0m[36m => [builder 4/5] RUN npx prisma generate                                  7.1s
[0m => [builder 5/5] RUN npm run build                                       34.2s
[?25h[1A[1A[1A[1A[1A[1A[1A[1A[1A[0G[?25l[+] Building 43.7s (15/28)                                 docker:desktop-linux
[36m => CACHED [deps 2/5] WORKDIR /app                                         0.0s
[0m[36m => CACHED [deps 3/5] COPY package.json package-lock.json* pnpm-lock.yaml  0.0s
[0m[36m => CACHED [deps 4/5] COPY prisma ./prisma                                 0.0s
[0m[36m => CACHED [deps 5/5] RUN   if [ -f package-lock.json ]; then     npm ci   0.0s
[0m[36m => CACHED [builder 2/5] COPY --from=deps /app/node_modules ./node_module  0.0s
[0m[36m => [builder 3/5] COPY . .                                                 0.7s
[0m[36m => [builder 4/5] RUN npx prisma generate                                  7.1s
[0m => [builder 5/5] RUN npm run build                                       34.3s
[?25h[1A[1A[1A[1A[1A[1A[1A[1A[1A[0G[?25l[+] Building 43.8s (15/28)                                 docker:desktop-linux
[36m => CACHED [deps 2/5] WORKDIR /app                                         0.0s
[0m[36m => CACHED [deps 3/5] COPY package.json package-lock.json* pnpm-lock.yaml  0.0s
[0m[36m => CACHED [deps 4/5] COPY prisma ./prisma                                 0.0s
[0m[36m => CACHED [deps 5/5] RUN   if [ -f package-lock.json ]; then     npm ci   0.0s
[0m[36m => CACHED [builder 2/5] COPY --from=deps /app/node_modules ./node_module  0.0s
[0m[36m => [builder 3/5] COPY . .                                                 0.7s
[0m[36m => [builder 4/5] RUN npx prisma generate                                  7.1s
[0m => [builder 5/5] RUN npm run build                                       34.5s
[?25h[1A[1A[1A[1A[1A[1A[1A[1A[1A[0G[?25l[+] Building 44.0s (15/28)                                 docker:desktop-linux
[36m => CACHED [deps 2/5] WORKDIR /app                                         0.0s
[0m[36m => CACHED [deps 3/5] COPY package.json package-lock.json* pnpm-lock.yaml  0.0s
[0m[36m => CACHED [deps 4/5] COPY prisma ./prisma                                 0.0s
[0m[36m => CACHED [deps 5/5] RUN   if [ -f package-lock.json ]; then     npm ci   0.0s
[0m[36m => CACHED [builder 2/5] COPY --from=deps /app/node_modules ./node_module  0.0s
[0m[36m => [builder 3/5] COPY . .                                                 0.7s
[0m[36m => [builder 4/5] RUN npx prisma generate                                  7.1s
[0m => [builder 5/5] RUN npm run build                                       34.6s
[?25h[1A[1A[1A[1A[1A[1A[1A[1A[1A[0G[?25l[+] Building 44.1s (15/28)                                 docker:desktop-linux
[36m => CACHED [deps 2/5] WORKDIR /app                                         0.0s
[0m[36m => CACHED [deps 3/5] COPY package.json package-lock.json* pnpm-lock.yaml  0.0s
[0m[36m => CACHED [deps 4/5] COPY prisma ./prisma                                 0.0s
[0m[36m => CACHED [deps 5/5] RUN   if [ -f package-lock.json ]; then     npm ci   0.0s
[0m[36m => CACHED [builder 2/5] COPY --from=deps /app/node_modules ./node_module  0.0s
[0m[36m => [builder 3/5] COPY . .                                                 0.7s
[0m[36m => [builder 4/5] RUN npx prisma generate                                  7.1s
[0m => [builder 5/5] RUN npm run build                                       34.8s
[?25h[1A[1A[1A[1A[1A[1A[1A[1A[1A[0G[?25l[+] Building 44.3s (15/28)                                 docker:desktop-linux
[36m => CACHED [deps 2/5] WORKDIR /app                                         0.0s
[0m[36m => CACHED [deps 3/5] COPY package.json package-lock.json* pnpm-lock.yaml  0.0s
[0m[36m => CACHED [deps 4/5] COPY prisma ./prisma                                 0.0s
[0m[36m => CACHED [deps 5/5] RUN   if [ -f package-lock.json ]; then     npm ci   0.0s
[0m[36m => CACHED [builder 2/5] COPY --from=deps /app/node_modules ./node_module  0.0s
[0m[36m => [builder 3/5] COPY . .                                                 0.7s
[0m[36m => [builder 4/5] RUN npx prisma generate                                  7.1s
[0m => [builder 5/5] RUN npm run build                                       34.9s
[?25h[1A[1A[1A[1A[1A[1A[1A[1A[1A[0G[?25l[+] Building 44.4s (15/28)                                 docker:desktop-linux
[36m => CACHED [deps 2/5] WORKDIR /app                                         0.0s
[0m[36m => CACHED [deps 3/5] COPY package.json package-lock.json* pnpm-lock.yaml  0.0s
[0m[36m => CACHED [deps 4/5] COPY prisma ./prisma                                 0.0s
[0m[36m => CACHED [deps 5/5] RUN   if [ -f package-lock.json ]; then     npm ci   0.0s
[0m[36m => CACHED [builder 2/5] COPY --from=deps /app/node_modules ./node_module  0.0s
[0m[36m => [builder 3/5] COPY . .                                                 0.7s
[0m[36m => [builder 4/5] RUN npx prisma generate                                  7.1s
[0m => [builder 5/5] RUN npm run build                                       35.1s
[?25h[1A[1A[1A[1A[1A[1A[1A[1A[1A[0G[?25l[+] Building 44.6s (15/28)                                 docker:desktop-linux
[36m => CACHED [deps 2/5] WORKDIR /app                                         0.0s
[0m[36m => CACHED [deps 3/5] COPY package.json package-lock.json* pnpm-lock.yaml  0.0s
[0m[36m => CACHED [deps 4/5] COPY prisma ./prisma                                 0.0s
[0m[36m => CACHED [deps 5/5] RUN   if [ -f package-lock.json ]; then     npm ci   0.0s
[0m[36m => CACHED [builder 2/5] COPY --from=deps /app/node_modules ./node_module  0.0s
[0m[36m => [builder 3/5] COPY . .                                                 0.7s
[0m[36m => [builder 4/5] RUN npx prisma generate                                  7.1s
[0m => [builder 5/5] RUN npm run build                                       35.2s
[?25h[1A[1A[1A[1A[1A[1A[1A[1A[1A[0G[?25l[+] Building 44.7s (15/28)                                 docker:desktop-linux
[36m => CACHED [deps 2/5] WORKDIR /app                                         0.0s
[0m[36m => CACHED [deps 3/5] COPY package.json package-lock.json* pnpm-lock.yaml  0.0s
[0m[36m => CACHED [deps 4/5] COPY prisma ./prisma                                 0.0s
[0m[36m => CACHED [deps 5/5] RUN   if [ -f package-lock.json ]; then     npm ci   0.0s
[0m[36m => CACHED [builder 2/5] COPY --from=deps /app/node_modules ./node_module  0.0s
[0m[36m => [builder 3/5] COPY . .                                                 0.7s
[0m[36m => [builder 4/5] RUN npx prisma generate                                  7.1s
[0m => [builder 5/5] RUN npm run build                                       35.4s
[?25h[1A[1A[1A[1A[1A[1A[1A[1A[1A[0G[?25l[+] Building 44.9s (15/28)                                 docker:desktop-linux
[36m => CACHED [deps 2/5] WORKDIR /app                                         0.0s
[0m[36m => CACHED [deps 3/5] COPY package.json package-lock.json* pnpm-lock.yaml  0.0s
[0m[36m => CACHED [deps 4/5] COPY prisma ./prisma                                 0.0s
[0m[36m => CACHED [deps 5/5] RUN   if [ -f package-lock.json ]; then     npm ci   0.0s
[0m[36m => CACHED [builder 2/5] COPY --from=deps /app/node_modules ./node_module  0.0s
[0m[36m => [builder 3/5] COPY . .                                                 0.7s
[0m[36m => [builder 4/5] RUN npx prisma generate                                  7.1s
[0m => [builder 5/5] RUN npm run build                                       35.5s
[?25h[1A[1A[1A[1A[1A[1A[1A[1A[1A[0G[?25l[+] Building 45.0s (15/28)                                 docker:desktop-linux
[36m => CACHED [deps 2/5] WORKDIR /app                                         0.0s
[0m[36m => CACHED [deps 3/5] COPY package.json package-lock.json* pnpm-lock.yaml  0.0s
[0m[36m => CACHED [deps 4/5] COPY prisma ./prisma                                 0.0s
[0m[36m => CACHED [deps 5/5] RUN   if [ -f package-lock.json ]; then     npm ci   0.0s
[0m[36m => CACHED [builder 2/5] COPY --from=deps /app/node_modules ./node_module  0.0s
[0m[36m => [builder 3/5] COPY . .                                                 0.7s
[0m[36m => [builder 4/5] RUN npx prisma generate                                  7.1s
[0m => [builder 5/5] RUN npm run build                                       35.7s
[?25h[1A[1A[1A[1A[1A[1A[1A[1A[1A[0G[?25l[+] Building 45.2s (15/28)                                 docker:desktop-linux
[36m => CACHED [deps 2/5] WORKDIR /app                                         0.0s
[0m[36m => CACHED [deps 3/5] COPY package.json package-lock.json* pnpm-lock.yaml  0.0s
[0m[36m => CACHED [deps 4/5] COPY prisma ./prisma                                 0.0s
[0m[36m => CACHED [deps 5/5] RUN   if [ -f package-lock.json ]; then     npm ci   0.0s
[0m[36m => CACHED [builder 2/5] COPY --from=deps /app/node_modules ./node_module  0.0s
[0m[36m => [builder 3/5] COPY . .                                                 0.7s
[0m[36m => [builder 4/5] RUN npx prisma generate                                  7.1s
[0m => [builder 5/5] RUN npm run build                                       35.8s
[?25h[1A[1A[1A[1A[1A[1A[1A[1A[1A[0G[?25l[+] Building 45.3s (15/28)                                 docker:desktop-linux
[36m => CACHED [deps 2/5] WORKDIR /app                                         0.0s
[0m[36m => CACHED [deps 3/5] COPY package.json package-lock.json* pnpm-lock.yaml  0.0s
[0m[36m => CACHED [deps 4/5] COPY prisma ./prisma                                 0.0s
[0m[36m => CACHED [deps 5/5] RUN   if [ -f package-lock.json ]; then     npm ci   0.0s
[0m[36m => CACHED [builder 2/5] COPY --from=deps /app/node_modules ./node_module  0.0s
[0m[36m => [builder 3/5] COPY . .                                                 0.7s
[0m[36m => [builder 4/5] RUN npx prisma generate                                  7.1s
[0m => [builder 5/5] RUN npm run build                                       36.0s
[?25h[1A[1A[1A[1A[1A[1A[1A[1A[1A[0G[?25l[+] Building 45.5s (15/28)                                 docker:desktop-linux
[36m => CACHED [deps 2/5] WORKDIR /app                                         0.0s
[0m[36m => CACHED [deps 3/5] COPY package.json package-lock.json* pnpm-lock.yaml  0.0s
[0m[36m => CACHED [deps 4/5] COPY prisma ./prisma                                 0.0s
[0m[36m => CACHED [deps 5/5] RUN   if [ -f package-lock.json ]; then     npm ci   0.0s
[0m[36m => CACHED [builder 2/5] COPY --from=deps /app/node_modules ./node_module  0.0s
[0m[36m => [builder 3/5] COPY . .                                                 0.7s
[0m[36m => [builder 4/5] RUN npx prisma generate                                  7.1s
[0m => [builder 5/5] RUN npm run build                                       36.1s
[?25h[1A[1A[1A[1A[1A[1A[1A[1A[1A[0G[?25l[+] Building 45.6s (15/28)                                 docker:desktop-linux
[36m => CACHED [deps 2/5] WORKDIR /app                                         0.0s
[0m[36m => CACHED [deps 3/5] COPY package.json package-lock.json* pnpm-lock.yaml  0.0s
[0m[36m => CACHED [deps 4/5] COPY prisma ./prisma                                 0.0s
[0m[36m => CACHED [deps 5/5] RUN   if [ -f package-lock.json ]; then     npm ci   0.0s
[0m[36m => CACHED [builder 2/5] COPY --from=deps /app/node_modules ./node_module  0.0s
[0m[36m => [builder 3/5] COPY . .                                                 0.7s
[0m[36m => [builder 4/5] RUN npx prisma generate                                  7.1s
[0m => [builder 5/5] RUN npm run build                                       36.3s
[?25h[1A[1A[1A[1A[1A[1A[1A[1A[1A[0G[?25l[+] Building 45.8s (15/28)                                 docker:desktop-linux
[36m => CACHED [deps 2/5] WORKDIR /app                                         0.0s
[0m[36m => CACHED [deps 3/5] COPY package.json package-lock.json* pnpm-lock.yaml  0.0s
[0m[36m => CACHED [deps 4/5] COPY prisma ./prisma                                 0.0s
[0m[36m => CACHED [deps 5/5] RUN   if [ -f package-lock.json ]; then     npm ci   0.0s
[0m[36m => CACHED [builder 2/5] COPY --from=deps /app/node_modules ./node_module  0.0s
[0m[36m => [builder 3/5] COPY . .                                                 0.7s
[0m[36m => [builder 4/5] RUN npx prisma generate                                  7.1s
[0m => [builder 5/5] RUN npm run build                                       36.4s
[?25h[1A[1A[1A[1A[1A[1A[1A[1A[1A[0G[?25l[+] Building 45.9s (15/28)                                 docker:desktop-linux
[36m => CACHED [deps 2/5] WORKDIR /app                                         0.0s
[0m[36m => CACHED [deps 3/5] COPY package.json package-lock.json* pnpm-lock.yaml  0.0s
[0m[36m => CACHED [deps 4/5] COPY prisma ./prisma                                 0.0s
[0m[36m => CACHED [deps 5/5] RUN   if [ -f package-lock.json ]; then     npm ci   0.0s
[0m[36m => CACHED [builder 2/5] COPY --from=deps /app/node_modules ./node_module  0.0s
[0m[36m => [builder 3/5] COPY . .                                                 0.7s
[0m[36m => [builder 4/5] RUN npx prisma generate                                  7.1s
[0m => [builder 5/5] RUN npm run build                                       36.6s
[?25h[1A[1A[1A[1A[1A[1A[1A[1A[1A[0G[?25l[+] Building 46.1s (15/28)                                 docker:desktop-linux
[36m => CACHED [deps 2/5] WORKDIR /app                                         0.0s
[0m[36m => CACHED [deps 3/5] COPY package.json package-lock.json* pnpm-lock.yaml  0.0s
[0m[36m => CACHED [deps 4/5] COPY prisma ./prisma                                 0.0s
[0m[36m => CACHED [deps 5/5] RUN   if [ -f package-lock.json ]; then     npm ci   0.0s
[0m[36m => CACHED [builder 2/5] COPY --from=deps /app/node_modules ./node_module  0.0s
[0m[36m => [builder 3/5] COPY . .                                                 0.7s
[0m[36m => [builder 4/5] RUN npx prisma generate                                  7.1s
[0m => [builder 5/5] RUN npm run build                                       36.7s
[?25h[1A[1A[1A[1A[1A[1A[1A[1A[1A[0G[?25l[+] Building 46.2s (15/28)                                 docker:desktop-linux
[36m => CACHED [deps 2/5] WORKDIR /app                                         0.0s
[0m[36m => CACHED [deps 3/5] COPY package.json package-lock.json* pnpm-lock.yaml  0.0s
[0m[36m => CACHED [deps 4/5] COPY prisma ./prisma                                 0.0s
[0m[36m => CACHED [deps 5/5] RUN   if [ -f package-lock.json ]; then     npm ci   0.0s
[0m[36m => CACHED [builder 2/5] COPY --from=deps /app/node_modules ./node_module  0.0s
[0m[36m => [builder 3/5] COPY . .                                                 0.7s
[0m[36m => [builder 4/5] RUN npx prisma generate                                  7.1s
[0m => [builder 5/5] RUN npm run build                                       36.9s
[?25h[1A[1A[1A[1A[1A[1A[1A[1A[1A[0G[?25l[+] Building 46.4s (15/28)                                 docker:desktop-linux
[36m => CACHED [deps 2/5] WORKDIR /app                                         0.0s
[0m[36m => CACHED [deps 3/5] COPY package.json package-lock.json* pnpm-lock.yaml  0.0s
[0m[36m => CACHED [deps 4/5] COPY prisma ./prisma                                 0.0s
[0m[36m => CACHED [deps 5/5] RUN   if [ -f package-lock.json ]; then     npm ci   0.0s
[0m[36m => CACHED [builder 2/5] COPY --from=deps /app/node_modules ./node_module  0.0s
[0m[36m => [builder 3/5] COPY . .                                                 0.7s
[0m[36m => [builder 4/5] RUN npx prisma generate                                  7.1s
[0m => [builder 5/5] RUN npm run build                                       37.0s
[?25h[1A[1A[1A[1A[1A[1A[1A[1A[1A[0G[?25l[+] Building 46.5s (15/28)                                 docker:desktop-linux
[36m => CACHED [deps 2/5] WORKDIR /app                                         0.0s
[0m[36m => CACHED [deps 3/5] COPY package.json package-lock.json* pnpm-lock.yaml  0.0s
[0m[36m => CACHED [deps 4/5] COPY prisma ./prisma                                 0.0s
[0m[36m => CACHED [deps 5/5] RUN   if [ -f package-lock.json ]; then     npm ci   0.0s
[0m[36m => CACHED [builder 2/5] COPY --from=deps /app/node_modules ./node_module  0.0s
[0m[36m => [builder 3/5] COPY . .                                                 0.7s
[0m[36m => [builder 4/5] RUN npx prisma generate                                  7.1s
[0m => [builder 5/5] RUN npm run build                                       37.2s
[?25h[1A[1A[1A[1A[1A[1A[1A[1A[1A[0G[?25l[+] Building 46.7s (15/28)                                 docker:desktop-linux
[36m => CACHED [deps 2/5] WORKDIR /app                                         0.0s
[0m[36m => CACHED [deps 3/5] COPY package.json package-lock.json* pnpm-lock.yaml  0.0s
[0m[36m => CACHED [deps 4/5] COPY prisma ./prisma                                 0.0s
[0m[36m => CACHED [deps 5/5] RUN   if [ -f package-lock.json ]; then     npm ci   0.0s
[0m[36m => CACHED [builder 2/5] COPY --from=deps /app/node_modules ./node_module  0.0s
[0m[36m => [builder 3/5] COPY . .                                                 0.7s
[0m[36m => [builder 4/5] RUN npx prisma generate                                  7.1s
[0m => [builder 5/5] RUN npm run build                                       37.3s
[?25h[1A[1A[1A[1A[1A[1A[1A[1A[1A[0G[?25l[+] Building 46.8s (15/28)                                 docker:desktop-linux
[36m => CACHED [deps 2/5] WORKDIR /app                                         0.0s
[0m[36m => CACHED [deps 3/5] COPY package.json package-lock.json* pnpm-lock.yaml  0.0s
[0m[36m => CACHED [deps 4/5] COPY prisma ./prisma                                 0.0s
[0m[36m => CACHED [deps 5/5] RUN   if [ -f package-lock.json ]; then     npm ci   0.0s
[0m[36m => CACHED [builder 2/5] COPY --from=deps /app/node_modules ./node_module  0.0s
[0m[36m => [builder 3/5] COPY . .                                                 0.7s
[0m[36m => [builder 4/5] RUN npx prisma generate                                  7.1s
[0m => [builder 5/5] RUN npm run build                                       37.5s
[?25h[1A[1A[1A[1A[1A[1A[1A[1A[1A[0G[?25l[+] Building 47.0s (15/28)                                 docker:desktop-linux
[36m => CACHED [deps 2/5] WORKDIR /app                                         0.0s
[0m[36m => CACHED [deps 3/5] COPY package.json package-lock.json* pnpm-lock.yaml  0.0s
[0m[36m => CACHED [deps 4/5] COPY prisma ./prisma                                 0.0s
[0m[36m => CACHED [deps 5/5] RUN   if [ -f package-lock.json ]; then     npm ci   0.0s
[0m[36m => CACHED [builder 2/5] COPY --from=deps /app/node_modules ./node_module  0.0s
[0m[36m => [builder 3/5] COPY . .                                                 0.7s
[0m[36m => [builder 4/5] RUN npx prisma generate                                  7.1s
[0m => [builder 5/5] RUN npm run build                                       37.6s
[?25h[1A[1A[1A[1A[1A[1A[1A[1A[1A[0G[?25l[+] Building 47.1s (15/28)                                 docker:desktop-linux
[36m => CACHED [deps 2/5] WORKDIR /app                                         0.0s
[0m[36m => CACHED [deps 3/5] COPY package.json package-lock.json* pnpm-lock.yaml  0.0s
[0m[36m => CACHED [deps 4/5] COPY prisma ./prisma                                 0.0s
[0m[36m => CACHED [deps 5/5] RUN   if [ -f package-lock.json ]; then     npm ci   0.0s
[0m[36m => CACHED [builder 2/5] COPY --from=deps /app/node_modules ./node_module  0.0s
[0m[36m => [builder 3/5] COPY . .                                                 0.7s
[0m[36m => [builder 4/5] RUN npx prisma generate                                  7.1s
[0m => [builder 5/5] RUN npm run build                                       37.8s
[?25h[1A[1A[1A[1A[1A[1A[1A[1A[1A[0G[?25l[+] Building 47.3s (15/28)                                 docker:desktop-linux
[36m => CACHED [deps 2/5] WORKDIR /app                                         0.0s
[0m[36m => CACHED [deps 3/5] COPY package.json package-lock.json* pnpm-lock.yaml  0.0s
[0m[36m => CACHED [deps 4/5] COPY prisma ./prisma                                 0.0s
[0m[36m => CACHED [deps 5/5] RUN   if [ -f package-lock.json ]; then     npm ci   0.0s
[0m[36m => CACHED [builder 2/5] COPY --from=deps /app/node_modules ./node_module  0.0s
[0m[36m => [builder 3/5] COPY . .                                                 0.7s
[0m[36m => [builder 4/5] RUN npx prisma generate                                  7.1s
[0m => [builder 5/5] RUN npm run build                                       37.9s
[?25h[1A[1A[1A[1A[1A[1A[1A[1A[1A[0G[?25l[+] Building 47.4s (15/28)                                 docker:desktop-linux
[36m => CACHED [deps 2/5] WORKDIR /app                                         0.0s
[0m[36m => CACHED [deps 3/5] COPY package.json package-lock.json* pnpm-lock.yaml  0.0s
[0m[36m => CACHED [deps 4/5] COPY prisma ./prisma                                 0.0s
[0m[36m => CACHED [deps 5/5] RUN   if [ -f package-lock.json ]; then     npm ci   0.0s
[0m[36m => CACHED [builder 2/5] COPY --from=deps /app/node_modules ./node_module  0.0s
[0m[36m => [builder 3/5] COPY . .                                                 0.7s
[0m[36m => [builder 4/5] RUN npx prisma generate                                  7.1s
[0m => [builder 5/5] RUN npm run build                                       38.1s
[?25h[1A[1A[1A[1A[1A[1A[1A[1A[1A[0G[?25l[+] Building 47.6s (15/28)                                 docker:desktop-linux
[36m => CACHED [deps 2/5] WORKDIR /app                                         0.0s
[0m[36m => CACHED [deps 3/5] COPY package.json package-lock.json* pnpm-lock.yaml  0.0s
[0m[36m => CACHED [deps 4/5] COPY prisma ./prisma                                 0.0s
[0m[36m => CACHED [deps 5/5] RUN   if [ -f package-lock.json ]; then     npm ci   0.0s
[0m[36m => CACHED [builder 2/5] COPY --from=deps /app/node_modules ./node_module  0.0s
[0m[36m => [builder 3/5] COPY . .                                                 0.7s
[0m[36m => [builder 4/5] RUN npx prisma generate                                  7.1s
[0m => [builder 5/5] RUN npm run build                                       38.2s
[?25h[1A[1A[1A[1A[1A[1A[1A[1A[1A[0G[?25l[+] Building 47.7s (15/28)                                 docker:desktop-linux
[36m => CACHED [deps 2/5] WORKDIR /app                                         0.0s
[0m[36m => CACHED [deps 3/5] COPY package.json package-lock.json* pnpm-lock.yaml  0.0s
[0m[36m => CACHED [deps 4/5] COPY prisma ./prisma                                 0.0s
[0m[36m => CACHED [deps 5/5] RUN   if [ -f package-lock.json ]; then     npm ci   0.0s
[0m[36m => CACHED [builder 2/5] COPY --from=deps /app/node_modules ./node_module  0.0s
[0m[36m => [builder 3/5] COPY . .                                                 0.7s
[0m[36m => [builder 4/5] RUN npx prisma generate                                  7.1s
[0m => [builder 5/5] RUN npm run build                                       38.4s
[?25h[1A[1A[1A[1A[1A[1A[1A[1A[1A[0G[?25l[+] Building 47.9s (15/28)                                 docker:desktop-linux
[36m => CACHED [deps 2/5] WORKDIR /app                                         0.0s
[0m[36m => CACHED [deps 3/5] COPY package.json package-lock.json* pnpm-lock.yaml  0.0s
[0m[36m => CACHED [deps 4/5] COPY prisma ./prisma                                 0.0s
[0m[36m => CACHED [deps 5/5] RUN   if [ -f package-lock.json ]; then     npm ci   0.0s
[0m[36m => CACHED [builder 2/5] COPY --from=deps /app/node_modules ./node_module  0.0s
[0m[36m => [builder 3/5] COPY . .                                                 0.7s
[0m[36m => [builder 4/5] RUN npx prisma generate                                  7.1s
[0m => [builder 5/5] RUN npm run build                                       38.5s
[?25h[1A[1A[1A[1A[1A[1A[1A[1A[1A[0G[?25l[+] Building 48.0s (15/28)                                 docker:desktop-linux
[36m => CACHED [deps 2/5] WORKDIR /app                                         0.0s
[0m[36m => CACHED [deps 3/5] COPY package.json package-lock.json* pnpm-lock.yaml  0.0s
[0m[36m => CACHED [deps 4/5] COPY prisma ./prisma                                 0.0s
[0m[36m => CACHED [deps 5/5] RUN   if [ -f package-lock.json ]; then     npm ci   0.0s
[0m[36m => CACHED [builder 2/5] COPY --from=deps /app/node_modules ./node_module  0.0s
[0m[36m => [builder 3/5] COPY . .                                                 0.7s
[0m[36m => [builder 4/5] RUN npx prisma generate                                  7.1s
[0m => [builder 5/5] RUN npm run build                                       38.7s
[?25h[1A[1A[1A[1A[1A[1A[1A[1A[1A[0G[?25l[+] Building 48.2s (15/28)                                 docker:desktop-linux
[36m => CACHED [deps 2/5] WORKDIR /app                                         0.0s
[0m[36m => CACHED [deps 3/5] COPY package.json package-lock.json* pnpm-lock.yaml  0.0s
[0m[36m => CACHED [deps 4/5] COPY prisma ./prisma                                 0.0s
[0m[36m => CACHED [deps 5/5] RUN   if [ -f package-lock.json ]; then     npm ci   0.0s
[0m[36m => CACHED [builder 2/5] COPY --from=deps /app/node_modules ./node_module  0.0s
[0m[36m => [builder 3/5] COPY . .                                                 0.7s
[0m[36m => [builder 4/5] RUN npx prisma generate                                  7.1s
[0m => [builder 5/5] RUN npm run build                                       38.8s
[?25h[1A[1A[1A[1A[1A[1A[1A[1A[1A[0G[?25l[+] Building 48.3s (15/28)                                 docker:desktop-linux
[36m => CACHED [deps 2/5] WORKDIR /app                                         0.0s
[0m[36m => CACHED [deps 3/5] COPY package.json package-lock.json* pnpm-lock.yaml  0.0s
[0m[36m => CACHED [deps 4/5] COPY prisma ./prisma                                 0.0s
[0m[36m => CACHED [deps 5/5] RUN   if [ -f package-lock.json ]; then     npm ci   0.0s
[0m[36m => CACHED [builder 2/5] COPY --from=deps /app/node_modules ./node_module  0.0s
[0m[36m => [builder 3/5] COPY . .                                                 0.7s
[0m[36m => [builder 4/5] RUN npx prisma generate                                  7.1s
[0m => [builder 5/5] RUN npm run build                                       39.0s
[?25h[1A[1A[1A[1A[1A[1A[1A[1A[1A[0G[?25l[+] Building 48.5s (15/28)                                 docker:desktop-linux
[36m => CACHED [deps 2/5] WORKDIR /app                                         0.0s
[0m[36m => CACHED [deps 3/5] COPY package.json package-lock.json* pnpm-lock.yaml  0.0s
[0m[36m => CACHED [deps 4/5] COPY prisma ./prisma                                 0.0s
[0m[36m => CACHED [deps 5/5] RUN   if [ -f package-lock.json ]; then     npm ci   0.0s
[0m[36m => CACHED [builder 2/5] COPY --from=deps /app/node_modules ./node_module  0.0s
[0m[36m => [builder 3/5] COPY . .                                                 0.7s
[0m[36m => [builder 4/5] RUN npx prisma generate                                  7.1s
[0m => [builder 5/5] RUN npm run build                                       39.1s
[?25h[1A[1A[1A[1A[1A[1A[1A[1A[1A[0G[?25l[+] Building 48.6s (15/28)                                 docker:desktop-linux
[36m => CACHED [deps 2/5] WORKDIR /app                                         0.0s
[0m[36m => CACHED [deps 3/5] COPY package.json package-lock.json* pnpm-lock.yaml  0.0s
[0m[36m => CACHED [deps 4/5] COPY prisma ./prisma                                 0.0s
[0m[36m => CACHED [deps 5/5] RUN   if [ -f package-lock.json ]; then     npm ci   0.0s
[0m[36m => CACHED [builder 2/5] COPY --from=deps /app/node_modules ./node_module  0.0s
[0m[36m => [builder 3/5] COPY . .                                                 0.7s
[0m[36m => [builder 4/5] RUN npx prisma generate                                  7.1s
[0m => [builder 5/5] RUN npm run build                                       39.3s
[?25h[1A[1A[1A[1A[1A[1A[1A[1A[1A[0G[?25l[+] Building 48.8s (15/28)                                 docker:desktop-linux
[36m => CACHED [deps 2/5] WORKDIR /app                                         0.0s
[0m[36m => CACHED [deps 3/5] COPY package.json package-lock.json* pnpm-lock.yaml  0.0s
[0m[36m => CACHED [deps 4/5] COPY prisma ./prisma                                 0.0s
[0m[36m => CACHED [deps 5/5] RUN   if [ -f package-lock.json ]; then     npm ci   0.0s
[0m[36m => CACHED [builder 2/5] COPY --from=deps /app/node_modules ./node_module  0.0s
[0m[36m => [builder 3/5] COPY . .                                                 0.7s
[0m[36m => [builder 4/5] RUN npx prisma generate                                  7.1s
[0m => [builder 5/5] RUN npm run build                                       39.4s
[?25h[1A[1A[1A[1A[1A[1A[1A[1A[1A[0G[?25l[+] Building 48.9s (15/28)                                 docker:desktop-linux
[36m => CACHED [deps 2/5] WORKDIR /app                                         0.0s
[0m[36m => CACHED [deps 3/5] COPY package.json package-lock.json* pnpm-lock.yaml  0.0s
[0m[36m => CACHED [deps 4/5] COPY prisma ./prisma                                 0.0s
[0m[36m => CACHED [deps 5/5] RUN   if [ -f package-lock.json ]; then     npm ci   0.0s
[0m[36m => CACHED [builder 2/5] COPY --from=deps /app/node_modules ./node_module  0.0s
[0m[36m => [builder 3/5] COPY . .                                                 0.7s
[0m[36m => [builder 4/5] RUN npx prisma generate                                  7.1s
[0m => [builder 5/5] RUN npm run build                                       39.6s
[?25h[1A[1A[1A[1A[1A[1A[1A[1A[1A[0G[?25l[+] Building 49.1s (15/28)                                 docker:desktop-linux
[36m => CACHED [deps 2/5] WORKDIR /app                                         0.0s
[0m[36m => CACHED [deps 3/5] COPY package.json package-lock.json* pnpm-lock.yaml  0.0s
[0m[36m => CACHED [deps 4/5] COPY prisma ./prisma                                 0.0s
[0m[36m => CACHED [deps 5/5] RUN   if [ -f package-lock.json ]; then     npm ci   0.0s
[0m[36m => CACHED [builder 2/5] COPY --from=deps /app/node_modules ./node_module  0.0s
[0m[36m => [builder 3/5] COPY . .                                                 0.7s
[0m[36m => [builder 4/5] RUN npx prisma generate                                  7.1s
[0m => [builder 5/5] RUN npm run build                                       39.7s
[?25h[1A[1A[1A[1A[1A[1A[1A[1A[1A[0G[?25l[+] Building 49.2s (15/28)                                 docker:desktop-linux
[36m => CACHED [deps 2/5] WORKDIR /app                                         0.0s
[0m[36m => CACHED [deps 3/5] COPY package.json package-lock.json* pnpm-lock.yaml  0.0s
[0m[36m => CACHED [deps 4/5] COPY prisma ./prisma                                 0.0s
[0m[36m => CACHED [deps 5/5] RUN   if [ -f package-lock.json ]; then     npm ci   0.0s
[0m[36m => CACHED [builder 2/5] COPY --from=deps /app/node_modules ./node_module  0.0s
[0m[36m => [builder 3/5] COPY . .                                                 0.7s
[0m[36m => [builder 4/5] RUN npx prisma generate                                  7.1s
[0m => [builder 5/5] RUN npm run build                                       39.9s
[?25h[1A[1A[1A[1A[1A[1A[1A[1A[1A[0G[?25l[+] Building 49.4s (15/28)                                 docker:desktop-linux
[36m => CACHED [deps 2/5] WORKDIR /app                                         0.0s
[0m[36m => CACHED [deps 3/5] COPY package.json package-lock.json* pnpm-lock.yaml  0.0s
[0m[36m => CACHED [deps 4/5] COPY prisma ./prisma                                 0.0s
[0m[36m => CACHED [deps 5/5] RUN   if [ -f package-lock.json ]; then     npm ci   0.0s
[0m[36m => CACHED [builder 2/5] COPY --from=deps /app/node_modules ./node_module  0.0s
[0m[36m => [builder 3/5] COPY . .                                                 0.7s
[0m[36m => [builder 4/5] RUN npx prisma generate                                  7.1s
[0m => [builder 5/5] RUN npm run build                                       40.0s
[?25h[1A[1A[1A[1A[1A[1A[1A[1A[1A[0G[?25l[+] Building 49.5s (15/28)                                 docker:desktop-linux
[36m => CACHED [deps 2/5] WORKDIR /app                                         0.0s
[0m[36m => CACHED [deps 3/5] COPY package.json package-lock.json* pnpm-lock.yaml  0.0s
[0m[36m => CACHED [deps 4/5] COPY prisma ./prisma                                 0.0s
[0m[36m => CACHED [deps 5/5] RUN   if [ -f package-lock.json ]; then     npm ci   0.0s
[0m[36m => CACHED [builder 2/5] COPY --from=deps /app/node_modules ./node_module  0.0s
[0m[36m => [builder 3/5] COPY . .                                                 0.7s
[0m[36m => [builder 4/5] RUN npx prisma generate                                  7.1s
[0m => [builder 5/5] RUN npm run build                                       40.2s
[?25h[1A[1A[1A[1A[1A[1A[1A[1A[1A[0G[?25l[+] Building 49.7s (15/28)                                 docker:desktop-linux
[36m => CACHED [deps 2/5] WORKDIR /app                                         0.0s
[0m[36m => CACHED [deps 3/5] COPY package.json package-lock.json* pnpm-lock.yaml  0.0s
[0m[36m => CACHED [deps 4/5] COPY prisma ./prisma                                 0.0s
[0m[36m => CACHED [deps 5/5] RUN   if [ -f package-lock.json ]; then     npm ci   0.0s
[0m[36m => CACHED [builder 2/5] COPY --from=deps /app/node_modules ./node_module  0.0s
[0m[36m => [builder 3/5] COPY . .                                                 0.7s
[0m[36m => [builder 4/5] RUN npx prisma generate                                  7.1s
[0m => [builder 5/5] RUN npm run build                                       40.3s
[?25h[1A[1A[1A[1A[1A[1A[1A[1A[1A[0G[?25l[+] Building 49.8s (15/28)                                 docker:desktop-linux
[36m => CACHED [deps 2/5] WORKDIR /app                                         0.0s
[0m[36m => CACHED [deps 3/5] COPY package.json package-lock.json* pnpm-lock.yaml  0.0s
[0m[36m => CACHED [deps 4/5] COPY prisma ./prisma                                 0.0s
[0m[36m => CACHED [deps 5/5] RUN   if [ -f package-lock.json ]; then     npm ci   0.0s
[0m[36m => CACHED [builder 2/5] COPY --from=deps /app/node_modules ./node_module  0.0s
[0m[36m => [builder 3/5] COPY . .                                                 0.7s
[0m[36m => [builder 4/5] RUN npx prisma generate                                  7.1s
[0m => [builder 5/5] RUN npm run build                                       40.5s
[?25h[1A[1A[1A[1A[1A[1A[1A[1A[1A[0G[?25l[+] Building 50.0s (15/28)                                 docker:desktop-linux
[36m => CACHED [deps 2/5] WORKDIR /app                                         0.0s
[0m[36m => CACHED [deps 3/5] COPY package.json package-lock.json* pnpm-lock.yaml  0.0s
[0m[36m => CACHED [deps 4/5] COPY prisma ./prisma                                 0.0s
[0m[36m => CACHED [deps 5/5] RUN   if [ -f package-lock.json ]; then     npm ci   0.0s
[0m[36m => CACHED [builder 2/5] COPY --from=deps /app/node_modules ./node_module  0.0s
[0m[36m => [builder 3/5] COPY . .                                                 0.7s
[0m[36m => [builder 4/5] RUN npx prisma generate                                  7.1s
[0m => [builder 5/5] RUN npm run build                                       40.6s
[?25h[1A[1A[1A[1A[1A[1A[1A[1A[1A[0G[?25l[+] Building 50.1s (15/28)                                 docker:desktop-linux
[36m => CACHED [deps 2/5] WORKDIR /app                                         0.0s
[0m[36m => CACHED [deps 3/5] COPY package.json package-lock.json* pnpm-lock.yaml  0.0s
[0m[36m => CACHED [deps 4/5] COPY prisma ./prisma                                 0.0s
[0m[36m => CACHED [deps 5/5] RUN   if [ -f package-lock.json ]; then     npm ci   0.0s
[0m[36m => CACHED [builder 2/5] COPY --from=deps /app/node_modules ./node_module  0.0s
[0m[36m => [builder 3/5] COPY . .                                                 0.7s
[0m[36m => [builder 4/5] RUN npx prisma generate                                  7.1s
[0m => [builder 5/5] RUN npm run build                                       40.8s
[?25h[1A[1A[1A[1A[1A[1A[1A[1A[1A[0G[?25l[+] Building 50.3s (15/28)                                 docker:desktop-linux
[36m => CACHED [deps 2/5] WORKDIR /app                                         0.0s
[0m[36m => CACHED [deps 3/5] COPY package.json package-lock.json* pnpm-lock.yaml  0.0s
[0m[36m => CACHED [deps 4/5] COPY prisma ./prisma                                 0.0s
[0m[36m => CACHED [deps 5/5] RUN   if [ -f package-lock.json ]; then     npm ci   0.0s
[0m[36m => CACHED [builder 2/5] COPY --from=deps /app/node_modules ./node_module  0.0s
[0m[36m => [builder 3/5] COPY . .                                                 0.7s
[0m[36m => [builder 4/5] RUN npx prisma generate                                  7.1s
[0m => [builder 5/5] RUN npm run build                                       40.9s
[?25h[1A[1A[1A[1A[1A[1A[1A[1A[1A[0G[?25l[+] Building 50.4s (15/28)                                 docker:desktop-linux
[36m => CACHED [deps 2/5] WORKDIR /app                                         0.0s
[0m[36m => CACHED [deps 3/5] COPY package.json package-lock.json* pnpm-lock.yaml  0.0s
[0m[36m => CACHED [deps 4/5] COPY prisma ./prisma                                 0.0s
[0m[36m => CACHED [deps 5/5] RUN   if [ -f package-lock.json ]; then     npm ci   0.0s
[0m[36m => CACHED [builder 2/5] COPY --from=deps /app/node_modules ./node_module  0.0s
[0m[36m => [builder 3/5] COPY . .                                                 0.7s
[0m[36m => [builder 4/5] RUN npx prisma generate                                  7.1s
[0m => [builder 5/5] RUN npm run build                                       41.1s
[?25h[1A[1A[1A[1A[1A[1A[1A[1A[1A[0G[?25l[+] Building 50.6s (15/28)                                 docker:desktop-linux
[36m => CACHED [deps 2/5] WORKDIR /app                                         0.0s
[0m[36m => CACHED [deps 3/5] COPY package.json package-lock.json* pnpm-lock.yaml  0.0s
[0m[36m => CACHED [deps 4/5] COPY prisma ./prisma                                 0.0s
[0m[36m => CACHED [deps 5/5] RUN   if [ -f package-lock.json ]; then     npm ci   0.0s
[0m[36m => CACHED [builder 2/5] COPY --from=deps /app/node_modules ./node_module  0.0s
[0m[36m => [builder 3/5] COPY . .                                                 0.7s
[0m[36m => [builder 4/5] RUN npx prisma generate                                  7.1s
[0m => [builder 5/5] RUN npm run build                                       41.2s
[?25h[1A[1A[1A[1A[1A[1A[1A[1A[1A[0G[?25l[+] Building 50.7s (15/28)                                 docker:desktop-linux
[36m => CACHED [deps 2/5] WORKDIR /app                                         0.0s
[0m[36m => CACHED [deps 3/5] COPY package.json package-lock.json* pnpm-lock.yaml  0.0s
[0m[36m => CACHED [deps 4/5] COPY prisma ./prisma                                 0.0s
[0m[36m => CACHED [deps 5/5] RUN   if [ -f package-lock.json ]; then     npm ci   0.0s
[0m[36m => CACHED [builder 2/5] COPY --from=deps /app/node_modules ./node_module  0.0s
[0m[36m => [builder 3/5] COPY . .                                                 0.7s
[0m[36m => [builder 4/5] RUN npx prisma generate                                  7.1s
[0m => [builder 5/5] RUN npm run build                                       41.4s
[?25h[1A[1A[1A[1A[1A[1A[1A[1A[1A[0G[?25l[+] Building 50.9s (15/28)                                 docker:desktop-linux
[36m => CACHED [deps 2/5] WORKDIR /app                                         0.0s
[0m[36m => CACHED [deps 3/5] COPY package.json package-lock.json* pnpm-lock.yaml  0.0s
[0m[36m => CACHED [deps 4/5] COPY prisma ./prisma                                 0.0s
[0m[36m => CACHED [deps 5/5] RUN   if [ -f package-lock.json ]; then     npm ci   0.0s
[0m[36m => CACHED [builder 2/5] COPY --from=deps /app/node_modules ./node_module  0.0s
[0m[36m => [builder 3/5] COPY . .                                                 0.7s
[0m[36m => [builder 4/5] RUN npx prisma generate                                  7.1s
[0m => [builder 5/5] RUN npm run build                                       41.5s
[?25h[1A[1A[1A[1A[1A[1A[1A[1A[1A[0G[?25l[+] Building 51.0s (15/28)                                 docker:desktop-linux
[36m => CACHED [deps 2/5] WORKDIR /app                                         0.0s
[0m[36m => CACHED [deps 3/5] COPY package.json package-lock.json* pnpm-lock.yaml  0.0s
[0m[36m => CACHED [deps 4/5] COPY prisma ./prisma                                 0.0s
[0m[36m => CACHED [deps 5/5] RUN   if [ -f package-lock.json ]; then     npm ci   0.0s
[0m[36m => CACHED [builder 2/5] COPY --from=deps /app/node_modules ./node_module  0.0s
[0m[36m => [builder 3/5] COPY . .                                                 0.7s
[0m[36m => [builder 4/5] RUN npx prisma generate                                  7.1s
[0m => [builder 5/5] RUN npm run build                                       41.7s
[?25h[1A[1A[1A[1A[1A[1A[1A[1A[1A[0G[?25l[+] Building 51.2s (15/28)                                 docker:desktop-linux
[36m => CACHED [deps 2/5] WORKDIR /app                                         0.0s
[0m[36m => CACHED [deps 3/5] COPY package.json package-lock.json* pnpm-lock.yaml  0.0s
[0m[36m => CACHED [deps 4/5] COPY prisma ./prisma                                 0.0s
[0m[36m => CACHED [deps 5/5] RUN   if [ -f package-lock.json ]; then     npm ci   0.0s
[0m[36m => CACHED [builder 2/5] COPY --from=deps /app/node_modules ./node_module  0.0s
[0m[36m => [builder 3/5] COPY . .                                                 0.7s
[0m[36m => [builder 4/5] RUN npx prisma generate                                  7.1s
[0m => [builder 5/5] RUN npm run build                                       41.8s
[?25h[1A[1A[1A[1A[1A[1A[1A[1A[1A[0G[?25l[+] Building 51.3s (15/28)                                 docker:desktop-linux
[36m => CACHED [deps 2/5] WORKDIR /app                                         0.0s
[0m[36m => CACHED [deps 3/5] COPY package.json package-lock.json* pnpm-lock.yaml  0.0s
[0m[36m => CACHED [deps 4/5] COPY prisma ./prisma                                 0.0s
[0m[36m => CACHED [deps 5/5] RUN   if [ -f package-lock.json ]; then     npm ci   0.0s
[0m[36m => CACHED [builder 2/5] COPY --from=deps /app/node_modules ./node_module  0.0s
[0m[36m => [builder 3/5] COPY . .                                                 0.7s
[0m[36m => [builder 4/5] RUN npx prisma generate                                  7.1s
[0m => [builder 5/5] RUN npm run build                                       42.0s
[?25h[1A[1A[1A[1A[1A[1A[1A[1A[1A[0G[?25l[+] Building 51.5s (15/28)                                 docker:desktop-linux
[36m => CACHED [deps 2/5] WORKDIR /app                                         0.0s
[0m[36m => CACHED [deps 3/5] COPY package.json package-lock.json* pnpm-lock.yaml  0.0s
[0m[36m => CACHED [deps 4/5] COPY prisma ./prisma                                 0.0s
[0m[36m => CACHED [deps 5/5] RUN   if [ -f package-lock.json ]; then     npm ci   0.0s
[0m[36m => CACHED [builder 2/5] COPY --from=deps /app/node_modules ./node_module  0.0s
[0m[36m => [builder 3/5] COPY . .                                                 0.7s
[0m[36m => [builder 4/5] RUN npx prisma generate                                  7.1s
[0m => [builder 5/5] RUN npm run build                                       42.1s
[?25h[1A[1A[1A[1A[1A[1A[1A[1A[1A[0G[?25l[+] Building 51.6s (15/28)                                 docker:desktop-linux
[36m => CACHED [deps 2/5] WORKDIR /app                                         0.0s
[0m[36m => CACHED [deps 3/5] COPY package.json package-lock.json* pnpm-lock.yaml  0.0s
[0m[36m => CACHED [deps 4/5] COPY prisma ./prisma                                 0.0s
[0m[36m => CACHED [deps 5/5] RUN   if [ -f package-lock.json ]; then     npm ci   0.0s
[0m[36m => CACHED [builder 2/5] COPY --from=deps /app/node_modules ./node_module  0.0s
[0m[36m => [builder 3/5] COPY . .                                                 0.7s
[0m[36m => [builder 4/5] RUN npx prisma generate                                  7.1s
[0m => [builder 5/5] RUN npm run build                                       42.3s
[?25h[1A[1A[1A[1A[1A[1A[1A[1A[1A[0G[?25l[+] Building 51.8s (15/28)                                 docker:desktop-linux
[36m => CACHED [deps 2/5] WORKDIR /app                                         0.0s
[0m[36m => CACHED [deps 3/5] COPY package.json package-lock.json* pnpm-lock.yaml  0.0s
[0m[36m => CACHED [deps 4/5] COPY prisma ./prisma                                 0.0s
[0m[36m => CACHED [deps 5/5] RUN   if [ -f package-lock.json ]; then     npm ci   0.0s
[0m[36m => CACHED [builder 2/5] COPY --from=deps /app/node_modules ./node_module  0.0s
[0m[36m => [builder 3/5] COPY . .                                                 0.7s
[0m[36m => [builder 4/5] RUN npx prisma generate                                  7.1s
[0m => [builder 5/5] RUN npm run build                                       42.4s
[?25h[1A[1A[1A[1A[1A[1A[1A[1A[1A[0G[?25l[+] Building 51.9s (15/28)                                 docker:desktop-linux
[36m => CACHED [deps 2/5] WORKDIR /app                                         0.0s
[0m[36m => CACHED [deps 3/5] COPY package.json package-lock.json* pnpm-lock.yaml  0.0s
[0m[36m => CACHED [deps 4/5] COPY prisma ./prisma                                 0.0s
[0m[36m => CACHED [deps 5/5] RUN   if [ -f package-lock.json ]; then     npm ci   0.0s
[0m[36m => CACHED [builder 2/5] COPY --from=deps /app/node_modules ./node_module  0.0s
[0m[36m => [builder 3/5] COPY . .                                                 0.7s
[0m[36m => [builder 4/5] RUN npx prisma generate                                  7.1s
[0m => [builder 5/5] RUN npm run build                                       42.6s
[?25h[1A[1A[1A[1A[1A[1A[1A[1A[1A[0G[?25l[+] Building 52.1s (15/28)                                 docker:desktop-linux
[36m => CACHED [deps 2/5] WORKDIR /app                                         0.0s
[0m[36m => CACHED [deps 3/5] COPY package.json package-lock.json* pnpm-lock.yaml  0.0s
[0m[36m => CACHED [deps 4/5] COPY prisma ./prisma                                 0.0s
[0m[36m => CACHED [deps 5/5] RUN   if [ -f package-lock.json ]; then     npm ci   0.0s
[0m[36m => CACHED [builder 2/5] COPY --from=deps /app/node_modules ./node_module  0.0s
[0m[36m => [builder 3/5] COPY . .                                                 0.7s
[0m[36m => [builder 4/5] RUN npx prisma generate                                  7.1s
[0m => [builder 5/5] RUN npm run build                                       42.7s
[?25h[1A[1A[1A[1A[1A[1A[1A[1A[1A[0G[?25l[+] Building 52.2s (15/28)                                 docker:desktop-linux
[36m => CACHED [deps 2/5] WORKDIR /app                                         0.0s
[0m[36m => CACHED [deps 3/5] COPY package.json package-lock.json* pnpm-lock.yaml  0.0s
[0m[36m => CACHED [deps 4/5] COPY prisma ./prisma                                 0.0s
[0m[36m => CACHED [deps 5/5] RUN   if [ -f package-lock.json ]; then     npm ci   0.0s
[0m[36m => CACHED [builder 2/5] COPY --from=deps /app/node_modules ./node_module  0.0s
[0m[36m => [builder 3/5] COPY . .                                                 0.7s
[0m[36m => [builder 4/5] RUN npx prisma generate                                  7.1s
[0m => [builder 5/5] RUN npm run build                                       42.9s
[?25h[1A[1A[1A[1A[1A[1A[1A[1A[1A[0G[?25l[+] Building 52.4s (15/28)                                 docker:desktop-linux
[36m => CACHED [deps 2/5] WORKDIR /app                                         0.0s
[0m[36m => CACHED [deps 3/5] COPY package.json package-lock.json* pnpm-lock.yaml  0.0s
[0m[36m => CACHED [deps 4/5] COPY prisma ./prisma                                 0.0s
[0m[36m => CACHED [deps 5/5] RUN   if [ -f package-lock.json ]; then     npm ci   0.0s
[0m[36m => CACHED [builder 2/5] COPY --from=deps /app/node_modules ./node_module  0.0s
[0m[36m => [builder 3/5] COPY . .                                                 0.7s
[0m[36m => [builder 4/5] RUN npx prisma generate                                  7.1s
[0m => [builder 5/5] RUN npm run build                                       43.0s
[?25h[1A[1A[1A[1A[1A[1A[1A[1A[1A[0G[?25l[+] Building 52.5s (15/28)                                 docker:desktop-linux
[36m => CACHED [deps 2/5] WORKDIR /app                                         0.0s
[0m[36m => CACHED [deps 3/5] COPY package.json package-lock.json* pnpm-lock.yaml  0.0s
[0m[36m => CACHED [deps 4/5] COPY prisma ./prisma                                 0.0s
[0m[36m => CACHED [deps 5/5] RUN   if [ -f package-lock.json ]; then     npm ci   0.0s
[0m[36m => CACHED [builder 2/5] COPY --from=deps /app/node_modules ./node_module  0.0s
[0m[36m => [builder 3/5] COPY . .                                                 0.7s
[0m[36m => [builder 4/5] RUN npx prisma generate                                  7.1s
[0m => [builder 5/5] RUN npm run build                                       43.2s
[?25h[1A[1A[1A[1A[1A[1A[1A[1A[1A[0G[?25l[+] Building 52.7s (15/28)                                 docker:desktop-linux
[36m => CACHED [deps 2/5] WORKDIR /app                                         0.0s
[0m[36m => CACHED [deps 3/5] COPY package.json package-lock.json* pnpm-lock.yaml  0.0s
[0m[36m => CACHED [deps 4/5] COPY prisma ./prisma                                 0.0s
[0m[36m => CACHED [deps 5/5] RUN   if [ -f package-lock.json ]; then     npm ci   0.0s
[0m[36m => CACHED [builder 2/5] COPY --from=deps /app/node_modules ./node_module  0.0s
[0m[36m => [builder 3/5] COPY . .                                                 0.7s
[0m[36m => [builder 4/5] RUN npx prisma generate                                  7.1s
[0m => [builder 5/5] RUN npm run build                                       43.3s
[?25h[1A[1A[1A[1A[1A[1A[1A[1A[1A[0G[?25l[+] Building 52.8s (15/28)                                 docker:desktop-linux
[36m => CACHED [deps 2/5] WORKDIR /app                                         0.0s
[0m[36m => CACHED [deps 3/5] COPY package.json package-lock.json* pnpm-lock.yaml  0.0s
[0m[36m => CACHED [deps 4/5] COPY prisma ./prisma                                 0.0s
[0m[36m => CACHED [deps 5/5] RUN   if [ -f package-lock.json ]; then     npm ci   0.0s
[0m[36m => CACHED [builder 2/5] COPY --from=deps /app/node_modules ./node_module  0.0s
[0m[36m => [builder 3/5] COPY . .                                                 0.7s
[0m[36m => [builder 4/5] RUN npx prisma generate                                  7.1s
[0m => [builder 5/5] RUN npm run build                                       43.5s
[?25h[1A[1A[1A[1A[1A[1A[1A[1A[1A[0G[?25l[+] Building 53.0s (15/28)                                 docker:desktop-linux
[36m => CACHED [deps 2/5] WORKDIR /app                                         0.0s
[0m[36m => CACHED [deps 3/5] COPY package.json package-lock.json* pnpm-lock.yaml  0.0s
[0m[36m => CACHED [deps 4/5] COPY prisma ./prisma                                 0.0s
[0m[36m => CACHED [deps 5/5] RUN   if [ -f package-lock.json ]; then     npm ci   0.0s
[0m[36m => CACHED [builder 2/5] COPY --from=deps /app/node_modules ./node_module  0.0s
[0m[36m => [builder 3/5] COPY . .                                                 0.7s
[0m[36m => [builder 4/5] RUN npx prisma generate                                  7.1s
[0m => [builder 5/5] RUN npm run build                                       43.6s
[?25h[1A[1A[1A[1A[1A[1A[1A[1A[1A[0G[?25l[+] Building 53.1s (15/28)                                 docker:desktop-linux
[36m => CACHED [deps 2/5] WORKDIR /app                                         0.0s
[0m[36m => CACHED [deps 3/5] COPY package.json package-lock.json* pnpm-lock.yaml  0.0s
[0m[36m => CACHED [deps 4/5] COPY prisma ./prisma                                 0.0s
[0m[36m => CACHED [deps 5/5] RUN   if [ -f package-lock.json ]; then     npm ci   0.0s
[0m[36m => CACHED [builder 2/5] COPY --from=deps /app/node_modules ./node_module  0.0s
[0m[36m => [builder 3/5] COPY . .                                                 0.7s
[0m[36m => [builder 4/5] RUN npx prisma generate                                  7.1s
[0m => [builder 5/5] RUN npm run build                                       43.8s
[?25h[1A[1A[1A[1A[1A[1A[1A[1A[1A[0G[?25l[+] Building 53.3s (15/28)                                 docker:desktop-linux
[36m => CACHED [deps 2/5] WORKDIR /app                                         0.0s
[0m[36m => CACHED [deps 3/5] COPY package.json package-lock.json* pnpm-lock.yaml  0.0s
[0m[36m => CACHED [deps 4/5] COPY prisma ./prisma                                 0.0s
[0m[36m => CACHED [deps 5/5] RUN   if [ -f package-lock.json ]; then     npm ci   0.0s
[0m[36m => CACHED [builder 2/5] COPY --from=deps /app/node_modules ./node_module  0.0s
[0m[36m => [builder 3/5] COPY . .                                                 0.7s
[0m[36m => [builder 4/5] RUN npx prisma generate                                  7.1s
[0m => [builder 5/5] RUN npm run build                                       43.9s
[?25h[1A[1A[1A[1A[1A[1A[1A[1A[1A[0G[?25l[+] Building 53.4s (15/28)                                 docker:desktop-linux
[36m => CACHED [deps 2/5] WORKDIR /app                                         0.0s
[0m[36m => CACHED [deps 3/5] COPY package.json package-lock.json* pnpm-lock.yaml  0.0s
[0m[36m => CACHED [deps 4/5] COPY prisma ./prisma                                 0.0s
[0m[36m => CACHED [deps 5/5] RUN   if [ -f package-lock.json ]; then     npm ci   0.0s
[0m[36m => CACHED [builder 2/5] COPY --from=deps /app/node_modules ./node_module  0.0s
[0m[36m => [builder 3/5] COPY . .                                                 0.7s
[0m[36m => [builder 4/5] RUN npx prisma generate                                  7.1s
[0m => [builder 5/5] RUN npm run build                                       44.1s
[?25h[1A[1A[1A[1A[1A[1A[1A[1A[1A[0G[?25l[+] Building 53.6s (15/28)                                 docker:desktop-linux
[36m => CACHED [deps 2/5] WORKDIR /app                                         0.0s
[0m[36m => CACHED [deps 3/5] COPY package.json package-lock.json* pnpm-lock.yaml  0.0s
[0m[36m => CACHED [deps 4/5] COPY prisma ./prisma                                 0.0s
[0m[36m => CACHED [deps 5/5] RUN   if [ -f package-lock.json ]; then     npm ci   0.0s
[0m[36m => CACHED [builder 2/5] COPY --from=deps /app/node_modules ./node_module  0.0s
[0m[36m => [builder 3/5] COPY . .                                                 0.7s
[0m[36m => [builder 4/5] RUN npx prisma generate                                  7.1s
[0m => [builder 5/5] RUN npm run build                                       44.2s
[?25h[1A[1A[1A[1A[1A[1A[1A[1A[1A[0G[?25l[+] Building 53.7s (15/28)                                 docker:desktop-linux
[36m => CACHED [deps 2/5] WORKDIR /app                                         0.0s
[0m[36m => CACHED [deps 3/5] COPY package.json package-lock.json* pnpm-lock.yaml  0.0s
[0m[36m => CACHED [deps 4/5] COPY prisma ./prisma                                 0.0s
[0m[36m => CACHED [deps 5/5] RUN   if [ -f package-lock.json ]; then     npm ci   0.0s
[0m[36m => CACHED [builder 2/5] COPY --from=deps /app/node_modules ./node_module  0.0s
[0m[36m => [builder 3/5] COPY . .                                                 0.7s
[0m[36m => [builder 4/5] RUN npx prisma generate                                  7.1s
[0m => [builder 5/5] RUN npm run build                                       44.4s
[?25h[1A[1A[1A[1A[1A[1A[1A[1A[1A[0G[?25l[+] Building 53.9s (15/28)                                 docker:desktop-linux
[36m => CACHED [deps 2/5] WORKDIR /app                                         0.0s
[0m[36m => CACHED [deps 3/5] COPY package.json package-lock.json* pnpm-lock.yaml  0.0s
[0m[36m => CACHED [deps 4/5] COPY prisma ./prisma                                 0.0s
[0m[36m => CACHED [deps 5/5] RUN   if [ -f package-lock.json ]; then     npm ci   0.0s
[0m[36m => CACHED [builder 2/5] COPY --from=deps /app/node_modules ./node_module  0.0s
[0m[36m => [builder 3/5] COPY . .                                                 0.7s
[0m[36m => [builder 4/5] RUN npx prisma generate                                  7.1s
[0m => [builder 5/5] RUN npm run build                                       44.5s
[?25h[1A[1A[1A[1A[1A[1A[1A[1A[1A[0G[?25l[+] Building 54.0s (15/28)                                 docker:desktop-linux
[36m => CACHED [deps 2/5] WORKDIR /app                                         0.0s
[0m[36m => CACHED [deps 3/5] COPY package.json package-lock.json* pnpm-lock.yaml  0.0s
[0m[36m => CACHED [deps 4/5] COPY prisma ./prisma                                 0.0s
[0m[36m => CACHED [deps 5/5] RUN   if [ -f package-lock.json ]; then     npm ci   0.0s
[0m[36m => CACHED [builder 2/5] COPY --from=deps /app/node_modules ./node_module  0.0s
[0m[36m => [builder 3/5] COPY . .                                                 0.7s
[0m[36m => [builder 4/5] RUN npx prisma generate                                  7.1s
[0m => [builder 5/5] RUN npm run build                                       44.7s
[?25h[1A[1A[1A[1A[1A[1A[1A[1A[1A[0G[?25l[+] Building 54.2s (15/28)                                 docker:desktop-linux
[36m => CACHED [deps 2/5] WORKDIR /app                                         0.0s
[0m[36m => CACHED [deps 3/5] COPY package.json package-lock.json* pnpm-lock.yaml  0.0s
[0m[36m => CACHED [deps 4/5] COPY prisma ./prisma                                 0.0s
[0m[36m => CACHED [deps 5/5] RUN   if [ -f package-lock.json ]; then     npm ci   0.0s
[0m[36m => CACHED [builder 2/5] COPY --from=deps /app/node_modules ./node_module  0.0s
[0m[36m => [builder 3/5] COPY . .                                                 0.7s
[0m[36m => [builder 4/5] RUN npx prisma generate                                  7.1s
[0m => [builder 5/5] RUN npm run build                                       44.8s
[?25h[1A[1A[1A[1A[1A[1A[1A[1A[1A[0G[?25l[+] Building 54.3s (15/28)                                 docker:desktop-linux
[36m => CACHED [deps 2/5] WORKDIR /app                                         0.0s
[0m[36m => CACHED [deps 3/5] COPY package.json package-lock.json* pnpm-lock.yaml  0.0s
[0m[36m => CACHED [deps 4/5] COPY prisma ./prisma                                 0.0s
[0m[36m => CACHED [deps 5/5] RUN   if [ -f package-lock.json ]; then     npm ci   0.0s
[0m[36m => CACHED [builder 2/5] COPY --from=deps /app/node_modules ./node_module  0.0s
[0m[36m => [builder 3/5] COPY . .                                                 0.7s
[0m[36m => [builder 4/5] RUN npx prisma generate                                  7.1s
[0m => [builder 5/5] RUN npm run build                                       45.0s
[?25h[1A[1A[1A[1A[1A[1A[1A[1A[1A[0G[?25l[+] Building 54.5s (15/28)                                 docker:desktop-linux
[36m => CACHED [deps 2/5] WORKDIR /app                                         0.0s
[0m[36m => CACHED [deps 3/5] COPY package.json package-lock.json* pnpm-lock.yaml  0.0s
[0m[36m => CACHED [deps 4/5] COPY prisma ./prisma                                 0.0s
[0m[36m => CACHED [deps 5/5] RUN   if [ -f package-lock.json ]; then     npm ci   0.0s
[0m[36m => CACHED [builder 2/5] COPY --from=deps /app/node_modules ./node_module  0.0s
[0m[36m => [builder 3/5] COPY . .                                                 0.7s
[0m[36m => [builder 4/5] RUN npx prisma generate                                  7.1s
[0m => [builder 5/5] RUN npm run build                                       45.1s
[?25h[1A[1A[1A[1A[1A[1A[1A[1A[1A[0G[?25l[+] Building 54.6s (15/28)                                 docker:desktop-linux
[36m => CACHED [deps 2/5] WORKDIR /app                                         0.0s
[0m[36m => CACHED [deps 3/5] COPY package.json package-lock.json* pnpm-lock.yaml  0.0s
[0m[36m => CACHED [deps 4/5] COPY prisma ./prisma                                 0.0s
[0m[36m => CACHED [deps 5/5] RUN   if [ -f package-lock.json ]; then     npm ci   0.0s
[0m[36m => CACHED [builder 2/5] COPY --from=deps /app/node_modules ./node_module  0.0s
[0m[36m => [builder 3/5] COPY . .                                                 0.7s
[0m[36m => [builder 4/5] RUN npx prisma generate                                  7.1s
[0m => [builder 5/5] RUN npm run build                                       45.3s
[?25h[1A[1A[1A[1A[1A[1A[1A[1A[1A[0G[?25l[+] Building 54.8s (15/28)                                 docker:desktop-linux
[36m => CACHED [deps 2/5] WORKDIR /app                                         0.0s
[0m[36m => CACHED [deps 3/5] COPY package.json package-lock.json* pnpm-lock.yaml  0.0s
[0m[36m => CACHED [deps 4/5] COPY prisma ./prisma                                 0.0s
[0m[36m => CACHED [deps 5/5] RUN   if [ -f package-lock.json ]; then     npm ci   0.0s
[0m[36m => CACHED [builder 2/5] COPY --from=deps /app/node_modules ./node_module  0.0s
[0m[36m => [builder 3/5] COPY . .                                                 0.7s
[0m[36m => [builder 4/5] RUN npx prisma generate                                  7.1s
[0m => [builder 5/5] RUN npm run build                                       45.4s
[?25h[1A[1A[1A[1A[1A[1A[1A[1A[1A[0G[?25l[+] Building 54.9s (15/28)                                 docker:desktop-linux
[36m => CACHED [deps 2/5] WORKDIR /app                                         0.0s
[0m[36m => CACHED [deps 3/5] COPY package.json package-lock.json* pnpm-lock.yaml  0.0s
[0m[36m => CACHED [deps 4/5] COPY prisma ./prisma                                 0.0s
[0m[36m => CACHED [deps 5/5] RUN   if [ -f package-lock.json ]; then     npm ci   0.0s
[0m[36m => CACHED [builder 2/5] COPY --from=deps /app/node_modules ./node_module  0.0s
[0m[36m => [builder 3/5] COPY . .                                                 0.7s
[0m[36m => [builder 4/5] RUN npx prisma generate                                  7.1s
[0m => [builder 5/5] RUN npm run build                                       45.6s
[?25h[1A[1A[1A[1A[1A[1A[1A[1A[1A[0G[?25l[+] Building 55.1s (15/28)                                 docker:desktop-linux
[36m => CACHED [deps 2/5] WORKDIR /app                                         0.0s
[0m[36m => CACHED [deps 3/5] COPY package.json package-lock.json* pnpm-lock.yaml  0.0s
[0m[36m => CACHED [deps 4/5] COPY prisma ./prisma                                 0.0s
[0m[36m => CACHED [deps 5/5] RUN   if [ -f package-lock.json ]; then     npm ci   0.0s
[0m[36m => CACHED [builder 2/5] COPY --from=deps /app/node_modules ./node_module  0.0s
[0m[36m => [builder 3/5] COPY . .                                                 0.7s
[0m[36m => [builder 4/5] RUN npx prisma generate                                  7.1s
[0m => [builder 5/5] RUN npm run build                                       45.7s
[?25h[1A[1A[1A[1A[1A[1A[1A[1A[1A[0G[?25l[+] Building 55.2s (15/28)                                 docker:desktop-linux
[36m => CACHED [deps 2/5] WORKDIR /app                                         0.0s
[0m[36m => CACHED [deps 3/5] COPY package.json package-lock.json* pnpm-lock.yaml  0.0s
[0m[36m => CACHED [deps 4/5] COPY prisma ./prisma                                 0.0s
[0m[36m => CACHED [deps 5/5] RUN   if [ -f package-lock.json ]; then     npm ci   0.0s
[0m[36m => CACHED [builder 2/5] COPY --from=deps /app/node_modules ./node_module  0.0s
[0m[36m => [builder 3/5] COPY . .                                                 0.7s
[0m[36m => [builder 4/5] RUN npx prisma generate                                  7.1s
[0m => [builder 5/5] RUN npm run build                                       45.9s
[?25h[1A[1A[1A[1A[1A[1A[1A[1A[1A[0G[?25l[+] Building 55.4s (15/28)                                 docker:desktop-linux
[36m => CACHED [deps 2/5] WORKDIR /app                                         0.0s
[0m[36m => CACHED [deps 3/5] COPY package.json package-lock.json* pnpm-lock.yaml  0.0s
[0m[36m => CACHED [deps 4/5] COPY prisma ./prisma                                 0.0s
[0m[36m => CACHED [deps 5/5] RUN   if [ -f package-lock.json ]; then     npm ci   0.0s
[0m[36m => CACHED [builder 2/5] COPY --from=deps /app/node_modules ./node_module  0.0s
[0m[36m => [builder 3/5] COPY . .                                                 0.7s
[0m[36m => [builder 4/5] RUN npx prisma generate                                  7.1s
[0m => [builder 5/5] RUN npm run build                                       46.0s
[?25h[1A[1A[1A[1A[1A[1A[1A[1A[1A[0G[?25l[+] Building 55.5s (15/28)                                 docker:desktop-linux
[36m => CACHED [deps 2/5] WORKDIR /app                                         0.0s
[0m[36m => CACHED [deps 3/5] COPY package.json package-lock.json* pnpm-lock.yaml  0.0s
[0m[36m => CACHED [deps 4/5] COPY prisma ./prisma                                 0.0s
[0m[36m => CACHED [deps 5/5] RUN   if [ -f package-lock.json ]; then     npm ci   0.0s
[0m[36m => CACHED [builder 2/5] COPY --from=deps /app/node_modules ./node_module  0.0s
[0m[36m => [builder 3/5] COPY . .                                                 0.7s
[0m[36m => [builder 4/5] RUN npx prisma generate                                  7.1s
[0m => [builder 5/5] RUN npm run build                                       46.2s
[?25h[1A[1A[1A[1A[1A[1A[1A[1A[1A[0G[?25l[+] Building 55.7s (15/28)                                 docker:desktop-linux
[36m => CACHED [deps 2/5] WORKDIR /app                                         0.0s
[0m[36m => CACHED [deps 3/5] COPY package.json package-lock.json* pnpm-lock.yaml  0.0s
[0m[36m => CACHED [deps 4/5] COPY prisma ./prisma                                 0.0s
[0m[36m => CACHED [deps 5/5] RUN   if [ -f package-lock.json ]; then     npm ci   0.0s
[0m[36m => CACHED [builder 2/5] COPY --from=deps /app/node_modules ./node_module  0.0s
[0m[36m => [builder 3/5] COPY . .                                                 0.7s
[0m[36m => [builder 4/5] RUN npx prisma generate                                  7.1s
[0m => [builder 5/5] RUN npm run build                                       46.3s
[?25h[1A[1A[1A[1A[1A[1A[1A[1A[1A[0G[?25l[+] Building 55.8s (15/28)                                 docker:desktop-linux
[36m => CACHED [deps 2/5] WORKDIR /app                                         0.0s
[0m[36m => CACHED [deps 3/5] COPY package.json package-lock.json* pnpm-lock.yaml  0.0s
[0m[36m => CACHED [deps 4/5] COPY prisma ./prisma                                 0.0s
[0m[36m => CACHED [deps 5/5] RUN   if [ -f package-lock.json ]; then     npm ci   0.0s
[0m[36m => CACHED [builder 2/5] COPY --from=deps /app/node_modules ./node_module  0.0s
[0m[36m => [builder 3/5] COPY . .                                                 0.7s
[0m[36m => [builder 4/5] RUN npx prisma generate                                  7.1s
[0m => [builder 5/5] RUN npm run build                                       46.5s
[?25h[1A[1A[1A[1A[1A[1A[1A[1A[1A[0G[?25l[+] Building 56.0s (15/28)                                 docker:desktop-linux
[36m => CACHED [deps 2/5] WORKDIR /app                                         0.0s
[0m[36m => CACHED [deps 3/5] COPY package.json package-lock.json* pnpm-lock.yaml  0.0s
[0m[36m => CACHED [deps 4/5] COPY prisma ./prisma                                 0.0s
[0m[36m => CACHED [deps 5/5] RUN   if [ -f package-lock.json ]; then     npm ci   0.0s
[0m[36m => CACHED [builder 2/5] COPY --from=deps /app/node_modules ./node_module  0.0s
[0m[36m => [builder 3/5] COPY . .                                                 0.7s
[0m[36m => [builder 4/5] RUN npx prisma generate                                  7.1s
[0m => [builder 5/5] RUN npm run build                                       46.6s
[?25h[1A[1A[1A[1A[1A[1A[1A[1A[1A[0G[?25l[+] Building 56.1s (15/28)                                 docker:desktop-linux
[36m => CACHED [deps 2/5] WORKDIR /app                                         0.0s
[0m[36m => CACHED [deps 3/5] COPY package.json package-lock.json* pnpm-lock.yaml  0.0s
[0m[36m => CACHED [deps 4/5] COPY prisma ./prisma                                 0.0s
[0m[36m => CACHED [deps 5/5] RUN   if [ -f package-lock.json ]; then     npm ci   0.0s
[0m[36m => CACHED [builder 2/5] COPY --from=deps /app/node_modules ./node_module  0.0s
[0m[36m => [builder 3/5] COPY . .                                                 0.7s
[0m[36m => [builder 4/5] RUN npx prisma generate                                  7.1s
[0m => [builder 5/5] RUN npm run build                                       46.8s
[?25h[1A[1A[1A[1A[1A[1A[1A[1A[1A[0G[?25l[+] Building 56.3s (15/28)                                 docker:desktop-linux
[36m => CACHED [deps 2/5] WORKDIR /app                                         0.0s
[0m[36m => CACHED [deps 3/5] COPY package.json package-lock.json* pnpm-lock.yaml  0.0s
[0m[36m => CACHED [deps 4/5] COPY prisma ./prisma                                 0.0s
[0m[36m => CACHED [deps 5/5] RUN   if [ -f package-lock.json ]; then     npm ci   0.0s
[0m[36m => CACHED [builder 2/5] COPY --from=deps /app/node_modules ./node_module  0.0s
[0m[36m => [builder 3/5] COPY . .                                                 0.7s
[0m[36m => [builder 4/5] RUN npx prisma generate                                  7.1s
[0m => [builder 5/5] RUN npm run build                                       46.9s
[?25h[1A[1A[1A[1A[1A[1A[1A[1A[1A[0G[?25l[+] Building 56.4s (15/28)                                 docker:desktop-linux
[36m => CACHED [deps 2/5] WORKDIR /app                                         0.0s
[0m[36m => CACHED [deps 3/5] COPY package.json package-lock.json* pnpm-lock.yaml  0.0s
[0m[36m => CACHED [deps 4/5] COPY prisma ./prisma                                 0.0s
[0m[36m => CACHED [deps 5/5] RUN   if [ -f package-lock.json ]; then     npm ci   0.0s
[0m[36m => CACHED [builder 2/5] COPY --from=deps /app/node_modules ./node_module  0.0s
[0m[36m => [builder 3/5] COPY . .                                                 0.7s
[0m[36m => [builder 4/5] RUN npx prisma generate                                  7.1s
[0m => [builder 5/5] RUN npm run build                                       47.1s
[?25h[1A[1A[1A[1A[1A[1A[1A[1A[1A[0G[?25l[+] Building 56.6s (15/28)                                 docker:desktop-linux
[36m => CACHED [deps 2/5] WORKDIR /app                                         0.0s
[0m[36m => CACHED [deps 3/5] COPY package.json package-lock.json* pnpm-lock.yaml  0.0s
[0m[36m => CACHED [deps 4/5] COPY prisma ./prisma                                 0.0s
[0m[36m => CACHED [deps 5/5] RUN   if [ -f package-lock.json ]; then     npm ci   0.0s
[0m[36m => CACHED [builder 2/5] COPY --from=deps /app/node_modules ./node_module  0.0s
[0m[36m => [builder 3/5] COPY . .                                                 0.7s
[0m[36m => [builder 4/5] RUN npx prisma generate                                  7.1s
[0m => [builder 5/5] RUN npm run build                                       47.2s
[?25h[1A[1A[1A[1A[1A[1A[1A[1A[1A[0G[?25l[+] Building 56.7s (15/28)                                 docker:desktop-linux
[36m => CACHED [deps 2/5] WORKDIR /app                                         0.0s
[0m[36m => CACHED [deps 3/5] COPY package.json package-lock.json* pnpm-lock.yaml  0.0s
[0m[36m => CACHED [deps 4/5] COPY prisma ./prisma                                 0.0s
[0m[36m => CACHED [deps 5/5] RUN   if [ -f package-lock.json ]; then     npm ci   0.0s
[0m[36m => CACHED [builder 2/5] COPY --from=deps /app/node_modules ./node_module  0.0s
[0m[36m => [builder 3/5] COPY . .                                                 0.7s
[0m[36m => [builder 4/5] RUN npx prisma generate                                  7.1s
[0m => [builder 5/5] RUN npm run build                                       47.4s
[?25h[1A[1A[1A[1A[1A[1A[1A[1A[1A[0G[?25l[+] Building 56.9s (15/28)                                 docker:desktop-linux
[36m => CACHED [deps 2/5] WORKDIR /app                                         0.0s
[0m[36m => CACHED [deps 3/5] COPY package.json package-lock.json* pnpm-lock.yaml  0.0s
[0m[36m => CACHED [deps 4/5] COPY prisma ./prisma                                 0.0s
[0m[36m => CACHED [deps 5/5] RUN   if [ -f package-lock.json ]; then     npm ci   0.0s
[0m[36m => CACHED [builder 2/5] COPY --from=deps /app/node_modules ./node_module  0.0s
[0m[36m => [builder 3/5] COPY . .                                                 0.7s
[0m[36m => [builder 4/5] RUN npx prisma generate                                  7.1s
[0m => [builder 5/5] RUN npm run build                                       47.5s
[?25h[1A[1A[1A[1A[1A[1A[1A[1A[1A[0G[?25l[+] Building 57.0s (15/28)                                 docker:desktop-linux
[36m => CACHED [deps 2/5] WORKDIR /app                                         0.0s
[0m[36m => CACHED [deps 3/5] COPY package.json package-lock.json* pnpm-lock.yaml  0.0s
[0m[36m => CACHED [deps 4/5] COPY prisma ./prisma                                 0.0s
[0m[36m => CACHED [deps 5/5] RUN   if [ -f package-lock.json ]; then     npm ci   0.0s
[0m[36m => CACHED [builder 2/5] COPY --from=deps /app/node_modules ./node_module  0.0s
[0m[36m => [builder 3/5] COPY . .                                                 0.7s
[0m[36m => [builder 4/5] RUN npx prisma generate                                  7.1s
[0m => [builder 5/5] RUN npm run build                                       47.7s
[?25h[1A[1A[1A[1A[1A[1A[1A[1A[1A[0G[?25l[+] Building 57.2s (15/28)                                 docker:desktop-linux
[36m => CACHED [deps 2/5] WORKDIR /app                                         0.0s
[0m[36m => CACHED [deps 3/5] COPY package.json package-lock.json* pnpm-lock.yaml  0.0s
[0m[36m => CACHED [deps 4/5] COPY prisma ./prisma                                 0.0s
[0m[36m => CACHED [deps 5/5] RUN   if [ -f package-lock.json ]; then     npm ci   0.0s
[0m[36m => CACHED [builder 2/5] COPY --from=deps /app/node_modules ./node_module  0.0s
[0m[36m => [builder 3/5] COPY . .                                                 0.7s
[0m[36m => [builder 4/5] RUN npx prisma generate                                  7.1s
[0m => [builder 5/5] RUN npm run build                                       47.8s
[?25h[1A[1A[1A[1A[1A[1A[1A[1A[1A[0G[?25l[+] Building 57.3s (15/28)                                 docker:desktop-linux
[36m => CACHED [deps 2/5] WORKDIR /app                                         0.0s
[0m[36m => CACHED [deps 3/5] COPY package.json package-lock.json* pnpm-lock.yaml  0.0s
[0m[36m => CACHED [deps 4/5] COPY prisma ./prisma                                 0.0s
[0m[36m => CACHED [deps 5/5] RUN   if [ -f package-lock.json ]; then     npm ci   0.0s
[0m[36m => CACHED [builder 2/5] COPY --from=deps /app/node_modules ./node_module  0.0s
[0m[36m => [builder 3/5] COPY . .                                                 0.7s
[0m[36m => [builder 4/5] RUN npx prisma generate                                  7.1s
[0m => [builder 5/5] RUN npm run build                                       48.0s
[?25h[1A[1A[1A[1A[1A[1A[1A[1A[1A[0G[?25l[+] Building 57.5s (15/28)                                 docker:desktop-linux
[36m => CACHED [deps 2/5] WORKDIR /app                                         0.0s
[0m[36m => CACHED [deps 3/5] COPY package.json package-lock.json* pnpm-lock.yaml  0.0s
[0m[36m => CACHED [deps 4/5] COPY prisma ./prisma                                 0.0s
[0m[36m => CACHED [deps 5/5] RUN   if [ -f package-lock.json ]; then     npm ci   0.0s
[0m[36m => CACHED [builder 2/5] COPY --from=deps /app/node_modules ./node_module  0.0s
[0m[36m => [builder 3/5] COPY . .                                                 0.7s
[0m[36m => [builder 4/5] RUN npx prisma generate                                  7.1s
[0m => [builder 5/5] RUN npm run build                                       48.1s
[?25h[1A[1A[1A[1A[1A[1A[1A[1A[1A[0G[?25l[+] Building 57.6s (15/28)                                 docker:desktop-linux
[36m => CACHED [deps 2/5] WORKDIR /app                                         0.0s
[0m[36m => CACHED [deps 3/5] COPY package.json package-lock.json* pnpm-lock.yaml  0.0s
[0m[36m => CACHED [deps 4/5] COPY prisma ./prisma                                 0.0s
[0m[36m => CACHED [deps 5/5] RUN   if [ -f package-lock.json ]; then     npm ci   0.0s
[0m[36m => CACHED [builder 2/5] COPY --from=deps /app/node_modules ./node_module  0.0s
[0m[36m => [builder 3/5] COPY . .                                                 0.7s
[0m[36m => [builder 4/5] RUN npx prisma generate                                  7.1s
[0m => [builder 5/5] RUN npm run build                                       48.3s
[?25h[1A[1A[1A[1A[1A[1A[1A[1A[1A[0G[?25l[+] Building 57.8s (15/28)                                 docker:desktop-linux
[36m => CACHED [deps 2/5] WORKDIR /app                                         0.0s
[0m[36m => CACHED [deps 3/5] COPY package.json package-lock.json* pnpm-lock.yaml  0.0s
[0m[36m => CACHED [deps 4/5] COPY prisma ./prisma                                 0.0s
[0m[36m => CACHED [deps 5/5] RUN   if [ -f package-lock.json ]; then     npm ci   0.0s
[0m[36m => CACHED [builder 2/5] COPY --from=deps /app/node_modules ./node_module  0.0s
[0m[36m => [builder 3/5] COPY . .                                                 0.7s
[0m[36m => [builder 4/5] RUN npx prisma generate                                  7.1s
[0m => [builder 5/5] RUN npm run build                                       48.4s
[?25h[1A[1A[1A[1A[1A[1A[1A[1A[1A[0G[?25l[+] Building 57.9s (15/28)                                 docker:desktop-linux
[36m => CACHED [deps 2/5] WORKDIR /app                                         0.0s
[0m[36m => CACHED [deps 3/5] COPY package.json package-lock.json* pnpm-lock.yaml  0.0s
[0m[36m => CACHED [deps 4/5] COPY prisma ./prisma                                 0.0s
[0m[36m => CACHED [deps 5/5] RUN   if [ -f package-lock.json ]; then     npm ci   0.0s
[0m[36m => CACHED [builder 2/5] COPY --from=deps /app/node_modules ./node_module  0.0s
[0m[36m => [builder 3/5] COPY . .                                                 0.7s
[0m[36m => [builder 4/5] RUN npx prisma generate                                  7.1s
[0m => [builder 5/5] RUN npm run build                                       48.6s
[?25h[1A[1A[1A[1A[1A[1A[1A[1A[1A[0G[?25l[+] Building 58.1s (15/28)                                 docker:desktop-linux
[36m => CACHED [deps 2/5] WORKDIR /app                                         0.0s
[0m[36m => CACHED [deps 3/5] COPY package.json package-lock.json* pnpm-lock.yaml  0.0s
[0m[36m => CACHED [deps 4/5] COPY prisma ./prisma                                 0.0s
[0m[36m => CACHED [deps 5/5] RUN   if [ -f package-lock.json ]; then     npm ci   0.0s
[0m[36m => CACHED [builder 2/5] COPY --from=deps /app/node_modules ./node_module  0.0s
[0m[36m => [builder 3/5] COPY . .                                                 0.7s
[0m[36m => [builder 4/5] RUN npx prisma generate                                  7.1s
[0m => [builder 5/5] RUN npm run build                                       48.7s
[?25h[1A[1A[1A[1A[1A[1A[1A[1A[1A[0G[?25l[+] Building 58.2s (15/28)                                 docker:desktop-linux
[36m => CACHED [deps 2/5] WORKDIR /app                                         0.0s
[0m[36m => CACHED [deps 3/5] COPY package.json package-lock.json* pnpm-lock.yaml  0.0s
[0m[36m => CACHED [deps 4/5] COPY prisma ./prisma                                 0.0s
[0m[36m => CACHED [deps 5/5] RUN   if [ -f package-lock.json ]; then     npm ci   0.0s
[0m[36m => CACHED [builder 2/5] COPY --from=deps /app/node_modules ./node_module  0.0s
[0m[36m => [builder 3/5] COPY . .                                                 0.7s
[0m[36m => [builder 4/5] RUN npx prisma generate                                  7.1s
[0m => [builder 5/5] RUN npm run build                                       48.9s
[?25h[1A[1A[1A[1A[1A[1A[1A[1A[1A[0G[?25l[+] Building 58.4s (15/28)                                 docker:desktop-linux
[36m => CACHED [deps 2/5] WORKDIR /app                                         0.0s
[0m[36m => CACHED [deps 3/5] COPY package.json package-lock.json* pnpm-lock.yaml  0.0s
[0m[36m => CACHED [deps 4/5] COPY prisma ./prisma                                 0.0s
[0m[36m => CACHED [deps 5/5] RUN   if [ -f package-lock.json ]; then     npm ci   0.0s
[0m[36m => CACHED [builder 2/5] COPY --from=deps /app/node_modules ./node_module  0.0s
[0m[36m => [builder 3/5] COPY . .                                                 0.7s
[0m[36m => [builder 4/5] RUN npx prisma generate                                  7.1s
[0m => [builder 5/5] RUN npm run build                                       49.0s
[?25h[1A[1A[1A[1A[1A[1A[1A[1A[1A[0G[?25l[+] Building 58.5s (15/28)                                 docker:desktop-linux
[36m => CACHED [deps 2/5] WORKDIR /app                                         0.0s
[0m[36m => CACHED [deps 3/5] COPY package.json package-lock.json* pnpm-lock.yaml  0.0s
[0m[36m => CACHED [deps 4/5] COPY prisma ./prisma                                 0.0s
[0m[36m => CACHED [deps 5/5] RUN   if [ -f package-lock.json ]; then     npm ci   0.0s
[0m[36m => CACHED [builder 2/5] COPY --from=deps /app/node_modules ./node_module  0.0s
[0m[36m => [builder 3/5] COPY . .                                                 0.7s
[0m[36m => [builder 4/5] RUN npx prisma generate                                  7.1s
[0m => [builder 5/5] RUN npm run build                                       49.2s
[?25h[1A[1A[1A[1A[1A[1A[1A[1A[1A[0G[?25l[+] Building 58.7s (15/28)                                 docker:desktop-linux
[36m => CACHED [deps 2/5] WORKDIR /app                                         0.0s
[0m[36m => CACHED [deps 3/5] COPY package.json package-lock.json* pnpm-lock.yaml  0.0s
[0m[36m => CACHED [deps 4/5] COPY prisma ./prisma                                 0.0s
[0m[36m => CACHED [deps 5/5] RUN   if [ -f package-lock.json ]; then     npm ci   0.0s
[0m[36m => CACHED [builder 2/5] COPY --from=deps /app/node_modules ./node_module  0.0s
[0m[36m => [builder 3/5] COPY . .                                                 0.7s
[0m[36m => [builder 4/5] RUN npx prisma generate                                  7.1s
[0m => [builder 5/5] RUN npm run build                                       49.3s
[?25h[1A[1A[1A[1A[1A[1A[1A[1A[1A[0G[?25l[+] Building 58.8s (15/28)                                 docker:desktop-linux
[36m => CACHED [deps 2/5] WORKDIR /app                                         0.0s
[0m[36m => CACHED [deps 3/5] COPY package.json package-lock.json* pnpm-lock.yaml  0.0s
[0m[36m => CACHED [deps 4/5] COPY prisma ./prisma                                 0.0s
[0m[36m => CACHED [deps 5/5] RUN   if [ -f package-lock.json ]; then     npm ci   0.0s
[0m[36m => CACHED [builder 2/5] COPY --from=deps /app/node_modules ./node_module  0.0s
[0m[36m => [builder 3/5] COPY . .                                                 0.7s
[0m[36m => [builder 4/5] RUN npx prisma generate                                  7.1s
[0m => [builder 5/5] RUN npm run build                                       49.5s
[?25h[1A[1A[1A[1A[1A[1A[1A[1A[1A[0G[?25l[+] Building 59.0s (15/28)                                 docker:desktop-linux
[36m => CACHED [deps 2/5] WORKDIR /app                                         0.0s
[0m[36m => CACHED [deps 3/5] COPY package.json package-lock.json* pnpm-lock.yaml  0.0s
[0m[36m => CACHED [deps 4/5] COPY prisma ./prisma                                 0.0s
[0m[36m => CACHED [deps 5/5] RUN   if [ -f package-lock.json ]; then     npm ci   0.0s
[0m[36m => CACHED [builder 2/5] COPY --from=deps /app/node_modules ./node_module  0.0s
[0m[36m => [builder 3/5] COPY . .                                                 0.7s
[0m[36m => [builder 4/5] RUN npx prisma generate                                  7.1s
[0m => [builder 5/5] RUN npm run build                                       49.6s
[?25h[1A[1A[1A[1A[1A[1A[1A[1A[1A[0G[?25l[+] Building 59.1s (15/28)                                 docker:desktop-linux
[36m => CACHED [deps 2/5] WORKDIR /app                                         0.0s
[0m[36m => CACHED [deps 3/5] COPY package.json package-lock.json* pnpm-lock.yaml  0.0s
[0m[36m => CACHED [deps 4/5] COPY prisma ./prisma                                 0.0s
[0m[36m => CACHED [deps 5/5] RUN   if [ -f package-lock.json ]; then     npm ci   0.0s
[0m[36m => CACHED [builder 2/5] COPY --from=deps /app/node_modules ./node_module  0.0s
[0m[36m => [builder 3/5] COPY . .                                                 0.7s
[0m[36m => [builder 4/5] RUN npx prisma generate                                  7.1s
[0m => [builder 5/5] RUN npm run build                                       49.8s
[?25h[1A[1A[1A[1A[1A[1A[1A[1A[1A[0G[?25l[+] Building 59.3s (15/28)                                 docker:desktop-linux
[36m => CACHED [deps 2/5] WORKDIR /app                                         0.0s
[0m[36m => CACHED [deps 3/5] COPY package.json package-lock.json* pnpm-lock.yaml  0.0s
[0m[36m => CACHED [deps 4/5] COPY prisma ./prisma                                 0.0s
[0m[36m => CACHED [deps 5/5] RUN   if [ -f package-lock.json ]; then     npm ci   0.0s
[0m[36m => CACHED [builder 2/5] COPY --from=deps /app/node_modules ./node_module  0.0s
[0m[36m => [builder 3/5] COPY . .                                                 0.7s
[0m[36m => [builder 4/5] RUN npx prisma generate                                  7.1s
[0m => [builder 5/5] RUN npm run build                                       49.9s
[?25h[1A[1A[1A[1A[1A[1A[1A[1A[1A[0G[?25l[+] Building 59.4s (15/28)                                 docker:desktop-linux
[36m => CACHED [deps 2/5] WORKDIR /app                                         0.0s
[0m[36m => CACHED [deps 3/5] COPY package.json package-lock.json* pnpm-lock.yaml  0.0s
[0m[36m => CACHED [deps 4/5] COPY prisma ./prisma                                 0.0s
[0m[36m => CACHED [deps 5/5] RUN   if [ -f package-lock.json ]; then     npm ci   0.0s
[0m[36m => CACHED [builder 2/5] COPY --from=deps /app/node_modules ./node_module  0.0s
[0m[36m => [builder 3/5] COPY . .                                                 0.7s
[0m[36m => [builder 4/5] RUN npx prisma generate                                  7.1s
[0m => [builder 5/5] RUN npm run build                                       50.1s
[?25h[1A[1A[1A[1A[1A[1A[1A[1A[1A[0G[?25l[+] Building 59.6s (15/28)                                 docker:desktop-linux
[36m => CACHED [deps 2/5] WORKDIR /app                                         0.0s
[0m[36m => CACHED [deps 3/5] COPY package.json package-lock.json* pnpm-lock.yaml  0.0s
[0m[36m => CACHED [deps 4/5] COPY prisma ./prisma                                 0.0s
[0m[36m => CACHED [deps 5/5] RUN   if [ -f package-lock.json ]; then     npm ci   0.0s
[0m[36m => CACHED [builder 2/5] COPY --from=deps /app/node_modules ./node_module  0.0s
[0m[36m => [builder 3/5] COPY . .                                                 0.7s
[0m[36m => [builder 4/5] RUN npx prisma generate                                  7.1s
[0m => [builder 5/5] RUN npm run build                                       50.2s
[?25h[1A[1A[1A[1A[1A[1A[1A[1A[1A[0G[?25l[+] Building 59.7s (15/28)                                 docker:desktop-linux
[36m => CACHED [deps 2/5] WORKDIR /app                                         0.0s
[0m[36m => CACHED [deps 3/5] COPY package.json package-lock.json* pnpm-lock.yaml  0.0s
[0m[36m => CACHED [deps 4/5] COPY prisma ./prisma                                 0.0s
[0m[36m => CACHED [deps 5/5] RUN   if [ -f package-lock.json ]; then     npm ci   0.0s
[0m[36m => CACHED [builder 2/5] COPY --from=deps /app/node_modules ./node_module  0.0s
[0m[36m => [builder 3/5] COPY . .                                                 0.7s
[0m[36m => [builder 4/5] RUN npx prisma generate                                  7.1s
[0m => [builder 5/5] RUN npm run build                                       50.4s
[?25h[1A[1A[1A[1A[1A[1A[1A[1A[1A[0G[?25l[+] Building 59.9s (15/28)                                 docker:desktop-linux
[36m => CACHED [deps 2/5] WORKDIR /app                                         0.0s
[0m[36m => CACHED [deps 3/5] COPY package.json package-lock.json* pnpm-lock.yaml  0.0s
[0m[36m => CACHED [deps 4/5] COPY prisma ./prisma                                 0.0s
[0m[36m => CACHED [deps 5/5] RUN   if [ -f package-lock.json ]; then     npm ci   0.0s
[0m[36m => CACHED [builder 2/5] COPY --from=deps /app/node_modules ./node_module  0.0s
[0m[36m => [builder 3/5] COPY . .                                                 0.7s
[0m[36m => [builder 4/5] RUN npx prisma generate                                  7.1s
[0m => [builder 5/5] RUN npm run build                                       50.5s
[?25h[1A[1A[1A[1A[1A[1A[1A[1A[1A[0G[?25l[+] Building 60.0s (15/28)                                 docker:desktop-linux
[36m => CACHED [deps 2/5] WORKDIR /app                                         0.0s
[0m[36m => CACHED [deps 3/5] COPY package.json package-lock.json* pnpm-lock.yaml  0.0s
[0m[36m => CACHED [deps 4/5] COPY prisma ./prisma                                 0.0s
[0m[36m => CACHED [deps 5/5] RUN   if [ -f package-lock.json ]; then     npm ci   0.0s
[0m[36m => CACHED [builder 2/5] COPY --from=deps /app/node_modules ./node_module  0.0s
[0m[36m => [builder 3/5] COPY . .                                                 0.7s
[0m[36m => [builder 4/5] RUN npx prisma generate                                  7.1s
[0m => [builder 5/5] RUN npm run build                                       50.7s
[?25h[1A[1A[1A[1A[1A[1A[1A[1A[1A[0G[?25l[+] Building 60.2s (15/28)                                 docker:desktop-linux
[36m => CACHED [deps 2/5] WORKDIR /app                                         0.0s
[0m[36m => CACHED [deps 3/5] COPY package.json package-lock.json* pnpm-lock.yaml  0.0s
[0m[36m => CACHED [deps 4/5] COPY prisma ./prisma                                 0.0s
[0m[36m => CACHED [deps 5/5] RUN   if [ -f package-lock.json ]; then     npm ci   0.0s
[0m[36m => CACHED [builder 2/5] COPY --from=deps /app/node_modules ./node_module  0.0s
[0m[36m => [builder 3/5] COPY . .                                                 0.7s
[0m[36m => [builder 4/5] RUN npx prisma generate                                  7.1s
[0m => [builder 5/5] RUN npm run build                                       50.8s
[?25h[1A[1A[1A[1A[1A[1A[1A[1A[1A[0G[?25l[+] Building 60.3s (15/28)                                 docker:desktop-linux
[36m => CACHED [deps 2/5] WORKDIR /app                                         0.0s
[0m[36m => CACHED [deps 3/5] COPY package.json package-lock.json* pnpm-lock.yaml  0.0s
[0m[36m => CACHED [deps 4/5] COPY prisma ./prisma                                 0.0s
[0m[36m => CACHED [deps 5/5] RUN   if [ -f package-lock.json ]; then     npm ci   0.0s
[0m[36m => CACHED [builder 2/5] COPY --from=deps /app/node_modules ./node_module  0.0s
[0m[36m => [builder 3/5] COPY . .                                                 0.7s
[0m[36m => [builder 4/5] RUN npx prisma generate                                  7.1s
[0m => [builder 5/5] RUN npm run build                                       51.0s
[?25h[1A[1A[1A[1A[1A[1A[1A[1A[1A[0G[?25l[+] Building 60.5s (15/28)                                 docker:desktop-linux
[36m => CACHED [deps 2/5] WORKDIR /app                                         0.0s
[0m[36m => CACHED [deps 3/5] COPY package.json package-lock.json* pnpm-lock.yaml  0.0s
[0m[36m => CACHED [deps 4/5] COPY prisma ./prisma                                 0.0s
[0m[36m => CACHED [deps 5/5] RUN   if [ -f package-lock.json ]; then     npm ci   0.0s
[0m[36m => CACHED [builder 2/5] COPY --from=deps /app/node_modules ./node_module  0.0s
[0m[36m => [builder 3/5] COPY . .                                                 0.7s
[0m[36m => [builder 4/5] RUN npx prisma generate                                  7.1s
[0m => [builder 5/5] RUN npm run build                                       51.1s
[?25h[1A[1A[1A[1A[1A[1A[1A[1A[1A[0G[?25l[+] Building 60.6s (15/28)                                 docker:desktop-linux
[36m => CACHED [deps 2/5] WORKDIR /app                                         0.0s
[0m[36m => CACHED [deps 3/5] COPY package.json package-lock.json* pnpm-lock.yaml  0.0s
[0m[36m => CACHED [deps 4/5] COPY prisma ./prisma                                 0.0s
[0m[36m => CACHED [deps 5/5] RUN   if [ -f package-lock.json ]; then     npm ci   0.0s
[0m[36m => CACHED [builder 2/5] COPY --from=deps /app/node_modules ./node_module  0.0s
[0m[36m => [builder 3/5] COPY . .                                                 0.7s
[0m[36m => [builder 4/5] RUN npx prisma generate                                  7.1s
[0m => [builder 5/5] RUN npm run build                                       51.3s
[?25h[1A[1A[1A[1A[1A[1A[1A[1A[1A[0G[?25l[+] Building 60.8s (15/28)                                 docker:desktop-linux
[36m => CACHED [deps 2/5] WORKDIR /app                                         0.0s
[0m[36m => CACHED [deps 3/5] COPY package.json package-lock.json* pnpm-lock.yaml  0.0s
[0m[36m => CACHED [deps 4/5] COPY prisma ./prisma                                 0.0s
[0m[36m => CACHED [deps 5/5] RUN   if [ -f package-lock.json ]; then     npm ci   0.0s
[0m[36m => CACHED [builder 2/5] COPY --from=deps /app/node_modules ./node_module  0.0s
[0m[36m => [builder 3/5] COPY . .                                                 0.7s
[0m[36m => [builder 4/5] RUN npx prisma generate                                  7.1s
[0m => [builder 5/5] RUN npm run build                                       51.4s
[?25h[1A[1A[1A[1A[1A[1A[1A[1A[1A[0G[?25l[+] Building 60.9s (15/28)                                 docker:desktop-linux
[36m => CACHED [deps 2/5] WORKDIR /app                                         0.0s
[0m[36m => CACHED [deps 3/5] COPY package.json package-lock.json* pnpm-lock.yaml  0.0s
[0m[36m => CACHED [deps 4/5] COPY prisma ./prisma                                 0.0s
[0m[36m => CACHED [deps 5/5] RUN   if [ -f package-lock.json ]; then     npm ci   0.0s
[0m[36m => CACHED [builder 2/5] COPY --from=deps /app/node_modules ./node_module  0.0s
[0m[36m => [builder 3/5] COPY . .                                                 0.7s
[0m[36m => [builder 4/5] RUN npx prisma generate                                  7.1s
[0m => [builder 5/5] RUN npm run build                                       51.6s
[?25h[1A[1A[1A[1A[1A[1A[1A[1A[1A[0G[?25l[+] Building 61.1s (15/28)                                 docker:desktop-linux
[36m => CACHED [deps 2/5] WORKDIR /app                                         0.0s
[0m[36m => CACHED [deps 3/5] COPY package.json package-lock.json* pnpm-lock.yaml  0.0s
[0m[36m => CACHED [deps 4/5] COPY prisma ./prisma                                 0.0s
[0m[36m => CACHED [deps 5/5] RUN   if [ -f package-lock.json ]; then     npm ci   0.0s
[0m[36m => CACHED [builder 2/5] COPY --from=deps /app/node_modules ./node_module  0.0s
[0m[36m => [builder 3/5] COPY . .                                                 0.7s
[0m[36m => [builder 4/5] RUN npx prisma generate                                  7.1s
[0m => [builder 5/5] RUN npm run build                                       51.7s
[?25h[1A[1A[1A[1A[1A[1A[1A[1A[1A[0G[?25l[+] Building 61.2s (15/28)                                 docker:desktop-linux
[36m => CACHED [deps 2/5] WORKDIR /app                                         0.0s
[0m[36m => CACHED [deps 3/5] COPY package.json package-lock.json* pnpm-lock.yaml  0.0s
[0m[36m => CACHED [deps 4/5] COPY prisma ./prisma                                 0.0s
[0m[36m => CACHED [deps 5/5] RUN   if [ -f package-lock.json ]; then     npm ci   0.0s
[0m[36m => CACHED [builder 2/5] COPY --from=deps /app/node_modules ./node_module  0.0s
[0m[36m => [builder 3/5] COPY . .                                                 0.7s
[0m[36m => [builder 4/5] RUN npx prisma generate                                  7.1s
[0m => [builder 5/5] RUN npm run build                                       51.9s
[?25h[1A[1A[1A[1A[1A[1A[1A[1A[1A[0G[?25l[+] Building 61.4s (15/28)                                 docker:desktop-linux
[36m => CACHED [deps 2/5] WORKDIR /app                                         0.0s
[0m[36m => CACHED [deps 3/5] COPY package.json package-lock.json* pnpm-lock.yaml  0.0s
[0m[36m => CACHED [deps 4/5] COPY prisma ./prisma                                 0.0s
[0m[36m => CACHED [deps 5/5] RUN   if [ -f package-lock.json ]; then     npm ci   0.0s
[0m[36m => CACHED [builder 2/5] COPY --from=deps /app/node_modules ./node_module  0.0s
[0m[36m => [builder 3/5] COPY . .                                                 0.7s
[0m[36m => [builder 4/5] RUN npx prisma generate                                  7.1s
[0m => [builder 5/5] RUN npm run build                                       52.0s
[?25h[1A[1A[1A[1A[1A[1A[1A[1A[1A[0G[?25l[+] Building 61.5s (15/28)                                 docker:desktop-linux
[36m => CACHED [deps 2/5] WORKDIR /app                                         0.0s
[0m[36m => CACHED [deps 3/5] COPY package.json package-lock.json* pnpm-lock.yaml  0.0s
[0m[36m => CACHED [deps 4/5] COPY prisma ./prisma                                 0.0s
[0m[36m => CACHED [deps 5/5] RUN   if [ -f package-lock.json ]; then     npm ci   0.0s
[0m[36m => CACHED [builder 2/5] COPY --from=deps /app/node_modules ./node_module  0.0s
[0m[36m => [builder 3/5] COPY . .                                                 0.7s
[0m[36m => [builder 4/5] RUN npx prisma generate                                  7.1s
[0m => [builder 5/5] RUN npm run build                                       52.2s
[?25h[1A[1A[1A[1A[1A[1A[1A[1A[1A[0G[?25l[+] Building 61.7s (15/28)                                 docker:desktop-linux
[36m => CACHED [deps 2/5] WORKDIR /app                                         0.0s
[0m[36m => CACHED [deps 3/5] COPY package.json package-lock.json* pnpm-lock.yaml  0.0s
[0m[36m => CACHED [deps 4/5] COPY prisma ./prisma                                 0.0s
[0m[36m => CACHED [deps 5/5] RUN   if [ -f package-lock.json ]; then     npm ci   0.0s
[0m[36m => CACHED [builder 2/5] COPY --from=deps /app/node_modules ./node_module  0.0s
[0m[36m => [builder 3/5] COPY . .                                                 0.7s
[0m[36m => [builder 4/5] RUN npx prisma generate                                  7.1s
[0m => [builder 5/5] RUN npm run build                                       52.3s
[?25h[1A[1A[1A[1A[1A[1A[1A[1A[1A[0G[?25l[+] Building 61.8s (15/28)                                 docker:desktop-linux
[36m => CACHED [deps 2/5] WORKDIR /app                                         0.0s
[0m[36m => CACHED [deps 3/5] COPY package.json package-lock.json* pnpm-lock.yaml  0.0s
[0m[36m => CACHED [deps 4/5] COPY prisma ./prisma                                 0.0s
[0m[36m => CACHED [deps 5/5] RUN   if [ -f package-lock.json ]; then     npm ci   0.0s
[0m[36m => CACHED [builder 2/5] COPY --from=deps /app/node_modules ./node_module  0.0s
[0m[36m => [builder 3/5] COPY . .                                                 0.7s
[0m[36m => [builder 4/5] RUN npx prisma generate                                  7.1s
[0m => [builder 5/5] RUN npm run build                                       52.5s
[?25h[1A[1A[1A[1A[1A[1A[1A[1A[1A[0G[?25l[+] Building 62.0s (15/28)                                 docker:desktop-linux
[36m => CACHED [deps 2/5] WORKDIR /app                                         0.0s
[0m[36m => CACHED [deps 3/5] COPY package.json package-lock.json* pnpm-lock.yaml  0.0s
[0m[36m => CACHED [deps 4/5] COPY prisma ./prisma                                 0.0s
[0m[36m => CACHED [deps 5/5] RUN   if [ -f package-lock.json ]; then     npm ci   0.0s
[0m[36m => CACHED [builder 2/5] COPY --from=deps /app/node_modules ./node_module  0.0s
[0m[36m => [builder 3/5] COPY . .                                                 0.7s
[0m[36m => [builder 4/5] RUN npx prisma generate                                  7.1s
[0m => [builder 5/5] RUN npm run build                                       52.6s
[?25h[1A[1A[1A[1A[1A[1A[1A[1A[1A[0G[?25l[+] Building 62.1s (15/28)                                 docker:desktop-linux
[36m => CACHED [deps 2/5] WORKDIR /app                                         0.0s
[0m[36m => CACHED [deps 3/5] COPY package.json package-lock.json* pnpm-lock.yaml  0.0s
[0m[36m => CACHED [deps 4/5] COPY prisma ./prisma                                 0.0s
[0m[36m => CACHED [deps 5/5] RUN   if [ -f package-lock.json ]; then     npm ci   0.0s
[0m[36m => CACHED [builder 2/5] COPY --from=deps /app/node_modules ./node_module  0.0s
[0m[36m => [builder 3/5] COPY . .                                                 0.7s
[0m[36m => [builder 4/5] RUN npx prisma generate                                  7.1s
[0m => [builder 5/5] RUN npm run build                                       52.8s
[?25h[1A[1A[1A[1A[1A[1A[1A[1A[1A[0G[?25l[+] Building 62.3s (15/28)                                 docker:desktop-linux
[36m => CACHED [deps 2/5] WORKDIR /app                                         0.0s
[0m[36m => CACHED [deps 3/5] COPY package.json package-lock.json* pnpm-lock.yaml  0.0s
[0m[36m => CACHED [deps 4/5] COPY prisma ./prisma                                 0.0s
[0m[36m => CACHED [deps 5/5] RUN   if [ -f package-lock.json ]; then     npm ci   0.0s
[0m[36m => CACHED [builder 2/5] COPY --from=deps /app/node_modules ./node_module  0.0s
[0m[36m => [builder 3/5] COPY . .                                                 0.7s
[0m[36m => [builder 4/5] RUN npx prisma generate                                  7.1s
[0m => [builder 5/5] RUN npm run build                                       52.9s
[?25h[1A[1A[1A[1A[1A[1A[1A[1A[1A[0G[?25l[+] Building 62.4s (15/28)                                 docker:desktop-linux
[36m => CACHED [deps 2/5] WORKDIR /app                                         0.0s
[0m[36m => CACHED [deps 3/5] COPY package.json package-lock.json* pnpm-lock.yaml  0.0s
[0m[36m => CACHED [deps 4/5] COPY prisma ./prisma                                 0.0s
[0m[36m => CACHED [deps 5/5] RUN   if [ -f package-lock.json ]; then     npm ci   0.0s
[0m[36m => CACHED [builder 2/5] COPY --from=deps /app/node_modules ./node_module  0.0s
[0m[36m => [builder 3/5] COPY . .                                                 0.7s
[0m[36m => [builder 4/5] RUN npx prisma generate                                  7.1s
[0m => [builder 5/5] RUN npm run build                                       53.1s
[?25h[1A[1A[1A[1A[1A[1A[1A[1A[1A[0G[?25l[+] Building 62.6s (15/28)                                 docker:desktop-linux
[36m => CACHED [deps 2/5] WORKDIR /app                                         0.0s
[0m[36m => CACHED [deps 3/5] COPY package.json package-lock.json* pnpm-lock.yaml  0.0s
[0m[36m => CACHED [deps 4/5] COPY prisma ./prisma                                 0.0s
[0m[36m => CACHED [deps 5/5] RUN   if [ -f package-lock.json ]; then     npm ci   0.0s
[0m[36m => CACHED [builder 2/5] COPY --from=deps /app/node_modules ./node_module  0.0s
[0m[36m => [builder 3/5] COPY . .                                                 0.7s
[0m[36m => [builder 4/5] RUN npx prisma generate                                  7.1s
[0m => [builder 5/5] RUN npm run build                                       53.2s
[?25h[1A[1A[1A[1A[1A[1A[1A[1A[1A[0G[?25l[+] Building 62.7s (15/28)                                 docker:desktop-linux
[36m => CACHED [deps 2/5] WORKDIR /app                                         0.0s
[0m[36m => CACHED [deps 3/5] COPY package.json package-lock.json* pnpm-lock.yaml  0.0s
[0m[36m => CACHED [deps 4/5] COPY prisma ./prisma                                 0.0s
[0m[36m => CACHED [deps 5/5] RUN   if [ -f package-lock.json ]; then     npm ci   0.0s
[0m[36m => CACHED [builder 2/5] COPY --from=deps /app/node_modules ./node_module  0.0s
[0m[36m => [builder 3/5] COPY . .                                                 0.7s
[0m[36m => [builder 4/5] RUN npx prisma generate                                  7.1s
[0m => [builder 5/5] RUN npm run build                                       53.4s
[?25h[1A[1A[1A[1A[1A[1A[1A[1A[1A[0G[?25l[+] Building 62.9s (15/28)                                 docker:desktop-linux
[36m => CACHED [deps 2/5] WORKDIR /app                                         0.0s
[0m[36m => CACHED [deps 3/5] COPY package.json package-lock.json* pnpm-lock.yaml  0.0s
[0m[36m => CACHED [deps 4/5] COPY prisma ./prisma                                 0.0s
[0m[36m => CACHED [deps 5/5] RUN   if [ -f package-lock.json ]; then     npm ci   0.0s
[0m[36m => CACHED [builder 2/5] COPY --from=deps /app/node_modules ./node_module  0.0s
[0m[36m => [builder 3/5] COPY . .                                                 0.7s
[0m[36m => [builder 4/5] RUN npx prisma generate                                  7.1s
[0m => [builder 5/5] RUN npm run build                                       53.5s
[?25h[1A[1A[1A[1A[1A[1A[1A[1A[1A[0G[?25l[+] Building 63.0s (15/28)                                 docker:desktop-linux
[36m => CACHED [deps 2/5] WORKDIR /app                                         0.0s
[0m[36m => CACHED [deps 3/5] COPY package.json package-lock.json* pnpm-lock.yaml  0.0s
[0m[36m => CACHED [deps 4/5] COPY prisma ./prisma                                 0.0s
[0m[36m => CACHED [deps 5/5] RUN   if [ -f package-lock.json ]; then     npm ci   0.0s
[0m[36m => CACHED [builder 2/5] COPY --from=deps /app/node_modules ./node_module  0.0s
[0m[36m => [builder 3/5] COPY . .                                                 0.7s
[0m[36m => [builder 4/5] RUN npx prisma generate                                  7.1s
[0m => [builder 5/5] RUN npm run build                                       53.7s
[?25h[1A[1A[1A[1A[1A[1A[1A[1A[1A[0G[?25l[+] Building 63.2s (15/28)                                 docker:desktop-linux
[36m => CACHED [deps 2/5] WORKDIR /app                                         0.0s
[0m[36m => CACHED [deps 3/5] COPY package.json package-lock.json* pnpm-lock.yaml  0.0s
[0m[36m => CACHED [deps 4/5] COPY prisma ./prisma                                 0.0s
[0m[36m => CACHED [deps 5/5] RUN   if [ -f package-lock.json ]; then     npm ci   0.0s
[0m[36m => CACHED [builder 2/5] COPY --from=deps /app/node_modules ./node_module  0.0s
[0m[36m => [builder 3/5] COPY . .                                                 0.7s
[0m[36m => [builder 4/5] RUN npx prisma generate                                  7.1s
[0m => [builder 5/5] RUN npm run build                                       53.8s
[?25h[1A[1A[1A[1A[1A[1A[1A[1A[1A[0G[?25l[+] Building 63.3s (15/28)                                 docker:desktop-linux
[36m => CACHED [deps 2/5] WORKDIR /app                                         0.0s
[0m[36m => CACHED [deps 3/5] COPY package.json package-lock.json* pnpm-lock.yaml  0.0s
[0m[36m => CACHED [deps 4/5] COPY prisma ./prisma                                 0.0s
[0m[36m => CACHED [deps 5/5] RUN   if [ -f package-lock.json ]; then     npm ci   0.0s
[0m[36m => CACHED [builder 2/5] COPY --from=deps /app/node_modules ./node_module  0.0s
[0m[36m => [builder 3/5] COPY . .                                                 0.7s
[0m[36m => [builder 4/5] RUN npx prisma generate                                  7.1s
[0m => [builder 5/5] RUN npm run build                                       54.0s
[?25h[1A[1A[1A[1A[1A[1A[1A[1A[1A[0G[?25l[+] Building 63.5s (15/28)                                 docker:desktop-linux
[36m => CACHED [deps 2/5] WORKDIR /app                                         0.0s
[0m[36m => CACHED [deps 3/5] COPY package.json package-lock.json* pnpm-lock.yaml  0.0s
[0m[36m => CACHED [deps 4/5] COPY prisma ./prisma                                 0.0s
[0m[36m => CACHED [deps 5/5] RUN   if [ -f package-lock.json ]; then     npm ci   0.0s
[0m[36m => CACHED [builder 2/5] COPY --from=deps /app/node_modules ./node_module  0.0s
[0m[36m => [builder 3/5] COPY . .                                                 0.7s
[0m[36m => [builder 4/5] RUN npx prisma generate                                  7.1s
[0m => [builder 5/5] RUN npm run build                                       54.1s
[?25h[1A[1A[1A[1A[1A[1A[1A[1A[1A[0G[?25l[+] Building 63.6s (15/28)                                 docker:desktop-linux
[36m => CACHED [deps 2/5] WORKDIR /app                                         0.0s
[0m[36m => CACHED [deps 3/5] COPY package.json package-lock.json* pnpm-lock.yaml  0.0s
[0m[36m => CACHED [deps 4/5] COPY prisma ./prisma                                 0.0s
[0m[36m => CACHED [deps 5/5] RUN   if [ -f package-lock.json ]; then     npm ci   0.0s
[0m[36m => CACHED [builder 2/5] COPY --from=deps /app/node_modules ./node_module  0.0s
[0m[36m => [builder 3/5] COPY . .                                                 0.7s
[0m[36m => [builder 4/5] RUN npx prisma generate                                  7.1s
[0m => [builder 5/5] RUN npm run build                                       54.3s
[?25h[1A[1A[1A[1A[1A[1A[1A[1A[1A[0G[?25l[+] Building 63.8s (15/28)                                 docker:desktop-linux
[36m => CACHED [deps 2/5] WORKDIR /app                                         0.0s
[0m[36m => CACHED [deps 3/5] COPY package.json package-lock.json* pnpm-lock.yaml  0.0s
[0m[36m => CACHED [deps 4/5] COPY prisma ./prisma                                 0.0s
[0m[36m => CACHED [deps 5/5] RUN   if [ -f package-lock.json ]; then     npm ci   0.0s
[0m[36m => CACHED [builder 2/5] COPY --from=deps /app/node_modules ./node_module  0.0s
[0m[36m => [builder 3/5] COPY . .                                                 0.7s
[0m[36m => [builder 4/5] RUN npx prisma generate                                  7.1s
[0m => [builder 5/5] RUN npm run build                                       54.4s
[?25h[1A[1A[1A[1A[1A[1A[1A[1A[1A[0G[?25l[+] Building 63.9s (15/28)                                 docker:desktop-linux
[36m => CACHED [deps 2/5] WORKDIR /app                                         0.0s
[0m[36m => CACHED [deps 3/5] COPY package.json package-lock.json* pnpm-lock.yaml  0.0s
[0m[36m => CACHED [deps 4/5] COPY prisma ./prisma                                 0.0s
[0m[36m => CACHED [deps 5/5] RUN   if [ -f package-lock.json ]; then     npm ci   0.0s
[0m[36m => CACHED [builder 2/5] COPY --from=deps /app/node_modules ./node_module  0.0s
[0m[36m => [builder 3/5] COPY . .                                                 0.7s
[0m[36m => [builder 4/5] RUN npx prisma generate                                  7.1s
[0m => [builder 5/5] RUN npm run build                                       54.6s
[?25h[1A[1A[1A[1A[1A[1A[1A[1A[1A[0G[?25l[+] Building 64.1s (15/28)                                 docker:desktop-linux
[36m => CACHED [deps 2/5] WORKDIR /app                                         0.0s
[0m[36m => CACHED [deps 3/5] COPY package.json package-lock.json* pnpm-lock.yaml  0.0s
[0m[36m => CACHED [deps 4/5] COPY prisma ./prisma                                 0.0s
[0m[36m => CACHED [deps 5/5] RUN   if [ -f package-lock.json ]; then     npm ci   0.0s
[0m[36m => CACHED [builder 2/5] COPY --from=deps /app/node_modules ./node_module  0.0s
[0m[36m => [builder 3/5] COPY . .                                                 0.7s
[0m[36m => [builder 4/5] RUN npx prisma generate                                  7.1s
[0m => [builder 5/5] RUN npm run build                                       54.7s
[?25h[1A[1A[1A[1A[1A[1A[1A[1A[1A[0G[?25l[+] Building 64.2s (15/28)                                 docker:desktop-linux
[36m => CACHED [deps 2/5] WORKDIR /app                                         0.0s
[0m[36m => CACHED [deps 3/5] COPY package.json package-lock.json* pnpm-lock.yaml  0.0s
[0m[36m => CACHED [deps 4/5] COPY prisma ./prisma                                 0.0s
[0m[36m => CACHED [deps 5/5] RUN   if [ -f package-lock.json ]; then     npm ci   0.0s
[0m[36m => CACHED [builder 2/5] COPY --from=deps /app/node_modules ./node_module  0.0s
[0m[36m => [builder 3/5] COPY . .                                                 0.7s
[0m[36m => [builder 4/5] RUN npx prisma generate                                  7.1s
[0m => [builder 5/5] RUN npm run build                                       54.9s
[?25h[1A[1A[1A[1A[1A[1A[1A[1A[1A[0G[?25l[+] Building 64.4s (15/28)                                 docker:desktop-linux
[36m => CACHED [deps 2/5] WORKDIR /app                                         0.0s
[0m[36m => CACHED [deps 3/5] COPY package.json package-lock.json* pnpm-lock.yaml  0.0s
[0m[36m => CACHED [deps 4/5] COPY prisma ./prisma                                 0.0s
[0m[36m => CACHED [deps 5/5] RUN   if [ -f package-lock.json ]; then     npm ci   0.0s
[0m[36m => CACHED [builder 2/5] COPY --from=deps /app/node_modules ./node_module  0.0s
[0m[36m => [builder 3/5] COPY . .                                                 0.7s
[0m[36m => [builder 4/5] RUN npx prisma generate                                  7.1s
[0m => [builder 5/5] RUN npm run build                                       55.0s
[?25h[1A[1A[1A[1A[1A[1A[1A[1A[1A[0G[?25l[+] Building 64.5s (15/28)                                 docker:desktop-linux
[36m => CACHED [deps 2/5] WORKDIR /app                                         0.0s
[0m[36m => CACHED [deps 3/5] COPY package.json package-lock.json* pnpm-lock.yaml  0.0s
[0m[36m => CACHED [deps 4/5] COPY prisma ./prisma                                 0.0s
[0m[36m => CACHED [deps 5/5] RUN   if [ -f package-lock.json ]; then     npm ci   0.0s
[0m[36m => CACHED [builder 2/5] COPY --from=deps /app/node_modules ./node_module  0.0s
[0m[36m => [builder 3/5] COPY . .                                                 0.7s
[0m[36m => [builder 4/5] RUN npx prisma generate                                  7.1s
[0m => [builder 5/5] RUN npm run build                                       55.2s
[?25h[1A[1A[1A[1A[1A[1A[1A[1A[1A[0G[?25l[+] Building 64.7s (15/28)                                 docker:desktop-linux
[36m => CACHED [deps 2/5] WORKDIR /app                                         0.0s
[0m[36m => CACHED [deps 3/5] COPY package.json package-lock.json* pnpm-lock.yaml  0.0s
[0m[36m => CACHED [deps 4/5] COPY prisma ./prisma                                 0.0s
[0m[36m => CACHED [deps 5/5] RUN   if [ -f package-lock.json ]; then     npm ci   0.0s
[0m[36m => CACHED [builder 2/5] COPY --from=deps /app/node_modules ./node_module  0.0s
[0m[36m => [builder 3/5] COPY . .                                                 0.7s
[0m[36m => [builder 4/5] RUN npx prisma generate                                  7.1s
[0m => [builder 5/5] RUN npm run build                                       55.3s
[?25h[1A[1A[1A[1A[1A[1A[1A[1A[1A[0G[?25l[+] Building 64.8s (15/28)                                 docker:desktop-linux
[36m => CACHED [deps 2/5] WORKDIR /app                                         0.0s
[0m[36m => CACHED [deps 3/5] COPY package.json package-lock.json* pnpm-lock.yaml  0.0s
[0m[36m => CACHED [deps 4/5] COPY prisma ./prisma                                 0.0s
[0m[36m => CACHED [deps 5/5] RUN   if [ -f package-lock.json ]; then     npm ci   0.0s
[0m[36m => CACHED [builder 2/5] COPY --from=deps /app/node_modules ./node_module  0.0s
[0m[36m => [builder 3/5] COPY . .                                                 0.7s
[0m[36m => [builder 4/5] RUN npx prisma generate                                  7.1s
[0m => [builder 5/5] RUN npm run build                                       55.5s
[?25h[1A[1A[1A[1A[1A[1A[1A[1A[1A[0G[?25l[+] Building 65.0s (15/28)                                 docker:desktop-linux
[36m => CACHED [deps 2/5] WORKDIR /app                                         0.0s
[0m[36m => CACHED [deps 3/5] COPY package.json package-lock.json* pnpm-lock.yaml  0.0s
[0m[36m => CACHED [deps 4/5] COPY prisma ./prisma                                 0.0s
[0m[36m => CACHED [deps 5/5] RUN   if [ -f package-lock.json ]; then     npm ci   0.0s
[0m[36m => CACHED [builder 2/5] COPY --from=deps /app/node_modules ./node_module  0.0s
[0m[36m => [builder 3/5] COPY . .                                                 0.7s
[0m[36m => [builder 4/5] RUN npx prisma generate                                  7.1s
[0m => [builder 5/5] RUN npm run build                                       55.6s
[?25h[1A[1A[1A[1A[1A[1A[1A[1A[1A[0G[?25l[+] Building 65.1s (15/28)                                 docker:desktop-linux
[36m => CACHED [deps 2/5] WORKDIR /app                                         0.0s
[0m[36m => CACHED [deps 3/5] COPY package.json package-lock.json* pnpm-lock.yaml  0.0s
[0m[36m => CACHED [deps 4/5] COPY prisma ./prisma                                 0.0s
[0m[36m => CACHED [deps 5/5] RUN   if [ -f package-lock.json ]; then     npm ci   0.0s
[0m[36m => CACHED [builder 2/5] COPY --from=deps /app/node_modules ./node_module  0.0s
[0m[36m => [builder 3/5] COPY . .                                                 0.7s
[0m[36m => [builder 4/5] RUN npx prisma generate                                  7.1s
[0m => [builder 5/5] RUN npm run build                                       55.8s
[?25h[1A[1A[1A[1A[1A[1A[1A[1A[1A[0G[?25l[+] Building 65.3s (15/28)                                 docker:desktop-linux
[36m => CACHED [deps 2/5] WORKDIR /app                                         0.0s
[0m[36m => CACHED [deps 3/5] COPY package.json package-lock.json* pnpm-lock.yaml  0.0s
[0m[36m => CACHED [deps 4/5] COPY prisma ./prisma                                 0.0s
[0m[36m => CACHED [deps 5/5] RUN   if [ -f package-lock.json ]; then     npm ci   0.0s
[0m[36m => CACHED [builder 2/5] COPY --from=deps /app/node_modules ./node_module  0.0s
[0m[36m => [builder 3/5] COPY . .                                                 0.7s
[0m[36m => [builder 4/5] RUN npx prisma generate                                  7.1s
[0m => [builder 5/5] RUN npm run build                                       55.9s
[?25h[1A[1A[1A[1A[1A[1A[1A[1A[1A[0G[?25l[+] Building 65.4s (15/28)                                 docker:desktop-linux
[36m => CACHED [deps 2/5] WORKDIR /app                                         0.0s
[0m[36m => CACHED [deps 3/5] COPY package.json package-lock.json* pnpm-lock.yaml  0.0s
[0m[36m => CACHED [deps 4/5] COPY prisma ./prisma                                 0.0s
[0m[36m => CACHED [deps 5/5] RUN   if [ -f package-lock.json ]; then     npm ci   0.0s
[0m[36m => CACHED [builder 2/5] COPY --from=deps /app/node_modules ./node_module  0.0s
[0m[36m => [builder 3/5] COPY . .                                                 0.7s
[0m[36m => [builder 4/5] RUN npx prisma generate                                  7.1s
[0m => [builder 5/5] RUN npm run build                                       56.1s
[?25h[1A[1A[1A[1A[1A[1A[1A[1A[1A[0G[?25l[+] Building 65.6s (15/28)                                 docker:desktop-linux
[36m => CACHED [deps 2/5] WORKDIR /app                                         0.0s
[0m[36m => CACHED [deps 3/5] COPY package.json package-lock.json* pnpm-lock.yaml  0.0s
[0m[36m => CACHED [deps 4/5] COPY prisma ./prisma                                 0.0s
[0m[36m => CACHED [deps 5/5] RUN   if [ -f package-lock.json ]; then     npm ci   0.0s
[0m[36m => CACHED [builder 2/5] COPY --from=deps /app/node_modules ./node_module  0.0s
[0m[36m => [builder 3/5] COPY . .                                                 0.7s
[0m[36m => [builder 4/5] RUN npx prisma generate                                  7.1s
[0m => [builder 5/5] RUN npm run build                                       56.2s
[?25h[1A[1A[1A[1A[1A[1A[1A[1A[1A[0G[?25l[+] Building 65.7s (15/28)                                 docker:desktop-linux
[36m => CACHED [deps 2/5] WORKDIR /app                                         0.0s
[0m[36m => CACHED [deps 3/5] COPY package.json package-lock.json* pnpm-lock.yaml  0.0s
[0m[36m => CACHED [deps 4/5] COPY prisma ./prisma                                 0.0s
[0m[36m => CACHED [deps 5/5] RUN   if [ -f package-lock.json ]; then     npm ci   0.0s
[0m[36m => CACHED [builder 2/5] COPY --from=deps /app/node_modules ./node_module  0.0s
[0m[36m => [builder 3/5] COPY . .                                                 0.7s
[0m[36m => [builder 4/5] RUN npx prisma generate                                  7.1s
[0m => [builder 5/5] RUN npm run build                                       56.4s
[?25h[1A[1A[1A[1A[1A[1A[1A[1A[1A[0G[?25l[+] Building 65.9s (15/28)                                 docker:desktop-linux
[36m => CACHED [deps 2/5] WORKDIR /app                                         0.0s
[0m[36m => CACHED [deps 3/5] COPY package.json package-lock.json* pnpm-lock.yaml  0.0s
[0m[36m => CACHED [deps 4/5] COPY prisma ./prisma                                 0.0s
[0m[36m => CACHED [deps 5/5] RUN   if [ -f package-lock.json ]; then     npm ci   0.0s
[0m[36m => CACHED [builder 2/5] COPY --from=deps /app/node_modules ./node_module  0.0s
[0m[36m => [builder 3/5] COPY . .                                                 0.7s
[0m[36m => [builder 4/5] RUN npx prisma generate                                  7.1s
[0m => [builder 5/5] RUN npm run build                                       56.5s
[?25h[1A[1A[1A[1A[1A[1A[1A[1A[1A[0G[?25l[+] Building 66.0s (15/28)                                 docker:desktop-linux
[36m => CACHED [deps 2/5] WORKDIR /app                                         0.0s
[0m[36m => CACHED [deps 3/5] COPY package.json package-lock.json* pnpm-lock.yaml  0.0s
[0m[36m => CACHED [deps 4/5] COPY prisma ./prisma                                 0.0s
[0m[36m => CACHED [deps 5/5] RUN   if [ -f package-lock.json ]; then     npm ci   0.0s
[0m[36m => CACHED [builder 2/5] COPY --from=deps /app/node_modules ./node_module  0.0s
[0m[36m => [builder 3/5] COPY . .                                                 0.7s
[0m[36m => [builder 4/5] RUN npx prisma generate                                  7.1s
[0m => [builder 5/5] RUN npm run build                                       56.7s
[?25h[1A[1A[1A[1A[1A[1A[1A[1A[1A[0G[?25l[+] Building 66.2s (15/28)                                 docker:desktop-linux
[36m => CACHED [deps 2/5] WORKDIR /app                                         0.0s
[0m[36m => CACHED [deps 3/5] COPY package.json package-lock.json* pnpm-lock.yaml  0.0s
[0m[36m => CACHED [deps 4/5] COPY prisma ./prisma                                 0.0s
[0m[36m => CACHED [deps 5/5] RUN   if [ -f package-lock.json ]; then     npm ci   0.0s
[0m[36m => CACHED [builder 2/5] COPY --from=deps /app/node_modules ./node_module  0.0s
[0m[36m => [builder 3/5] COPY . .                                                 0.7s
[0m[36m => [builder 4/5] RUN npx prisma generate                                  7.1s
[0m => [builder 5/5] RUN npm run build                                       56.8s
[?25h[1A[1A[1A[1A[1A[1A[1A[1A[1A[0G[?25l[+] Building 66.3s (15/28)                                 docker:desktop-linux
[36m => CACHED [deps 2/5] WORKDIR /app                                         0.0s
[0m[36m => CACHED [deps 3/5] COPY package.json package-lock.json* pnpm-lock.yaml  0.0s
[0m[36m => CACHED [deps 4/5] COPY prisma ./prisma                                 0.0s
[0m[36m => CACHED [deps 5/5] RUN   if [ -f package-lock.json ]; then     npm ci   0.0s
[0m[36m => CACHED [builder 2/5] COPY --from=deps /app/node_modules ./node_module  0.0s
[0m[36m => [builder 3/5] COPY . .                                                 0.7s
[0m[36m => [builder 4/5] RUN npx prisma generate                                  7.1s
[0m => [builder 5/5] RUN npm run build                                       57.0s
[?25h[1A[1A[1A[1A[1A[1A[1A[1A[1A[0G[?25l[+] Building 66.5s (15/28)                                 docker:desktop-linux
[36m => CACHED [deps 2/5] WORKDIR /app                                         0.0s
[0m[36m => CACHED [deps 3/5] COPY package.json package-lock.json* pnpm-lock.yaml  0.0s
[0m[36m => CACHED [deps 4/5] COPY prisma ./prisma                                 0.0s
[0m[36m => CACHED [deps 5/5] RUN   if [ -f package-lock.json ]; then     npm ci   0.0s
[0m[36m => CACHED [builder 2/5] COPY --from=deps /app/node_modules ./node_module  0.0s
[0m[36m => [builder 3/5] COPY . .                                                 0.7s
[0m[36m => [builder 4/5] RUN npx prisma generate                                  7.1s
[0m => [builder 5/5] RUN npm run build                                       57.1s
[?25h[1A[1A[1A[1A[1A[1A[1A[1A[1A[0G[?25l[+] Building 66.6s (15/28)                                 docker:desktop-linux
[36m => CACHED [deps 2/5] WORKDIR /app                                         0.0s
[0m[36m => CACHED [deps 3/5] COPY package.json package-lock.json* pnpm-lock.yaml  0.0s
[0m[36m => CACHED [deps 4/5] COPY prisma ./prisma                                 0.0s
[0m[36m => CACHED [deps 5/5] RUN   if [ -f package-lock.json ]; then     npm ci   0.0s
[0m[36m => CACHED [builder 2/5] COPY --from=deps /app/node_modules ./node_module  0.0s
[0m[36m => [builder 3/5] COPY . .                                                 0.7s
[0m[36m => [builder 4/5] RUN npx prisma generate                                  7.1s
[0m => [builder 5/5] RUN npm run build                                       57.3s
[?25h[1A[1A[1A[1A[1A[1A[1A[1A[1A[0G[?25l[+] Building 66.8s (15/28)                                 docker:desktop-linux
[36m => CACHED [deps 2/5] WORKDIR /app                                         0.0s
[0m[36m => CACHED [deps 3/5] COPY package.json package-lock.json* pnpm-lock.yaml  0.0s
[0m[36m => CACHED [deps 4/5] COPY prisma ./prisma                                 0.0s
[0m[36m => CACHED [deps 5/5] RUN   if [ -f package-lock.json ]; then     npm ci   0.0s
[0m[36m => CACHED [builder 2/5] COPY --from=deps /app/node_modules ./node_module  0.0s
[0m[36m => [builder 3/5] COPY . .                                                 0.7s
[0m[36m => [builder 4/5] RUN npx prisma generate                                  7.1s
[0m => [builder 5/5] RUN npm run build                                       57.4s
[?25h[1A[1A[1A[1A[1A[1A[1A[1A[1A[0G[?25l[+] Building 66.9s (15/28)                                 docker:desktop-linux
[36m => CACHED [deps 2/5] WORKDIR /app                                         0.0s
[0m[36m => CACHED [deps 3/5] COPY package.json package-lock.json* pnpm-lock.yaml  0.0s
[0m[36m => CACHED [deps 4/5] COPY prisma ./prisma                                 0.0s
[0m[36m => CACHED [deps 5/5] RUN   if [ -f package-lock.json ]; then     npm ci   0.0s
[0m[36m => CACHED [builder 2/5] COPY --from=deps /app/node_modules ./node_module  0.0s
[0m[36m => [builder 3/5] COPY . .                                                 0.7s
[0m[36m => [builder 4/5] RUN npx prisma generate                                  7.1s
[0m => [builder 5/5] RUN npm run build                                       57.6s
[?25h[1A[1A[1A[1A[1A[1A[1A[1A[1A[0G[?25l[+] Building 67.1s (15/28)                                 docker:desktop-linux
[36m => CACHED [deps 2/5] WORKDIR /app                                         0.0s
[0m[36m => CACHED [deps 3/5] COPY package.json package-lock.json* pnpm-lock.yaml  0.0s
[0m[36m => CACHED [deps 4/5] COPY prisma ./prisma                                 0.0s
[0m[36m => CACHED [deps 5/5] RUN   if [ -f package-lock.json ]; then     npm ci   0.0s
[0m[36m => CACHED [builder 2/5] COPY --from=deps /app/node_modules ./node_module  0.0s
[0m[36m => [builder 3/5] COPY . .                                                 0.7s
[0m[36m => [builder 4/5] RUN npx prisma generate                                  7.1s
[0m => [builder 5/5] RUN npm run build                                       57.7s
[?25h[1A[1A[1A[1A[1A[1A[1A[1A[1A[0G[?25l[+] Building 67.2s (15/28)                                 docker:desktop-linux
[36m => CACHED [deps 2/5] WORKDIR /app                                         0.0s
[0m[36m => CACHED [deps 3/5] COPY package.json package-lock.json* pnpm-lock.yaml  0.0s
[0m[36m => CACHED [deps 4/5] COPY prisma ./prisma                                 0.0s
[0m[36m => CACHED [deps 5/5] RUN   if [ -f package-lock.json ]; then     npm ci   0.0s
[0m[36m => CACHED [builder 2/5] COPY --from=deps /app/node_modules ./node_module  0.0s
[0m[36m => [builder 3/5] COPY . .                                                 0.7s
[0m[36m => [builder 4/5] RUN npx prisma generate                                  7.1s
[0m => [builder 5/5] RUN npm run build                                       57.9s
[?25h[1A[1A[1A[1A[1A[1A[1A[1A[1A[0G[?25l[+] Building 67.4s (15/28)                                 docker:desktop-linux
[36m => CACHED [deps 2/5] WORKDIR /app                                         0.0s
[0m[36m => CACHED [deps 3/5] COPY package.json package-lock.json* pnpm-lock.yaml  0.0s
[0m[36m => CACHED [deps 4/5] COPY prisma ./prisma                                 0.0s
[0m[36m => CACHED [deps 5/5] RUN   if [ -f package-lock.json ]; then     npm ci   0.0s
[0m[36m => CACHED [builder 2/5] COPY --from=deps /app/node_modules ./node_module  0.0s
[0m[36m => [builder 3/5] COPY . .                                                 0.7s
[0m[36m => [builder 4/5] RUN npx prisma generate                                  7.1s
[0m => [builder 5/5] RUN npm run build                                       58.0s
[?25h[1A[1A[1A[1A[1A[1A[1A[1A[1A[0G[?25l[+] Building 67.5s (15/28)                                 docker:desktop-linux
[36m => CACHED [deps 2/5] WORKDIR /app                                         0.0s
[0m[36m => CACHED [deps 3/5] COPY package.json package-lock.json* pnpm-lock.yaml  0.0s
[0m[36m => CACHED [deps 4/5] COPY prisma ./prisma                                 0.0s
[0m[36m => CACHED [deps 5/5] RUN   if [ -f package-lock.json ]; then     npm ci   0.0s
[0m[36m => CACHED [builder 2/5] COPY --from=deps /app/node_modules ./node_module  0.0s
[0m[36m => [builder 3/5] COPY . .                                                 0.7s
[0m[36m => [builder 4/5] RUN npx prisma generate                                  7.1s
[0m => [builder 5/5] RUN npm run build                                       58.2s
[?25h[1A[1A[1A[1A[1A[1A[1A[1A[1A[0G[?25l[+] Building 67.7s (15/28)                                 docker:desktop-linux
[36m => CACHED [deps 2/5] WORKDIR /app                                         0.0s
[0m[36m => CACHED [deps 3/5] COPY package.json package-lock.json* pnpm-lock.yaml  0.0s
[0m[36m => CACHED [deps 4/5] COPY prisma ./prisma                                 0.0s
[0m[36m => CACHED [deps 5/5] RUN   if [ -f package-lock.json ]; then     npm ci   0.0s
[0m[36m => CACHED [builder 2/5] COPY --from=deps /app/node_modules ./node_module  0.0s
[0m[36m => [builder 3/5] COPY . .                                                 0.7s
[0m[36m => [builder 4/5] RUN npx prisma generate                                  7.1s
[0m => [builder 5/5] RUN npm run build                                       58.3s
[?25h[1A[1A[1A[1A[1A[1A[1A[1A[1A[0G[?25l[+] Building 67.8s (15/28)                                 docker:desktop-linux
[36m => CACHED [deps 2/5] WORKDIR /app                                         0.0s
[0m[36m => CACHED [deps 3/5] COPY package.json package-lock.json* pnpm-lock.yaml  0.0s
[0m[36m => CACHED [deps 4/5] COPY prisma ./prisma                                 0.0s
[0m[36m => CACHED [deps 5/5] RUN   if [ -f package-lock.json ]; then     npm ci   0.0s
[0m[36m => CACHED [builder 2/5] COPY --from=deps /app/node_modules ./node_module  0.0s
[0m[36m => [builder 3/5] COPY . .                                                 0.7s
[0m[36m => [builder 4/5] RUN npx prisma generate                                  7.1s
[0m => [builder 5/5] RUN npm run build                                       58.5s
[?25h[1A[1A[1A[1A[1A[1A[1A[1A[1A[0G[?25l[+] Building 68.0s (15/28)                                 docker:desktop-linux
[36m => CACHED [deps 2/5] WORKDIR /app                                         0.0s
[0m[36m => CACHED [deps 3/5] COPY package.json package-lock.json* pnpm-lock.yaml  0.0s
[0m[36m => CACHED [deps 4/5] COPY prisma ./prisma                                 0.0s
[0m[36m => CACHED [deps 5/5] RUN   if [ -f package-lock.json ]; then     npm ci   0.0s
[0m[36m => CACHED [builder 2/5] COPY --from=deps /app/node_modules ./node_module  0.0s
[0m[36m => [builder 3/5] COPY . .                                                 0.7s
[0m[36m => [builder 4/5] RUN npx prisma generate                                  7.1s
[0m => [builder 5/5] RUN npm run build                                       58.6s
[?25h[1A[1A[1A[1A[1A[1A[1A[1A[1A[0G[?25l[+] Building 68.1s (15/28)                                 docker:desktop-linux
[36m => CACHED [deps 2/5] WORKDIR /app                                         0.0s
[0m[36m => CACHED [deps 3/5] COPY package.json package-lock.json* pnpm-lock.yaml  0.0s
[0m[36m => CACHED [deps 4/5] COPY prisma ./prisma                                 0.0s
[0m[36m => CACHED [deps 5/5] RUN   if [ -f package-lock.json ]; then     npm ci   0.0s
[0m[36m => CACHED [builder 2/5] COPY --from=deps /app/node_modules ./node_module  0.0s
[0m[36m => [builder 3/5] COPY . .                                                 0.7s
[0m[36m => [builder 4/5] RUN npx prisma generate                                  7.1s
[0m => [builder 5/5] RUN npm run build                                       58.8s
[?25h[1A[1A[1A[1A[1A[1A[1A[1A[1A[0G[?25l[+] Building 68.3s (15/28)                                 docker:desktop-linux
[36m => CACHED [deps 2/5] WORKDIR /app                                         0.0s
[0m[36m => CACHED [deps 3/5] COPY package.json package-lock.json* pnpm-lock.yaml  0.0s
[0m[36m => CACHED [deps 4/5] COPY prisma ./prisma                                 0.0s
[0m[36m => CACHED [deps 5/5] RUN   if [ -f package-lock.json ]; then     npm ci   0.0s
[0m[36m => CACHED [builder 2/5] COPY --from=deps /app/node_modules ./node_module  0.0s
[0m[36m => [builder 3/5] COPY . .                                                 0.7s
[0m[36m => [builder 4/5] RUN npx prisma generate                                  7.1s
[0m => [builder 5/5] RUN npm run build                                       58.9s
[?25h[1A[1A[1A[1A[1A[1A[1A[1A[1A[0G[?25l[+] Building 68.4s (15/28)                                 docker:desktop-linux
[36m => CACHED [deps 2/5] WORKDIR /app                                         0.0s
[0m[36m => CACHED [deps 3/5] COPY package.json package-lock.json* pnpm-lock.yaml  0.0s
[0m[36m => CACHED [deps 4/5] COPY prisma ./prisma                                 0.0s
[0m[36m => CACHED [deps 5/5] RUN   if [ -f package-lock.json ]; then     npm ci   0.0s
[0m[36m => CACHED [builder 2/5] COPY --from=deps /app/node_modules ./node_module  0.0s
[0m[36m => [builder 3/5] COPY . .                                                 0.7s
[0m[36m => [builder 4/5] RUN npx prisma generate                                  7.1s
[0m => [builder 5/5] RUN npm run build                                       59.1s
[?25h[1A[1A[1A[1A[1A[1A[1A[1A[1A[0G[?25l[+] Building 68.6s (15/28)                                 docker:desktop-linux
[36m => CACHED [deps 2/5] WORKDIR /app                                         0.0s
[0m[36m => CACHED [deps 3/5] COPY package.json package-lock.json* pnpm-lock.yaml  0.0s
[0m[36m => CACHED [deps 4/5] COPY prisma ./prisma                                 0.0s
[0m[36m => CACHED [deps 5/5] RUN   if [ -f package-lock.json ]; then     npm ci   0.0s
[0m[36m => CACHED [builder 2/5] COPY --from=deps /app/node_modules ./node_module  0.0s
[0m[36m => [builder 3/5] COPY . .                                                 0.7s
[0m[36m => [builder 4/5] RUN npx prisma generate                                  7.1s
[0m => [builder 5/5] RUN npm run build                                       59.2s
[?25h[1A[1A[1A[1A[1A[1A[1A[1A[1A[0G[?25l[+] Building 68.7s (15/28)                                 docker:desktop-linux
[36m => CACHED [deps 2/5] WORKDIR /app                                         0.0s
[0m[36m => CACHED [deps 3/5] COPY package.json package-lock.json* pnpm-lock.yaml  0.0s
[0m[36m => CACHED [deps 4/5] COPY prisma ./prisma                                 0.0s
[0m[36m => CACHED [deps 5/5] RUN   if [ -f package-lock.json ]; then     npm ci   0.0s
[0m[36m => CACHED [builder 2/5] COPY --from=deps /app/node_modules ./node_module  0.0s
[0m[36m => [builder 3/5] COPY . .                                                 0.7s
[0m[36m => [builder 4/5] RUN npx prisma generate                                  7.1s
[0m => [builder 5/5] RUN npm run build                                       59.4s
[?25h[1A[1A[1A[1A[1A[1A[1A[1A[1A[0G[?25l[+] Building 68.9s (15/28)                                 docker:desktop-linux
[36m => CACHED [deps 2/5] WORKDIR /app                                         0.0s
[0m[36m => CACHED [deps 3/5] COPY package.json package-lock.json* pnpm-lock.yaml  0.0s
[0m[36m => CACHED [deps 4/5] COPY prisma ./prisma                                 0.0s
[0m[36m => CACHED [deps 5/5] RUN   if [ -f package-lock.json ]; then     npm ci   0.0s
[0m[36m => CACHED [builder 2/5] COPY --from=deps /app/node_modules ./node_module  0.0s
[0m[36m => [builder 3/5] COPY . .                                                 0.7s
[0m[36m => [builder 4/5] RUN npx prisma generate                                  7.1s
[0m => [builder 5/5] RUN npm run build                                       59.5s
[?25h[1A[1A[1A[1A[1A[1A[1A[1A[1A[0G[?25l[+] Building 69.0s (15/28)                                 docker:desktop-linux
[36m => CACHED [deps 2/5] WORKDIR /app                                         0.0s
[0m[36m => CACHED [deps 3/5] COPY package.json package-lock.json* pnpm-lock.yaml  0.0s
[0m[36m => CACHED [deps 4/5] COPY prisma ./prisma                                 0.0s
[0m[36m => CACHED [deps 5/5] RUN   if [ -f package-lock.json ]; then     npm ci   0.0s
[0m[36m => CACHED [builder 2/5] COPY --from=deps /app/node_modules ./node_module  0.0s
[0m[36m => [builder 3/5] COPY . .                                                 0.7s
[0m[36m => [builder 4/5] RUN npx prisma generate                                  7.1s
[0m => [builder 5/5] RUN npm run build                                       59.7s
[?25h[1A[1A[1A[1A[1A[1A[1A[1A[1A[0G[?25l[+] Building 69.2s (15/28)                                 docker:desktop-linux
[36m => CACHED [deps 2/5] WORKDIR /app                                         0.0s
[0m[36m => CACHED [deps 3/5] COPY package.json package-lock.json* pnpm-lock.yaml  0.0s
[0m[36m => CACHED [deps 4/5] COPY prisma ./prisma                                 0.0s
[0m[36m => CACHED [deps 5/5] RUN   if [ -f package-lock.json ]; then     npm ci   0.0s
[0m[36m => CACHED [builder 2/5] COPY --from=deps /app/node_modules ./node_module  0.0s
[0m[36m => [builder 3/5] COPY . .                                                 0.7s
[0m[36m => [builder 4/5] RUN npx prisma generate                                  7.1s
[0m => [builder 5/5] RUN npm run build                                       59.8s
[?25h[1A[1A[1A[1A[1A[1A[1A[1A[1A[0G[?25l[+] Building 69.3s (15/28)                                 docker:desktop-linux
[36m => CACHED [deps 2/5] WORKDIR /app                                         0.0s
[0m[36m => CACHED [deps 3/5] COPY package.json package-lock.json* pnpm-lock.yaml  0.0s
[0m[36m => CACHED [deps 4/5] COPY prisma ./prisma                                 0.0s
[0m[36m => CACHED [deps 5/5] RUN   if [ -f package-lock.json ]; then     npm ci   0.0s
[0m[36m => CACHED [builder 2/5] COPY --from=deps /app/node_modules ./node_module  0.0s
[0m[36m => [builder 3/5] COPY . .                                                 0.7s
[0m[36m => [builder 4/5] RUN npx prisma generate                                  7.1s
[0m => [builder 5/5] RUN npm run build                                       60.0s
[?25h[1A[1A[1A[1A[1A[1A[1A[1A[1A[0G[?25l[+] Building 69.5s (15/28)                                 docker:desktop-linux
[36m => CACHED [deps 2/5] WORKDIR /app                                         0.0s
[0m[36m => CACHED [deps 3/5] COPY package.json package-lock.json* pnpm-lock.yaml  0.0s
[0m[36m => CACHED [deps 4/5] COPY prisma ./prisma                                 0.0s
[0m[36m => CACHED [deps 5/5] RUN   if [ -f package-lock.json ]; then     npm ci   0.0s
[0m[36m => CACHED [builder 2/5] COPY --from=deps /app/node_modules ./node_module  0.0s
[0m[36m => [builder 3/5] COPY . .                                                 0.7s
[0m[36m => [builder 4/5] RUN npx prisma generate                                  7.1s
[0m => [builder 5/5] RUN npm run build                                       60.1s
[?25h[1A[1A[1A[1A[1A[1A[1A[1A[1A[0G[?25l[+] Building 69.6s (15/28)                                 docker:desktop-linux
[36m => CACHED [deps 2/5] WORKDIR /app                                         0.0s
[0m[36m => CACHED [deps 3/5] COPY package.json package-lock.json* pnpm-lock.yaml  0.0s
[0m[36m => CACHED [deps 4/5] COPY prisma ./prisma                                 0.0s
[0m[36m => CACHED [deps 5/5] RUN   if [ -f package-lock.json ]; then     npm ci   0.0s
[0m[36m => CACHED [builder 2/5] COPY --from=deps /app/node_modules ./node_module  0.0s
[0m[36m => [builder 3/5] COPY . .                                                 0.7s
[0m[36m => [builder 4/5] RUN npx prisma generate                                  7.1s
[0m => [builder 5/5] RUN npm run build                                       60.3s
[?25h[1A[1A[1A[1A[1A[1A[1A[1A[1A[0G[?25l[+] Building 69.8s (15/28)                                 docker:desktop-linux
[36m => CACHED [deps 2/5] WORKDIR /app                                         0.0s
[0m[36m => CACHED [deps 3/5] COPY package.json package-lock.json* pnpm-lock.yaml  0.0s
[0m[36m => CACHED [deps 4/5] COPY prisma ./prisma                                 0.0s
[0m[36m => CACHED [deps 5/5] RUN   if [ -f package-lock.json ]; then     npm ci   0.0s
[0m[36m => CACHED [builder 2/5] COPY --from=deps /app/node_modules ./node_module  0.0s
[0m[36m => [builder 3/5] COPY . .                                                 0.7s
[0m[36m => [builder 4/5] RUN npx prisma generate                                  7.1s
[0m => [builder 5/5] RUN npm run build                                       60.4s
[?25h[1A[1A[1A[1A[1A[1A[1A[1A[1A[0G[?25l[+] Building 69.9s (15/28)                                 docker:desktop-linux
[36m => CACHED [deps 2/5] WORKDIR /app                                         0.0s
[0m[36m => CACHED [deps 3/5] COPY package.json package-lock.json* pnpm-lock.yaml  0.0s
[0m[36m => CACHED [deps 4/5] COPY prisma ./prisma                                 0.0s
[0m[36m => CACHED [deps 5/5] RUN   if [ -f package-lock.json ]; then     npm ci   0.0s
[0m[36m => CACHED [builder 2/5] COPY --from=deps /app/node_modules ./node_module  0.0s
[0m[36m => [builder 3/5] COPY . .                                                 0.7s
[0m[36m => [builder 4/5] RUN npx prisma generate                                  7.1s
[0m => [builder 5/5] RUN npm run build                                       60.6s
[?25h[1A[1A[1A[1A[1A[1A[1A[1A[1A[0G[?25l[+] Building 70.1s (15/28)                                 docker:desktop-linux
[36m => CACHED [deps 2/5] WORKDIR /app                                         0.0s
[0m[36m => CACHED [deps 3/5] COPY package.json package-lock.json* pnpm-lock.yaml  0.0s
[0m[36m => CACHED [deps 4/5] COPY prisma ./prisma                                 0.0s
[0m[36m => CACHED [deps 5/5] RUN   if [ -f package-lock.json ]; then     npm ci   0.0s
[0m[36m => CACHED [builder 2/5] COPY --from=deps /app/node_modules ./node_module  0.0s
[0m[36m => [builder 3/5] COPY . .                                                 0.7s
[0m[36m => [builder 4/5] RUN npx prisma generate                                  7.1s
[0m => [builder 5/5] RUN npm run build                                       60.7s
[?25h[1A[1A[1A[1A[1A[1A[1A[1A[1A[0G[?25l[+] Building 70.2s (15/28)                                 docker:desktop-linux
[36m => CACHED [deps 2/5] WORKDIR /app                                         0.0s
[0m[36m => CACHED [deps 3/5] COPY package.json package-lock.json* pnpm-lock.yaml  0.0s
[0m[36m => CACHED [deps 4/5] COPY prisma ./prisma                                 0.0s
[0m[36m => CACHED [deps 5/5] RUN   if [ -f package-lock.json ]; then     npm ci   0.0s
[0m[36m => CACHED [builder 2/5] COPY --from=deps /app/node_modules ./node_module  0.0s
[0m[36m => [builder 3/5] COPY . .                                                 0.7s
[0m[36m => [builder 4/5] RUN npx prisma generate                                  7.1s
[0m => [builder 5/5] RUN npm run build                                       60.9s
[?25h[1A[1A[1A[1A[1A[1A[1A[1A[1A[0G[?25l[+] Building 70.4s (15/28)                                 docker:desktop-linux
[36m => CACHED [deps 2/5] WORKDIR /app                                         0.0s
[0m[36m => CACHED [deps 3/5] COPY package.json package-lock.json* pnpm-lock.yaml  0.0s
[0m[36m => CACHED [deps 4/5] COPY prisma ./prisma                                 0.0s
[0m[36m => CACHED [deps 5/5] RUN   if [ -f package-lock.json ]; then     npm ci   0.0s
[0m[36m => CACHED [builder 2/5] COPY --from=deps /app/node_modules ./node_module  0.0s
[0m[36m => [builder 3/5] COPY . .                                                 0.7s
[0m[36m => [builder 4/5] RUN npx prisma generate                                  7.1s
[0m => [builder 5/5] RUN npm run build                                       61.0s
[?25h[1A[1A[1A[1A[1A[1A[1A[1A[1A[0G[?25l[+] Building 70.5s (15/28)                                 docker:desktop-linux
[36m => CACHED [deps 2/5] WORKDIR /app                                         0.0s
[0m[36m => CACHED [deps 3/5] COPY package.json package-lock.json* pnpm-lock.yaml  0.0s
[0m[36m => CACHED [deps 4/5] COPY prisma ./prisma                                 0.0s
[0m[36m => CACHED [deps 5/5] RUN   if [ -f package-lock.json ]; then     npm ci   0.0s
[0m[36m => CACHED [builder 2/5] COPY --from=deps /app/node_modules ./node_module  0.0s
[0m[36m => [builder 3/5] COPY . .                                                 0.7s
[0m[36m => [builder 4/5] RUN npx prisma generate                                  7.1s
[0m => [builder 5/5] RUN npm run build                                       61.2s
[?25h[1A[1A[1A[1A[1A[1A[1A[1A[1A[0G[?25l[+] Building 70.7s (15/28)                                 docker:desktop-linux
[36m => CACHED [deps 2/5] WORKDIR /app                                         0.0s
[0m[36m => CACHED [deps 3/5] COPY package.json package-lock.json* pnpm-lock.yaml  0.0s
[0m[36m => CACHED [deps 4/5] COPY prisma ./prisma                                 0.0s
[0m[36m => CACHED [deps 5/5] RUN   if [ -f package-lock.json ]; then     npm ci   0.0s
[0m[36m => CACHED [builder 2/5] COPY --from=deps /app/node_modules ./node_module  0.0s
[0m[36m => [builder 3/5] COPY . .                                                 0.7s
[0m[36m => [builder 4/5] RUN npx prisma generate                                  7.1s
[0m => [builder 5/5] RUN npm run build                                       61.3s
[?25h[1A[1A[1A[1A[1A[1A[1A[1A[1A[0G[?25l[+] Building 70.8s (15/28)                                 docker:desktop-linux
[36m => CACHED [deps 2/5] WORKDIR /app                                         0.0s
[0m[36m => CACHED [deps 3/5] COPY package.json package-lock.json* pnpm-lock.yaml  0.0s
[0m[36m => CACHED [deps 4/5] COPY prisma ./prisma                                 0.0s
[0m[36m => CACHED [deps 5/5] RUN   if [ -f package-lock.json ]; then     npm ci   0.0s
[0m[36m => CACHED [builder 2/5] COPY --from=deps /app/node_modules ./node_module  0.0s
[0m[36m => [builder 3/5] COPY . .                                                 0.7s
[0m[36m => [builder 4/5] RUN npx prisma generate                                  7.1s
[0m => [builder 5/5] RUN npm run build                                       61.5s
[?25h[1A[1A[1A[1A[1A[1A[1A[1A[1A[0G[?25l[+] Building 71.0s (15/28)                                 docker:desktop-linux
[36m => CACHED [deps 2/5] WORKDIR /app                                         0.0s
[0m[36m => CACHED [deps 3/5] COPY package.json package-lock.json* pnpm-lock.yaml  0.0s
[0m[36m => CACHED [deps 4/5] COPY prisma ./prisma                                 0.0s
[0m[36m => CACHED [deps 5/5] RUN   if [ -f package-lock.json ]; then     npm ci   0.0s
[0m[36m => CACHED [builder 2/5] COPY --from=deps /app/node_modules ./node_module  0.0s
[0m[36m => [builder 3/5] COPY . .                                                 0.7s
[0m[36m => [builder 4/5] RUN npx prisma generate                                  7.1s
[0m => [builder 5/5] RUN npm run build                                       61.6s
[?25h[1A[1A[1A[1A[1A[1A[1A[1A[1A[0G[?25l[+] Building 71.1s (15/28)                                 docker:desktop-linux
[36m => CACHED [deps 2/5] WORKDIR /app                                         0.0s
[0m[36m => CACHED [deps 3/5] COPY package.json package-lock.json* pnpm-lock.yaml  0.0s
[0m[36m => CACHED [deps 4/5] COPY prisma ./prisma                                 0.0s
[0m[36m => CACHED [deps 5/5] RUN   if [ -f package-lock.json ]; then     npm ci   0.0s
[0m[36m => CACHED [builder 2/5] COPY --from=deps /app/node_modules ./node_module  0.0s
[0m[36m => [builder 3/5] COPY . .                                                 0.7s
[0m[36m => [builder 4/5] RUN npx prisma generate                                  7.1s
[0m => [builder 5/5] RUN npm run build                                       61.8s
[?25h[1A[1A[1A[1A[1A[1A[1A[1A[1A[0G[?25l[+] Building 71.3s (15/28)                                 docker:desktop-linux
[36m => CACHED [deps 2/5] WORKDIR /app                                         0.0s
[0m[36m => CACHED [deps 3/5] COPY package.json package-lock.json* pnpm-lock.yaml  0.0s
[0m[36m => CACHED [deps 4/5] COPY prisma ./prisma                                 0.0s
[0m[36m => CACHED [deps 5/5] RUN   if [ -f package-lock.json ]; then     npm ci   0.0s
[0m[36m => CACHED [builder 2/5] COPY --from=deps /app/node_modules ./node_module  0.0s
[0m[36m => [builder 3/5] COPY . .                                                 0.7s
[0m[36m => [builder 4/5] RUN npx prisma generate                                  7.1s
[0m => [builder 5/5] RUN npm run build                                       61.9s
[?25h[1A[1A[1A[1A[1A[1A[1A[1A[1A[0G[?25l[+] Building 71.4s (15/28)                                 docker:desktop-linux
[36m => CACHED [deps 2/5] WORKDIR /app                                         0.0s
[0m[36m => CACHED [deps 3/5] COPY package.json package-lock.json* pnpm-lock.yaml  0.0s
[0m[36m => CACHED [deps 4/5] COPY prisma ./prisma                                 0.0s
[0m[36m => CACHED [deps 5/5] RUN   if [ -f package-lock.json ]; then     npm ci   0.0s
[0m[36m => CACHED [builder 2/5] COPY --from=deps /app/node_modules ./node_module  0.0s
[0m[36m => [builder 3/5] COPY . .                                                 0.7s
[0m[36m => [builder 4/5] RUN npx prisma generate                                  7.1s
[0m => [builder 5/5] RUN npm run build                                       62.1s
[?25h[1A[1A[1A[1A[1A[1A[1A[1A[1A[0G[?25l[+] Building 71.6s (15/28)                                 docker:desktop-linux
[36m => CACHED [deps 2/5] WORKDIR /app                                         0.0s
[0m[36m => CACHED [deps 3/5] COPY package.json package-lock.json* pnpm-lock.yaml  0.0s
[0m[36m => CACHED [deps 4/5] COPY prisma ./prisma                                 0.0s
[0m[36m => CACHED [deps 5/5] RUN   if [ -f package-lock.json ]; then     npm ci   0.0s
[0m[36m => CACHED [builder 2/5] COPY --from=deps /app/node_modules ./node_module  0.0s
[0m[36m => [builder 3/5] COPY . .                                                 0.7s
[0m[36m => [builder 4/5] RUN npx prisma generate                                  7.1s
[0m => [builder 5/5] RUN npm run build                                       62.2s
[?25h[1A[1A[1A[1A[1A[1A[1A[1A[1A[0G[?25l[+] Building 71.7s (15/28)                                 docker:desktop-linux
[36m => CACHED [deps 2/5] WORKDIR /app                                         0.0s
[0m[36m => CACHED [deps 3/5] COPY package.json package-lock.json* pnpm-lock.yaml  0.0s
[0m[36m => CACHED [deps 4/5] COPY prisma ./prisma                                 0.0s
[0m[36m => CACHED [deps 5/5] RUN   if [ -f package-lock.json ]; then     npm ci   0.0s
[0m[36m => CACHED [builder 2/5] COPY --from=deps /app/node_modules ./node_module  0.0s
[0m[36m => [builder 3/5] COPY . .                                                 0.7s
[0m[36m => [builder 4/5] RUN npx prisma generate                                  7.1s
[0m => [builder 5/5] RUN npm run build                                       62.4s
[?25h[1A[1A[1A[1A[1A[1A[1A[1A[1A[0G[?25l[+] Building 71.9s (15/28)                                 docker:desktop-linux
[36m => CACHED [deps 2/5] WORKDIR /app                                         0.0s
[0m[36m => CACHED [deps 3/5] COPY package.json package-lock.json* pnpm-lock.yaml  0.0s
[0m[36m => CACHED [deps 4/5] COPY prisma ./prisma                                 0.0s
[0m[36m => CACHED [deps 5/5] RUN   if [ -f package-lock.json ]; then     npm ci   0.0s
[0m[36m => CACHED [builder 2/5] COPY --from=deps /app/node_modules ./node_module  0.0s
[0m[36m => [builder 3/5] COPY . .                                                 0.7s
[0m[36m => [builder 4/5] RUN npx prisma generate                                  7.1s
[0m => [builder 5/5] RUN npm run build                                       62.5s
[?25h[1A[1A[1A[1A[1A[1A[1A[1A[1A[0G[?25l[+] Building 72.0s (15/28)                                 docker:desktop-linux
[36m => CACHED [deps 2/5] WORKDIR /app                                         0.0s
[0m[36m => CACHED [deps 3/5] COPY package.json package-lock.json* pnpm-lock.yaml  0.0s
[0m[36m => CACHED [deps 4/5] COPY prisma ./prisma                                 0.0s
[0m[36m => CACHED [deps 5/5] RUN   if [ -f package-lock.json ]; then     npm ci   0.0s
[0m[36m => CACHED [builder 2/5] COPY --from=deps /app/node_modules ./node_module  0.0s
[0m[36m => [builder 3/5] COPY . .                                                 0.7s
[0m[36m => [builder 4/5] RUN npx prisma generate                                  7.1s
[0m => [builder 5/5] RUN npm run build                                       62.7s
[?25h[1A[1A[1A[1A[1A[1A[1A[1A[1A[0G[?25l[+] Building 72.2s (15/28)                                 docker:desktop-linux
[36m => CACHED [deps 2/5] WORKDIR /app                                         0.0s
[0m[36m => CACHED [deps 3/5] COPY package.json package-lock.json* pnpm-lock.yaml  0.0s
[0m[36m => CACHED [deps 4/5] COPY prisma ./prisma                                 0.0s
[0m[36m => CACHED [deps 5/5] RUN   if [ -f package-lock.json ]; then     npm ci   0.0s
[0m[36m => CACHED [builder 2/5] COPY --from=deps /app/node_modules ./node_module  0.0s
[0m[36m => [builder 3/5] COPY . .                                                 0.7s
[0m[36m => [builder 4/5] RUN npx prisma generate                                  7.1s
[0m => [builder 5/5] RUN npm run build                                       62.8s
[?25h[1A[1A[1A[1A[1A[1A[1A[1A[1A[0G[?25l[+] Building 72.3s (15/28)                                 docker:desktop-linux
[36m => CACHED [deps 2/5] WORKDIR /app                                         0.0s
[0m[36m => CACHED [deps 3/5] COPY package.json package-lock.json* pnpm-lock.yaml  0.0s
[0m[36m => CACHED [deps 4/5] COPY prisma ./prisma                                 0.0s
[0m[36m => CACHED [deps 5/5] RUN   if [ -f package-lock.json ]; then     npm ci   0.0s
[0m[36m => CACHED [builder 2/5] COPY --from=deps /app/node_modules ./node_module  0.0s
[0m[36m => [builder 3/5] COPY . .                                                 0.7s
[0m[36m => [builder 4/5] RUN npx prisma generate                                  7.1s
[0m => [builder 5/5] RUN npm run build                                       63.0s
[?25h[1A[1A[1A[1A[1A[1A[1A[1A[1A[0G[?25l[+] Building 72.5s (15/28)                                 docker:desktop-linux
[36m => CACHED [deps 2/5] WORKDIR /app                                         0.0s
[0m[36m => CACHED [deps 3/5] COPY package.json package-lock.json* pnpm-lock.yaml  0.0s
[0m[36m => CACHED [deps 4/5] COPY prisma ./prisma                                 0.0s
[0m[36m => CACHED [deps 5/5] RUN   if [ -f package-lock.json ]; then     npm ci   0.0s
[0m[36m => CACHED [builder 2/5] COPY --from=deps /app/node_modules ./node_module  0.0s
[0m[36m => [builder 3/5] COPY . .                                                 0.7s
[0m[36m => [builder 4/5] RUN npx prisma generate                                  7.1s
[0m => [builder 5/5] RUN npm run build                                       63.1s
[?25h[1A[1A[1A[1A[1A[1A[1A[1A[1A[0G[?25l[+] Building 72.6s (15/28)                                 docker:desktop-linux
[36m => CACHED [deps 2/5] WORKDIR /app                                         0.0s
[0m[36m => CACHED [deps 3/5] COPY package.json package-lock.json* pnpm-lock.yaml  0.0s
[0m[36m => CACHED [deps 4/5] COPY prisma ./prisma                                 0.0s
[0m[36m => CACHED [deps 5/5] RUN   if [ -f package-lock.json ]; then     npm ci   0.0s
[0m[36m => CACHED [builder 2/5] COPY --from=deps /app/node_modules ./node_module  0.0s
[0m[36m => [builder 3/5] COPY . .                                                 0.7s
[0m[36m => [builder 4/5] RUN npx prisma generate                                  7.1s
[0m => [builder 5/5] RUN npm run build                                       63.3s
[?25h[1A[1A[1A[1A[1A[1A[1A[1A[1A[0G[?25l[+] Building 72.8s (15/28)                                 docker:desktop-linux
[36m => CACHED [deps 2/5] WORKDIR /app                                         0.0s
[0m[36m => CACHED [deps 3/5] COPY package.json package-lock.json* pnpm-lock.yaml  0.0s
[0m[36m => CACHED [deps 4/5] COPY prisma ./prisma                                 0.0s
[0m[36m => CACHED [deps 5/5] RUN   if [ -f package-lock.json ]; then     npm ci   0.0s
[0m[36m => CACHED [builder 2/5] COPY --from=deps /app/node_modules ./node_module  0.0s
[0m[36m => [builder 3/5] COPY . .                                                 0.7s
[0m[36m => [builder 4/5] RUN npx prisma generate                                  7.1s
[0m => [builder 5/5] RUN npm run build                                       63.4s
[?25h[1A[1A[1A[1A[1A[1A[1A[1A[1A[0G[?25l[+] Building 72.9s (15/28)                                 docker:desktop-linux
[36m => CACHED [deps 2/5] WORKDIR /app                                         0.0s
[0m[36m => CACHED [deps 3/5] COPY package.json package-lock.json* pnpm-lock.yaml  0.0s
[0m[36m => CACHED [deps 4/5] COPY prisma ./prisma                                 0.0s
[0m[36m => CACHED [deps 5/5] RUN   if [ -f package-lock.json ]; then     npm ci   0.0s
[0m[36m => CACHED [builder 2/5] COPY --from=deps /app/node_modules ./node_module  0.0s
[0m[36m => [builder 3/5] COPY . .                                                 0.7s
[0m[36m => [builder 4/5] RUN npx prisma generate                                  7.1s
[0m => [builder 5/5] RUN npm run build                                       63.6s
[?25h[1A[1A[1A[1A[1A[1A[1A[1A[1A[0G[?25l[+] Building 73.1s (15/28)                                 docker:desktop-linux
[36m => CACHED [deps 2/5] WORKDIR /app                                         0.0s
[0m[36m => CACHED [deps 3/5] COPY package.json package-lock.json* pnpm-lock.yaml  0.0s
[0m[36m => CACHED [deps 4/5] COPY prisma ./prisma                                 0.0s
[0m[36m => CACHED [deps 5/5] RUN   if [ -f package-lock.json ]; then     npm ci   0.0s
[0m[36m => CACHED [builder 2/5] COPY --from=deps /app/node_modules ./node_module  0.0s
[0m[36m => [builder 3/5] COPY . .                                                 0.7s
[0m[36m => [builder 4/5] RUN npx prisma generate                                  7.1s
[0m => [builder 5/5] RUN npm run build                                       63.7s
[?25h[1A[1A[1A[1A[1A[1A[1A[1A[1A[0G[?25l[+] Building 73.2s (15/28)                                 docker:desktop-linux
[36m => CACHED [deps 2/5] WORKDIR /app                                         0.0s
[0m[36m => CACHED [deps 3/5] COPY package.json package-lock.json* pnpm-lock.yaml  0.0s
[0m[36m => CACHED [deps 4/5] COPY prisma ./prisma                                 0.0s
[0m[36m => CACHED [deps 5/5] RUN   if [ -f package-lock.json ]; then     npm ci   0.0s
[0m[36m => CACHED [builder 2/5] COPY --from=deps /app/node_modules ./node_module  0.0s
[0m[36m => [builder 3/5] COPY . .                                                 0.7s
[0m[36m => [builder 4/5] RUN npx prisma generate                                  7.1s
[0m => [builder 5/5] RUN npm run build                                       63.9s
[?25h[1A[1A[1A[1A[1A[1A[1A[1A[1A[0G[?25l[+] Building 73.4s (15/28)                                 docker:desktop-linux
[36m => CACHED [deps 2/5] WORKDIR /app                                         0.0s
[0m[36m => CACHED [deps 3/5] COPY package.json package-lock.json* pnpm-lock.yaml  0.0s
[0m[36m => CACHED [deps 4/5] COPY prisma ./prisma                                 0.0s
[0m[36m => CACHED [deps 5/5] RUN   if [ -f package-lock.json ]; then     npm ci   0.0s
[0m[36m => CACHED [builder 2/5] COPY --from=deps /app/node_modules ./node_module  0.0s
[0m[36m => [builder 3/5] COPY . .                                                 0.7s
[0m[36m => [builder 4/5] RUN npx prisma generate                                  7.1s
[0m => [builder 5/5] RUN npm run build                                       64.0s
[?25h[1A[1A[1A[1A[1A[1A[1A[1A[1A[0G[?25l[+] Building 73.5s (15/28)                                 docker:desktop-linux
[36m => CACHED [deps 2/5] WORKDIR /app                                         0.0s
[0m[36m => CACHED [deps 3/5] COPY package.json package-lock.json* pnpm-lock.yaml  0.0s
[0m[36m => CACHED [deps 4/5] COPY prisma ./prisma                                 0.0s
[0m[36m => CACHED [deps 5/5] RUN   if [ -f package-lock.json ]; then     npm ci   0.0s
[0m[36m => CACHED [builder 2/5] COPY --from=deps /app/node_modules ./node_module  0.0s
[0m[36m => [builder 3/5] COPY . .                                                 0.7s
[0m[36m => [builder 4/5] RUN npx prisma generate                                  7.1s
[0m => [builder 5/5] RUN npm run build                                       64.2s
[?25h[1A[1A[1A[1A[1A[1A[1A[1A[1A[0G[?25l[+] Building 73.7s (15/28)                                 docker:desktop-linux
[36m => CACHED [deps 2/5] WORKDIR /app                                         0.0s
[0m[36m => CACHED [deps 3/5] COPY package.json package-lock.json* pnpm-lock.yaml  0.0s
[0m[36m => CACHED [deps 4/5] COPY prisma ./prisma                                 0.0s
[0m[36m => CACHED [deps 5/5] RUN   if [ -f package-lock.json ]; then     npm ci   0.0s
[0m[36m => CACHED [builder 2/5] COPY --from=deps /app/node_modules ./node_module  0.0s
[0m[36m => [builder 3/5] COPY . .                                                 0.7s
[0m[36m => [builder 4/5] RUN npx prisma generate                                  7.1s
[0m => [builder 5/5] RUN npm run build                                       64.3s
[?25h[1A[1A[1A[1A[1A[1A[1A[1A[1A[0G[?25l[+] Building 73.8s (15/28)                                 docker:desktop-linux
[36m => CACHED [deps 2/5] WORKDIR /app                                         0.0s
[0m[36m => CACHED [deps 3/5] COPY package.json package-lock.json* pnpm-lock.yaml  0.0s
[0m[36m => CACHED [deps 4/5] COPY prisma ./prisma                                 0.0s
[0m[36m => CACHED [deps 5/5] RUN   if [ -f package-lock.json ]; then     npm ci   0.0s
[0m[36m => CACHED [builder 2/5] COPY --from=deps /app/node_modules ./node_module  0.0s
[0m[36m => [builder 3/5] COPY . .                                                 0.7s
[0m[36m => [builder 4/5] RUN npx prisma generate                                  7.1s
[0m => [builder 5/5] RUN npm run build                                       64.5s
[?25h[1A[1A[1A[1A[1A[1A[1A[1A[1A[0G[?25l[+] Building 74.0s (15/28)                                 docker:desktop-linux
[36m => CACHED [deps 2/5] WORKDIR /app                                         0.0s
[0m[36m => CACHED [deps 3/5] COPY package.json package-lock.json* pnpm-lock.yaml  0.0s
[0m[36m => CACHED [deps 4/5] COPY prisma ./prisma                                 0.0s
[0m[36m => CACHED [deps 5/5] RUN   if [ -f package-lock.json ]; then     npm ci   0.0s
[0m[36m => CACHED [builder 2/5] COPY --from=deps /app/node_modules ./node_module  0.0s
[0m[36m => [builder 3/5] COPY . .                                                 0.7s
[0m[36m => [builder 4/5] RUN npx prisma generate                                  7.1s
[0m => [builder 5/5] RUN npm run build                                       64.6s
[?25h[1A[1A[1A[1A[1A[1A[1A[1A[1A[0G[?25l[+] Building 74.1s (15/28)                                 docker:desktop-linux
[36m => CACHED [deps 2/5] WORKDIR /app                                         0.0s
[0m[36m => CACHED [deps 3/5] COPY package.json package-lock.json* pnpm-lock.yaml  0.0s
[0m[36m => CACHED [deps 4/5] COPY prisma ./prisma                                 0.0s
[0m[36m => CACHED [deps 5/5] RUN   if [ -f package-lock.json ]; then     npm ci   0.0s
[0m[36m => CACHED [builder 2/5] COPY --from=deps /app/node_modules ./node_module  0.0s
[0m[36m => [builder 3/5] COPY . .                                                 0.7s
[0m[36m => [builder 4/5] RUN npx prisma generate                                  7.1s
[0m => [builder 5/5] RUN npm run build                                       64.8s
[?25h[1A[1A[1A[1A[1A[1A[1A[1A[1A[0G[?25l[+] Building 74.3s (15/28)                                 docker:desktop-linux
[36m => CACHED [deps 2/5] WORKDIR /app                                         0.0s
[0m[36m => CACHED [deps 3/5] COPY package.json package-lock.json* pnpm-lock.yaml  0.0s
[0m[36m => CACHED [deps 4/5] COPY prisma ./prisma                                 0.0s
[0m[36m => CACHED [deps 5/5] RUN   if [ -f package-lock.json ]; then     npm ci   0.0s
[0m[36m => CACHED [builder 2/5] COPY --from=deps /app/node_modules ./node_module  0.0s
[0m[36m => [builder 3/5] COPY . .                                                 0.7s
[0m[36m => [builder 4/5] RUN npx prisma generate                                  7.1s
[0m => [builder 5/5] RUN npm run build                                       64.9s
[?25h[1A[1A[1A[1A[1A[1A[1A[1A[1A[0G[?25l[+] Building 74.4s (15/28)                                 docker:desktop-linux
[36m => CACHED [deps 2/5] WORKDIR /app                                         0.0s
[0m[36m => CACHED [deps 3/5] COPY package.json package-lock.json* pnpm-lock.yaml  0.0s
[0m[36m => CACHED [deps 4/5] COPY prisma ./prisma                                 0.0s
[0m[36m => CACHED [deps 5/5] RUN   if [ -f package-lock.json ]; then     npm ci   0.0s
[0m[36m => CACHED [builder 2/5] COPY --from=deps /app/node_modules ./node_module  0.0s
[0m[36m => [builder 3/5] COPY . .                                                 0.7s
[0m[36m => [builder 4/5] RUN npx prisma generate                                  7.1s
[0m => [builder 5/5] RUN npm run build                                       65.1s
[?25h[1A[1A[1A[1A[1A[1A[1A[1A[1A[0G[?25l[+] Building 74.6s (15/28)                                 docker:desktop-linux
[36m => CACHED [deps 2/5] WORKDIR /app                                         0.0s
[0m[36m => CACHED [deps 3/5] COPY package.json package-lock.json* pnpm-lock.yaml  0.0s
[0m[36m => CACHED [deps 4/5] COPY prisma ./prisma                                 0.0s
[0m[36m => CACHED [deps 5/5] RUN   if [ -f package-lock.json ]; then     npm ci   0.0s
[0m[36m => CACHED [builder 2/5] COPY --from=deps /app/node_modules ./node_module  0.0s
[0m[36m => [builder 3/5] COPY . .                                                 0.7s
[0m[36m => [builder 4/5] RUN npx prisma generate                                  7.1s
[0m => [builder 5/5] RUN npm run build                                       65.2s
[?25h[1A[1A[1A[1A[1A[1A[1A[1A[1A[0G[?25l[+] Building 74.7s (15/28)                                 docker:desktop-linux
[36m => CACHED [deps 2/5] WORKDIR /app                                         0.0s
[0m[36m => CACHED [deps 3/5] COPY package.json package-lock.json* pnpm-lock.yaml  0.0s
[0m[36m => CACHED [deps 4/5] COPY prisma ./prisma                                 0.0s
[0m[36m => CACHED [deps 5/5] RUN   if [ -f package-lock.json ]; then     npm ci   0.0s
[0m[36m => CACHED [builder 2/5] COPY --from=deps /app/node_modules ./node_module  0.0s
[0m[36m => [builder 3/5] COPY . .                                                 0.7s
[0m[36m => [builder 4/5] RUN npx prisma generate                                  7.1s
[0m => [builder 5/5] RUN npm run build                                       65.4s
[?25h[1A[1A[1A[1A[1A[1A[1A[1A[1A[0G[?25l[+] Building 74.9s (15/28)                                 docker:desktop-linux
[36m => CACHED [deps 2/5] WORKDIR /app                                         0.0s
[0m[36m => CACHED [deps 3/5] COPY package.json package-lock.json* pnpm-lock.yaml  0.0s
[0m[36m => CACHED [deps 4/5] COPY prisma ./prisma                                 0.0s
[0m[36m => CACHED [deps 5/5] RUN   if [ -f package-lock.json ]; then     npm ci   0.0s
[0m[36m => CACHED [builder 2/5] COPY --from=deps /app/node_modules ./node_module  0.0s
[0m[36m => [builder 3/5] COPY . .                                                 0.7s
[0m[36m => [builder 4/5] RUN npx prisma generate                                  7.1s
[0m => [builder 5/5] RUN npm run build                                       65.5s
[?25h[1A[1A[1A[1A[1A[1A[1A[1A[1A[0G[?25l[+] Building 75.0s (15/28)                                 docker:desktop-linux
[36m => CACHED [deps 2/5] WORKDIR /app                                         0.0s
[0m[36m => CACHED [deps 3/5] COPY package.json package-lock.json* pnpm-lock.yaml  0.0s
[0m[36m => CACHED [deps 4/5] COPY prisma ./prisma                                 0.0s
[0m[36m => CACHED [deps 5/5] RUN   if [ -f package-lock.json ]; then     npm ci   0.0s
[0m[36m => CACHED [builder 2/5] COPY --from=deps /app/node_modules ./node_module  0.0s
[0m[36m => [builder 3/5] COPY . .                                                 0.7s
[0m[36m => [builder 4/5] RUN npx prisma generate                                  7.1s
[0m => [builder 5/5] RUN npm run build                                       65.7s
[?25h[1A[1A[1A[1A[1A[1A[1A[1A[1A[0G[?25l[+] Building 75.2s (15/28)                                 docker:desktop-linux
[36m => CACHED [deps 2/5] WORKDIR /app                                         0.0s
[0m[36m => CACHED [deps 3/5] COPY package.json package-lock.json* pnpm-lock.yaml  0.0s
[0m[36m => CACHED [deps 4/5] COPY prisma ./prisma                                 0.0s
[0m[36m => CACHED [deps 5/5] RUN   if [ -f package-lock.json ]; then     npm ci   0.0s
[0m[36m => CACHED [builder 2/5] COPY --from=deps /app/node_modules ./node_module  0.0s
[0m[36m => [builder 3/5] COPY . .                                                 0.7s
[0m[36m => [builder 4/5] RUN npx prisma generate                                  7.1s
[0m => [builder 5/5] RUN npm run build                                       65.8s
[?25h[1A[1A[1A[1A[1A[1A[1A[1A[1A[0G[?25l[+] Building 75.3s (15/28)                                 docker:desktop-linux
[36m => CACHED [deps 2/5] WORKDIR /app                                         0.0s
[0m[36m => CACHED [deps 3/5] COPY package.json package-lock.json* pnpm-lock.yaml  0.0s
[0m[36m => CACHED [deps 4/5] COPY prisma ./prisma                                 0.0s
[0m[36m => CACHED [deps 5/5] RUN   if [ -f package-lock.json ]; then     npm ci   0.0s
[0m[36m => CACHED [builder 2/5] COPY --from=deps /app/node_modules ./node_module  0.0s
[0m[36m => [builder 3/5] COPY . .                                                 0.7s
[0m[36m => [builder 4/5] RUN npx prisma generate                                  7.1s
[0m => [builder 5/5] RUN npm run build                                       66.0s
[?25h[1A[1A[1A[1A[1A[1A[1A[1A[1A[0G[?25l[+] Building 75.5s (15/28)                                 docker:desktop-linux
[36m => CACHED [deps 2/5] WORKDIR /app                                         0.0s
[0m[36m => CACHED [deps 3/5] COPY package.json package-lock.json* pnpm-lock.yaml  0.0s
[0m[36m => CACHED [deps 4/5] COPY prisma ./prisma                                 0.0s
[0m[36m => CACHED [deps 5/5] RUN   if [ -f package-lock.json ]; then     npm ci   0.0s
[0m[36m => CACHED [builder 2/5] COPY --from=deps /app/node_modules ./node_module  0.0s
[0m[36m => [builder 3/5] COPY . .                                                 0.7s
[0m[36m => [builder 4/5] RUN npx prisma generate                                  7.1s
[0m => [builder 5/5] RUN npm run build                                       66.1s
[?25h[1A[1A[1A[1A[1A[1A[1A[1A[1A[0G[?25l[+] Building 75.6s (15/28)                                 docker:desktop-linux
[36m => CACHED [deps 2/5] WORKDIR /app                                         0.0s
[0m[36m => CACHED [deps 3/5] COPY package.json package-lock.json* pnpm-lock.yaml  0.0s
[0m[36m => CACHED [deps 4/5] COPY prisma ./prisma                                 0.0s
[0m[36m => CACHED [deps 5/5] RUN   if [ -f package-lock.json ]; then     npm ci   0.0s
[0m[36m => CACHED [builder 2/5] COPY --from=deps /app/node_modules ./node_module  0.0s
[0m[36m => [builder 3/5] COPY . .                                                 0.7s
[0m[36m => [builder 4/5] RUN npx prisma generate                                  7.1s
[0m => [builder 5/5] RUN npm run build                                       66.3s
[?25h[1A[1A[1A[1A[1A[1A[1A[1A[1A[0G[?25l[+] Building 75.8s (15/28)                                 docker:desktop-linux
[36m => CACHED [deps 2/5] WORKDIR /app                                         0.0s
[0m[36m => CACHED [deps 3/5] COPY package.json package-lock.json* pnpm-lock.yaml  0.0s
[0m[36m => CACHED [deps 4/5] COPY prisma ./prisma                                 0.0s
[0m[36m => CACHED [deps 5/5] RUN   if [ -f package-lock.json ]; then     npm ci   0.0s
[0m[36m => CACHED [builder 2/5] COPY --from=deps /app/node_modules ./node_module  0.0s
[0m[36m => [builder 3/5] COPY . .                                                 0.7s
[0m[36m => [builder 4/5] RUN npx prisma generate                                  7.1s
[0m => [builder 5/5] RUN npm run build                                       66.4s
[?25h[1A[1A[1A[1A[1A[1A[1A[1A[1A[0G[?25l[+] Building 75.9s (15/28)                                 docker:desktop-linux
[36m => CACHED [deps 2/5] WORKDIR /app                                         0.0s
[0m[36m => CACHED [deps 3/5] COPY package.json package-lock.json* pnpm-lock.yaml  0.0s
[0m[36m => CACHED [deps 4/5] COPY prisma ./prisma                                 0.0s
[0m[36m => CACHED [deps 5/5] RUN   if [ -f package-lock.json ]; then     npm ci   0.0s
[0m[36m => CACHED [builder 2/5] COPY --from=deps /app/node_modules ./node_module  0.0s
[0m[36m => [builder 3/5] COPY . .                                                 0.7s
[0m[36m => [builder 4/5] RUN npx prisma generate                                  7.1s
[0m => [builder 5/5] RUN npm run build                                       66.6s
[?25h[1A[1A[1A[1A[1A[1A[1A[1A[1A[0G[?25l[+] Building 76.1s (15/28)                                 docker:desktop-linux
[36m => CACHED [deps 2/5] WORKDIR /app                                         0.0s
[0m[36m => CACHED [deps 3/5] COPY package.json package-lock.json* pnpm-lock.yaml  0.0s
[0m[36m => CACHED [deps 4/5] COPY prisma ./prisma                                 0.0s
[0m[36m => CACHED [deps 5/5] RUN   if [ -f package-lock.json ]; then     npm ci   0.0s
[0m[36m => CACHED [builder 2/5] COPY --from=deps /app/node_modules ./node_module  0.0s
[0m[36m => [builder 3/5] COPY . .                                                 0.7s
[0m[36m => [builder 4/5] RUN npx prisma generate                                  7.1s
[0m => [builder 5/5] RUN npm run build                                       66.7s
[?25h[1A[1A[1A[1A[1A[1A[1A[1A[1A[0G[?25l[+] Building 76.2s (15/28)                                 docker:desktop-linux
[36m => CACHED [deps 2/5] WORKDIR /app                                         0.0s
[0m[36m => CACHED [deps 3/5] COPY package.json package-lock.json* pnpm-lock.yaml  0.0s
[0m[36m => CACHED [deps 4/5] COPY prisma ./prisma                                 0.0s
[0m[36m => CACHED [deps 5/5] RUN   if [ -f package-lock.json ]; then     npm ci   0.0s
[0m[36m => CACHED [builder 2/5] COPY --from=deps /app/node_modules ./node_module  0.0s
[0m[36m => [builder 3/5] COPY . .                                                 0.7s
[0m[36m => [builder 4/5] RUN npx prisma generate                                  7.1s
[0m => [builder 5/5] RUN npm run build                                       66.9s
[?25h[1A[1A[1A[1A[1A[1A[1A[1A[1A[0G[?25l[+] Building 76.4s (15/28)                                 docker:desktop-linux
[36m => CACHED [deps 2/5] WORKDIR /app                                         0.0s
[0m[36m => CACHED [deps 3/5] COPY package.json package-lock.json* pnpm-lock.yaml  0.0s
[0m[36m => CACHED [deps 4/5] COPY prisma ./prisma                                 0.0s
[0m[36m => CACHED [deps 5/5] RUN   if [ -f package-lock.json ]; then     npm ci   0.0s
[0m[36m => CACHED [builder 2/5] COPY --from=deps /app/node_modules ./node_module  0.0s
[0m[36m => [builder 3/5] COPY . .                                                 0.7s
[0m[36m => [builder 4/5] RUN npx prisma generate                                  7.1s
[0m => [builder 5/5] RUN npm run build                                       67.0s
[?25h[1A[1A[1A[1A[1A[1A[1A[1A[1A[0G[?25l[+] Building 76.5s (15/28)                                 docker:desktop-linux
[36m => CACHED [deps 2/5] WORKDIR /app                                         0.0s
[0m[36m => CACHED [deps 3/5] COPY package.json package-lock.json* pnpm-lock.yaml  0.0s
[0m[36m => CACHED [deps 4/5] COPY prisma ./prisma                                 0.0s
[0m[36m => CACHED [deps 5/5] RUN   if [ -f package-lock.json ]; then     npm ci   0.0s
[0m[36m => CACHED [builder 2/5] COPY --from=deps /app/node_modules ./node_module  0.0s
[0m[36m => [builder 3/5] COPY . .                                                 0.7s
[0m[36m => [builder 4/5] RUN npx prisma generate                                  7.1s
[0m => [builder 5/5] RUN npm run build                                       67.2s
[?25h[1A[1A[1A[1A[1A[1A[1A[1A[1A[0G[?25l[+] Building 76.7s (15/28)                                 docker:desktop-linux
[36m => CACHED [deps 2/5] WORKDIR /app                                         0.0s
[0m[36m => CACHED [deps 3/5] COPY package.json package-lock.json* pnpm-lock.yaml  0.0s
[0m[36m => CACHED [deps 4/5] COPY prisma ./prisma                                 0.0s
[0m[36m => CACHED [deps 5/5] RUN   if [ -f package-lock.json ]; then     npm ci   0.0s
[0m[36m => CACHED [builder 2/5] COPY --from=deps /app/node_modules ./node_module  0.0s
[0m[36m => [builder 3/5] COPY . .                                                 0.7s
[0m[36m => [builder 4/5] RUN npx prisma generate                                  7.1s
[0m => [builder 5/5] RUN npm run build                                       67.3s
[?25h[1A[1A[1A[1A[1A[1A[1A[1A[1A[0G[?25l[+] Building 76.8s (15/28)                                 docker:desktop-linux
[36m => CACHED [deps 2/5] WORKDIR /app                                         0.0s
[0m[36m => CACHED [deps 3/5] COPY package.json package-lock.json* pnpm-lock.yaml  0.0s
[0m[36m => CACHED [deps 4/5] COPY prisma ./prisma                                 0.0s
[0m[36m => CACHED [deps 5/5] RUN   if [ -f package-lock.json ]; then     npm ci   0.0s
[0m[36m => CACHED [builder 2/5] COPY --from=deps /app/node_modules ./node_module  0.0s
[0m[36m => [builder 3/5] COPY . .                                                 0.7s
[0m[36m => [builder 4/5] RUN npx prisma generate                                  7.1s
[0m => [builder 5/5] RUN npm run build                                       67.5s
[?25h[1A[1A[1A[1A[1A[1A[1A[1A[1A[0G[?25l[+] Building 77.0s (15/28)                                 docker:desktop-linux
[36m => CACHED [deps 2/5] WORKDIR /app                                         0.0s
[0m[36m => CACHED [deps 3/5] COPY package.json package-lock.json* pnpm-lock.yaml  0.0s
[0m[36m => CACHED [deps 4/5] COPY prisma ./prisma                                 0.0s
[0m[36m => CACHED [deps 5/5] RUN   if [ -f package-lock.json ]; then     npm ci   0.0s
[0m[36m => CACHED [builder 2/5] COPY --from=deps /app/node_modules ./node_module  0.0s
[0m[36m => [builder 3/5] COPY . .                                                 0.7s
[0m[36m => [builder 4/5] RUN npx prisma generate                                  7.1s
[0m => [builder 5/5] RUN npm run build                                       67.6s
[?25h[1A[1A[1A[1A[1A[1A[1A[1A[1A[0G[?25l[+] Building 77.1s (15/28)                                 docker:desktop-linux
[36m => CACHED [deps 2/5] WORKDIR /app                                         0.0s
[0m[36m => CACHED [deps 3/5] COPY package.json package-lock.json* pnpm-lock.yaml  0.0s
[0m[36m => CACHED [deps 4/5] COPY prisma ./prisma                                 0.0s
[0m[36m => CACHED [deps 5/5] RUN   if [ -f package-lock.json ]; then     npm ci   0.0s
[0m[36m => CACHED [builder 2/5] COPY --from=deps /app/node_modules ./node_module  0.0s
[0m[36m => [builder 3/5] COPY . .                                                 0.7s
[0m[36m => [builder 4/5] RUN npx prisma generate                                  7.1s
[0m => [builder 5/5] RUN npm run build                                       67.8s
[?25h[1A[1A[1A[1A[1A[1A[1A[1A[1A[0G[?25l[+] Building 77.3s (15/28)                                 docker:desktop-linux
[36m => CACHED [deps 2/5] WORKDIR /app                                         0.0s
[0m[36m => CACHED [deps 3/5] COPY package.json package-lock.json* pnpm-lock.yaml  0.0s
[0m[36m => CACHED [deps 4/5] COPY prisma ./prisma                                 0.0s
[0m[36m => CACHED [deps 5/5] RUN   if [ -f package-lock.json ]; then     npm ci   0.0s
[0m[36m => CACHED [builder 2/5] COPY --from=deps /app/node_modules ./node_module  0.0s
[0m[36m => [builder 3/5] COPY . .                                                 0.7s
[0m[36m => [builder 4/5] RUN npx prisma generate                                  7.1s
[0m => [builder 5/5] RUN npm run build                                       67.9s
[?25h[1A[1A[1A[1A[1A[1A[1A[1A[1A[0G[?25l[+] Building 77.4s (15/28)                                 docker:desktop-linux
[36m => CACHED [deps 2/5] WORKDIR /app                                         0.0s
[0m[36m => CACHED [deps 3/5] COPY package.json package-lock.json* pnpm-lock.yaml  0.0s
[0m[36m => CACHED [deps 4/5] COPY prisma ./prisma                                 0.0s
[0m[36m => CACHED [deps 5/5] RUN   if [ -f package-lock.json ]; then     npm ci   0.0s
[0m[36m => CACHED [builder 2/5] COPY --from=deps /app/node_modules ./node_module  0.0s
[0m[36m => [builder 3/5] COPY . .                                                 0.7s
[0m[36m => [builder 4/5] RUN npx prisma generate                                  7.1s
[0m => [builder 5/5] RUN npm run build                                       68.1s
[?25h[1A[1A[1A[1A[1A[1A[1A[1A[1A[0G[?25l[+] Building 77.6s (15/28)                                 docker:desktop-linux
[36m => CACHED [deps 2/5] WORKDIR /app                                         0.0s
[0m[36m => CACHED [deps 3/5] COPY package.json package-lock.json* pnpm-lock.yaml  0.0s
[0m[36m => CACHED [deps 4/5] COPY prisma ./prisma                                 0.0s
[0m[36m => CACHED [deps 5/5] RUN   if [ -f package-lock.json ]; then     npm ci   0.0s
[0m[36m => CACHED [builder 2/5] COPY --from=deps /app/node_modules ./node_module  0.0s
[0m[36m => [builder 3/5] COPY . .                                                 0.7s
[0m[36m => [builder 4/5] RUN npx prisma generate                                  7.1s
[0m => [builder 5/5] RUN npm run build                                       68.2s
[?25h[1A[1A[1A[1A[1A[1A[1A[1A[1A[0G[?25l[+] Building 77.7s (15/28)                                 docker:desktop-linux
[36m => CACHED [deps 2/5] WORKDIR /app                                         0.0s
[0m[36m => CACHED [deps 3/5] COPY package.json package-lock.json* pnpm-lock.yaml  0.0s
[0m[36m => CACHED [deps 4/5] COPY prisma ./prisma                                 0.0s
[0m[36m => CACHED [deps 5/5] RUN   if [ -f package-lock.json ]; then     npm ci   0.0s
[0m[36m => CACHED [builder 2/5] COPY --from=deps /app/node_modules ./node_module  0.0s
[0m[36m => [builder 3/5] COPY . .                                                 0.7s
[0m[36m => [builder 4/5] RUN npx prisma generate                                  7.1s
[0m => [builder 5/5] RUN npm run build                                       68.4s
[?25h[1A[1A[1A[1A[1A[1A[1A[1A[1A[0G[?25l[+] Building 77.9s (15/28)                                 docker:desktop-linux
[36m => CACHED [deps 2/5] WORKDIR /app                                         0.0s
[0m[36m => CACHED [deps 3/5] COPY package.json package-lock.json* pnpm-lock.yaml  0.0s
[0m[36m => CACHED [deps 4/5] COPY prisma ./prisma                                 0.0s
[0m[36m => CACHED [deps 5/5] RUN   if [ -f package-lock.json ]; then     npm ci   0.0s
[0m[36m => CACHED [builder 2/5] COPY --from=deps /app/node_modules ./node_module  0.0s
[0m[36m => [builder 3/5] COPY . .                                                 0.7s
[0m[36m => [builder 4/5] RUN npx prisma generate                                  7.1s
[0m => [builder 5/5] RUN npm run build                                       68.5s
[?25h[1A[1A[1A[1A[1A[1A[1A[1A[1A[0G[?25l[+] Building 78.0s (15/28)                                 docker:desktop-linux
[36m => CACHED [deps 2/5] WORKDIR /app                                         0.0s
[0m[36m => CACHED [deps 3/5] COPY package.json package-lock.json* pnpm-lock.yaml  0.0s
[0m[36m => CACHED [deps 4/5] COPY prisma ./prisma                                 0.0s
[0m[36m => CACHED [deps 5/5] RUN   if [ -f package-lock.json ]; then     npm ci   0.0s
[0m[36m => CACHED [builder 2/5] COPY --from=deps /app/node_modules ./node_module  0.0s
[0m[36m => [builder 3/5] COPY . .                                                 0.7s
[0m[36m => [builder 4/5] RUN npx prisma generate                                  7.1s
[0m => [builder 5/5] RUN npm run build                                       68.7s
[?25h[1A[1A[1A[1A[1A[1A[1A[1A[1A[0G[?25l[+] Building 78.2s (15/28)                                 docker:desktop-linux
[36m => CACHED [deps 2/5] WORKDIR /app                                         0.0s
[0m[36m => CACHED [deps 3/5] COPY package.json package-lock.json* pnpm-lock.yaml  0.0s
[0m[36m => CACHED [deps 4/5] COPY prisma ./prisma                                 0.0s
[0m[36m => CACHED [deps 5/5] RUN   if [ -f package-lock.json ]; then     npm ci   0.0s
[0m[36m => CACHED [builder 2/5] COPY --from=deps /app/node_modules ./node_module  0.0s
[0m[36m => [builder 3/5] COPY . .                                                 0.7s
[0m[36m => [builder 4/5] RUN npx prisma generate                                  7.1s
[0m => [builder 5/5] RUN npm run build                                       68.8s
[?25h[1A[1A[1A[1A[1A[1A[1A[1A[1A[0G[?25l[+] Building 78.3s (15/28)                                 docker:desktop-linux
[36m => CACHED [deps 2/5] WORKDIR /app                                         0.0s
[0m[36m => CACHED [deps 3/5] COPY package.json package-lock.json* pnpm-lock.yaml  0.0s
[0m[36m => CACHED [deps 4/5] COPY prisma ./prisma                                 0.0s
[0m[36m => CACHED [deps 5/5] RUN   if [ -f package-lock.json ]; then     npm ci   0.0s
[0m[36m => CACHED [builder 2/5] COPY --from=deps /app/node_modules ./node_module  0.0s
[0m[36m => [builder 3/5] COPY . .                                                 0.7s
[0m[36m => [builder 4/5] RUN npx prisma generate                                  7.1s
[0m => [builder 5/5] RUN npm run build                                       69.0s
[?25h[1A[1A[1A[1A[1A[1A[1A[1A[1A[0G[?25l[+] Building 78.5s (15/28)                                 docker:desktop-linux
[36m => CACHED [deps 2/5] WORKDIR /app                                         0.0s
[0m[36m => CACHED [deps 3/5] COPY package.json package-lock.json* pnpm-lock.yaml  0.0s
[0m[36m => CACHED [deps 4/5] COPY prisma ./prisma                                 0.0s
[0m[36m => CACHED [deps 5/5] RUN   if [ -f package-lock.json ]; then     npm ci   0.0s
[0m[36m => CACHED [builder 2/5] COPY --from=deps /app/node_modules ./node_module  0.0s
[0m[36m => [builder 3/5] COPY . .                                                 0.7s
[0m[36m => [builder 4/5] RUN npx prisma generate                                  7.1s
[0m => [builder 5/5] RUN npm run build                                       69.1s
[?25h[1A[1A[1A[1A[1A[1A[1A[1A[1A[0G[?25l[+] Building 78.6s (15/28)                                 docker:desktop-linux
[36m => CACHED [deps 2/5] WORKDIR /app                                         0.0s
[0m[36m => CACHED [deps 3/5] COPY package.json package-lock.json* pnpm-lock.yaml  0.0s
[0m[36m => CACHED [deps 4/5] COPY prisma ./prisma                                 0.0s
[0m[36m => CACHED [deps 5/5] RUN   if [ -f package-lock.json ]; then     npm ci   0.0s
[0m[36m => CACHED [builder 2/5] COPY --from=deps /app/node_modules ./node_module  0.0s
[0m[36m => [builder 3/5] COPY . .                                                 0.7s
[0m[36m => [builder 4/5] RUN npx prisma generate                                  7.1s
[0m => [builder 5/5] RUN npm run build                                       69.3s
[?25h[1A[1A[1A[1A[1A[1A[1A[1A[1A[0G[?25l[+] Building 78.8s (15/28)                                 docker:desktop-linux
[36m => CACHED [deps 2/5] WORKDIR /app                                         0.0s
[0m[36m => CACHED [deps 3/5] COPY package.json package-lock.json* pnpm-lock.yaml  0.0s
[0m[36m => CACHED [deps 4/5] COPY prisma ./prisma                                 0.0s
[0m[36m => CACHED [deps 5/5] RUN   if [ -f package-lock.json ]; then     npm ci   0.0s
[0m[36m => CACHED [builder 2/5] COPY --from=deps /app/node_modules ./node_module  0.0s
[0m[36m => [builder 3/5] COPY . .                                                 0.7s
[0m[36m => [builder 4/5] RUN npx prisma generate                                  7.1s
[0m => [builder 5/5] RUN npm run build                                       69.4s
[?25h[1A[1A[1A[1A[1A[1A[1A[1A[1A[0G[?25l[+] Building 78.9s (15/28)                                 docker:desktop-linux
[36m => CACHED [deps 2/5] WORKDIR /app                                         0.0s
[0m[36m => CACHED [deps 3/5] COPY package.json package-lock.json* pnpm-lock.yaml  0.0s
[0m[36m => CACHED [deps 4/5] COPY prisma ./prisma                                 0.0s
[0m[36m => CACHED [deps 5/5] RUN   if [ -f package-lock.json ]; then     npm ci   0.0s
[0m[36m => CACHED [builder 2/5] COPY --from=deps /app/node_modules ./node_module  0.0s
[0m[36m => [builder 3/5] COPY . .                                                 0.7s
[0m[36m => [builder 4/5] RUN npx prisma generate                                  7.1s
[0m => [builder 5/5] RUN npm run build                                       69.6s
[?25h[1A[1A[1A[1A[1A[1A[1A[1A[1A[0G[?25l[+] Building 79.1s (15/28)                                 docker:desktop-linux
[36m => CACHED [deps 2/5] WORKDIR /app                                         0.0s
[0m[36m => CACHED [deps 3/5] COPY package.json package-lock.json* pnpm-lock.yaml  0.0s
[0m[36m => CACHED [deps 4/5] COPY prisma ./prisma                                 0.0s
[0m[36m => CACHED [deps 5/5] RUN   if [ -f package-lock.json ]; then     npm ci   0.0s
[0m[36m => CACHED [builder 2/5] COPY --from=deps /app/node_modules ./node_module  0.0s
[0m[36m => [builder 3/5] COPY . .                                                 0.7s
[0m[36m => [builder 4/5] RUN npx prisma generate                                  7.1s
[0m => [builder 5/5] RUN npm run build                                       69.7s
[?25h[1A[1A[1A[1A[1A[1A[1A[1A[1A[0G[?25l[+] Building 79.2s (15/28)                                 docker:desktop-linux
[36m => CACHED [deps 2/5] WORKDIR /app                                         0.0s
[0m[36m => CACHED [deps 3/5] COPY package.json package-lock.json* pnpm-lock.yaml  0.0s
[0m[36m => CACHED [deps 4/5] COPY prisma ./prisma                                 0.0s
[0m[36m => CACHED [deps 5/5] RUN   if [ -f package-lock.json ]; then     npm ci   0.0s
[0m[36m => CACHED [builder 2/5] COPY --from=deps /app/node_modules ./node_module  0.0s
[0m[36m => [builder 3/5] COPY . .                                                 0.7s
[0m[36m => [builder 4/5] RUN npx prisma generate                                  7.1s
[0m => [builder 5/5] RUN npm run build                                       69.9s
[?25h[1A[1A[1A[1A[1A[1A[1A[1A[1A[0G[?25l[+] Building 79.4s (15/28)                                 docker:desktop-linux
[36m => CACHED [deps 2/5] WORKDIR /app                                         0.0s
[0m[36m => CACHED [deps 3/5] COPY package.json package-lock.json* pnpm-lock.yaml  0.0s
[0m[36m => CACHED [deps 4/5] COPY prisma ./prisma                                 0.0s
[0m[36m => CACHED [deps 5/5] RUN   if [ -f package-lock.json ]; then     npm ci   0.0s
[0m[36m => CACHED [builder 2/5] COPY --from=deps /app/node_modules ./node_module  0.0s
[0m[36m => [builder 3/5] COPY . .                                                 0.7s
[0m[36m => [builder 4/5] RUN npx prisma generate                                  7.1s
[0m => [builder 5/5] RUN npm run build                                       70.0s
[?25h[1A[1A[1A[1A[1A[1A[1A[1A[1A[0G[?25l[+] Building 79.5s (15/28)                                 docker:desktop-linux
[36m => CACHED [deps 2/5] WORKDIR /app                                         0.0s
[0m[36m => CACHED [deps 3/5] COPY package.json package-lock.json* pnpm-lock.yaml  0.0s
[0m[36m => CACHED [deps 4/5] COPY prisma ./prisma                                 0.0s
[0m[36m => CACHED [deps 5/5] RUN   if [ -f package-lock.json ]; then     npm ci   0.0s
[0m[36m => CACHED [builder 2/5] COPY --from=deps /app/node_modules ./node_module  0.0s
[0m[36m => [builder 3/5] COPY . .                                                 0.7s
[0m[36m => [builder 4/5] RUN npx prisma generate                                  7.1s
[0m => [builder 5/5] RUN npm run build                                       70.2s
[?25h[1A[1A[1A[1A[1A[1A[1A[1A[1A[0G[?25l[+] Building 79.7s (15/28)                                 docker:desktop-linux
[36m => CACHED [deps 2/5] WORKDIR /app                                         0.0s
[0m[36m => CACHED [deps 3/5] COPY package.json package-lock.json* pnpm-lock.yaml  0.0s
[0m[36m => CACHED [deps 4/5] COPY prisma ./prisma                                 0.0s
[0m[36m => CACHED [deps 5/5] RUN   if [ -f package-lock.json ]; then     npm ci   0.0s
[0m[36m => CACHED [builder 2/5] COPY --from=deps /app/node_modules ./node_module  0.0s
[0m[36m => [builder 3/5] COPY . .                                                 0.7s
[0m[36m => [builder 4/5] RUN npx prisma generate                                  7.1s
[0m => [builder 5/5] RUN npm run build                                       70.3s
[?25h[1A[1A[1A[1A[1A[1A[1A[1A[1A[0G[?25l[+] Building 79.8s (15/28)                                 docker:desktop-linux
[36m => CACHED [deps 2/5] WORKDIR /app                                         0.0s
[0m[36m => CACHED [deps 3/5] COPY package.json package-lock.json* pnpm-lock.yaml  0.0s
[0m[36m => CACHED [deps 4/5] COPY prisma ./prisma                                 0.0s
[0m[36m => CACHED [deps 5/5] RUN   if [ -f package-lock.json ]; then     npm ci   0.0s
[0m[36m => CACHED [builder 2/5] COPY --from=deps /app/node_modules ./node_module  0.0s
[0m[36m => [builder 3/5] COPY . .                                                 0.7s
[0m[36m => [builder 4/5] RUN npx prisma generate                                  7.1s
[0m => [builder 5/5] RUN npm run build                                       70.5s
[?25h[1A[1A[1A[1A[1A[1A[1A[1A[1A[0G[?25l[+] Building 80.0s (15/28)                                 docker:desktop-linux
[36m => CACHED [deps 2/5] WORKDIR /app                                         0.0s
[0m[36m => CACHED [deps 3/5] COPY package.json package-lock.json* pnpm-lock.yaml  0.0s
[0m[36m => CACHED [deps 4/5] COPY prisma ./prisma                                 0.0s
[0m[36m => CACHED [deps 5/5] RUN   if [ -f package-lock.json ]; then     npm ci   0.0s
[0m[36m => CACHED [builder 2/5] COPY --from=deps /app/node_modules ./node_module  0.0s
[0m[36m => [builder 3/5] COPY . .                                                 0.7s
[0m[36m => [builder 4/5] RUN npx prisma generate                                  7.1s
[0m => [builder 5/5] RUN npm run build                                       70.6s
[?25h[1A[1A[1A[1A[1A[1A[1A[1A[1A[0G[?25l[+] Building 80.1s (15/28)                                 docker:desktop-linux
[36m => CACHED [deps 2/5] WORKDIR /app                                         0.0s
[0m[36m => CACHED [deps 3/5] COPY package.json package-lock.json* pnpm-lock.yaml  0.0s
[0m[36m => CACHED [deps 4/5] COPY prisma ./prisma                                 0.0s
[0m[36m => CACHED [deps 5/5] RUN   if [ -f package-lock.json ]; then     npm ci   0.0s
[0m[36m => CACHED [builder 2/5] COPY --from=deps /app/node_modules ./node_module  0.0s
[0m[36m => [builder 3/5] COPY . .                                                 0.7s
[0m[36m => [builder 4/5] RUN npx prisma generate                                  7.1s
[0m => [builder 5/5] RUN npm run build                                       70.8s
[?25h[1A[1A[1A[1A[1A[1A[1A[1A[1A[0G[?25l[+] Building 80.3s (15/28)                                 docker:desktop-linux
[36m => CACHED [deps 2/5] WORKDIR /app                                         0.0s
[0m[36m => CACHED [deps 3/5] COPY package.json package-lock.json* pnpm-lock.yaml  0.0s
[0m[36m => CACHED [deps 4/5] COPY prisma ./prisma                                 0.0s
[0m[36m => CACHED [deps 5/5] RUN   if [ -f package-lock.json ]; then     npm ci   0.0s
[0m[36m => CACHED [builder 2/5] COPY --from=deps /app/node_modules ./node_module  0.0s
[0m[36m => [builder 3/5] COPY . .                                                 0.7s
[0m[36m => [builder 4/5] RUN npx prisma generate                                  7.1s
[0m => [builder 5/5] RUN npm run build                                       70.9s
[?25h[1A[1A[1A[1A[1A[1A[1A[1A[1A[0G[?25l[+] Building 80.4s (15/28)                                 docker:desktop-linux
[36m => CACHED [deps 2/5] WORKDIR /app                                         0.0s
[0m[36m => CACHED [deps 3/5] COPY package.json package-lock.json* pnpm-lock.yaml  0.0s
[0m[36m => CACHED [deps 4/5] COPY prisma ./prisma                                 0.0s
[0m[36m => CACHED [deps 5/5] RUN   if [ -f package-lock.json ]; then     npm ci   0.0s
[0m[36m => CACHED [builder 2/5] COPY --from=deps /app/node_modules ./node_module  0.0s
[0m[36m => [builder 3/5] COPY . .                                                 0.7s
[0m[36m => [builder 4/5] RUN npx prisma generate                                  7.1s
[0m => [builder 5/5] RUN npm run build                                       71.1s
[?25h[1A[1A[1A[1A[1A[1A[1A[1A[1A[0G[?25l[+] Building 80.6s (15/28)                                 docker:desktop-linux
[36m => CACHED [deps 2/5] WORKDIR /app                                         0.0s
[0m[36m => CACHED [deps 3/5] COPY package.json package-lock.json* pnpm-lock.yaml  0.0s
[0m[36m => CACHED [deps 4/5] COPY prisma ./prisma                                 0.0s
[0m[36m => CACHED [deps 5/5] RUN   if [ -f package-lock.json ]; then     npm ci   0.0s
[0m[36m => CACHED [builder 2/5] COPY --from=deps /app/node_modules ./node_module  0.0s
[0m[36m => [builder 3/5] COPY . .                                                 0.7s
[0m[36m => [builder 4/5] RUN npx prisma generate                                  7.1s
[0m => [builder 5/5] RUN npm run build                                       71.2s
[?25h[1A[1A[1A[1A[1A[1A[1A[1A[1A[0G[?25l[+] Building 80.7s (15/28)                                 docker:desktop-linux
[36m => CACHED [deps 2/5] WORKDIR /app                                         0.0s
[0m[36m => CACHED [deps 3/5] COPY package.json package-lock.json* pnpm-lock.yaml  0.0s
[0m[36m => CACHED [deps 4/5] COPY prisma ./prisma                                 0.0s
[0m[36m => CACHED [deps 5/5] RUN   if [ -f package-lock.json ]; then     npm ci   0.0s
[0m[36m => CACHED [builder 2/5] COPY --from=deps /app/node_modules ./node_module  0.0s
[0m[36m => [builder 3/5] COPY . .                                                 0.7s
[0m[36m => [builder 4/5] RUN npx prisma generate                                  7.1s
[0m => [builder 5/5] RUN npm run build                                       71.4s
[?25h[1A[1A[1A[1A[1A[1A[1A[1A[1A[0G[?25l[+] Building 80.9s (15/28)                                 docker:desktop-linux
[36m => CACHED [deps 2/5] WORKDIR /app                                         0.0s
[0m[36m => CACHED [deps 3/5] COPY package.json package-lock.json* pnpm-lock.yaml  0.0s
[0m[36m => CACHED [deps 4/5] COPY prisma ./prisma                                 0.0s
[0m[36m => CACHED [deps 5/5] RUN   if [ -f package-lock.json ]; then     npm ci   0.0s
[0m[36m => CACHED [builder 2/5] COPY --from=deps /app/node_modules ./node_module  0.0s
[0m[36m => [builder 3/5] COPY . .                                                 0.7s
[0m[36m => [builder 4/5] RUN npx prisma generate                                  7.1s
[0m => [builder 5/5] RUN npm run build                                       71.5s
[?25h[1A[1A[1A[1A[1A[1A[1A[1A[1A[0G[?25l[+] Building 81.0s (15/28)                                 docker:desktop-linux
[36m => CACHED [deps 2/5] WORKDIR /app                                         0.0s
[0m[36m => CACHED [deps 3/5] COPY package.json package-lock.json* pnpm-lock.yaml  0.0s
[0m[36m => CACHED [deps 4/5] COPY prisma ./prisma                                 0.0s
[0m[36m => CACHED [deps 5/5] RUN   if [ -f package-lock.json ]; then     npm ci   0.0s
[0m[36m => CACHED [builder 2/5] COPY --from=deps /app/node_modules ./node_module  0.0s
[0m[36m => [builder 3/5] COPY . .                                                 0.7s
[0m[36m => [builder 4/5] RUN npx prisma generate                                  7.1s
[0m => [builder 5/5] RUN npm run build                                       71.7s
[?25h[1A[1A[1A[1A[1A[1A[1A[1A[1A[0G[?25l[+] Building 81.2s (15/28)                                 docker:desktop-linux
[36m => CACHED [deps 2/5] WORKDIR /app                                         0.0s
[0m[36m => CACHED [deps 3/5] COPY package.json package-lock.json* pnpm-lock.yaml  0.0s
[0m[36m => CACHED [deps 4/5] COPY prisma ./prisma                                 0.0s
[0m[36m => CACHED [deps 5/5] RUN   if [ -f package-lock.json ]; then     npm ci   0.0s
[0m[36m => CACHED [builder 2/5] COPY --from=deps /app/node_modules ./node_module  0.0s
[0m[36m => [builder 3/5] COPY . .                                                 0.7s
[0m[36m => [builder 4/5] RUN npx prisma generate                                  7.1s
[0m => [builder 5/5] RUN npm run build                                       71.8s
[?25h[1A[1A[1A[1A[1A[1A[1A[1A[1A[0G[?25l[+] Building 81.3s (15/28)                                 docker:desktop-linux
[36m => CACHED [deps 2/5] WORKDIR /app                                         0.0s
[0m[36m => CACHED [deps 3/5] COPY package.json package-lock.json* pnpm-lock.yaml  0.0s
[0m[36m => CACHED [deps 4/5] COPY prisma ./prisma                                 0.0s
[0m[36m => CACHED [deps 5/5] RUN   if [ -f package-lock.json ]; then     npm ci   0.0s
[0m[36m => CACHED [builder 2/5] COPY --from=deps /app/node_modules ./node_module  0.0s
[0m[36m => [builder 3/5] COPY . .                                                 0.7s
[0m[36m => [builder 4/5] RUN npx prisma generate                                  7.1s
[0m => [builder 5/5] RUN npm run build                                       72.0s
[?25h[1A[1A[1A[1A[1A[1A[1A[1A[1A[0G[?25l[+] Building 81.5s (15/28)                                 docker:desktop-linux
[36m => CACHED [deps 2/5] WORKDIR /app                                         0.0s
[0m[36m => CACHED [deps 3/5] COPY package.json package-lock.json* pnpm-lock.yaml  0.0s
[0m[36m => CACHED [deps 4/5] COPY prisma ./prisma                                 0.0s
[0m[36m => CACHED [deps 5/5] RUN   if [ -f package-lock.json ]; then     npm ci   0.0s
[0m[36m => CACHED [builder 2/5] COPY --from=deps /app/node_modules ./node_module  0.0s
[0m[36m => [builder 3/5] COPY . .                                                 0.7s
[0m[36m => [builder 4/5] RUN npx prisma generate                                  7.1s
[0m => [builder 5/5] RUN npm run build                                       72.1s
[?25h[1A[1A[1A[1A[1A[1A[1A[1A[1A[0G[?25l[+] Building 81.6s (15/28)                                 docker:desktop-linux
[36m => CACHED [deps 2/5] WORKDIR /app                                         0.0s
[0m[36m => CACHED [deps 3/5] COPY package.json package-lock.json* pnpm-lock.yaml  0.0s
[0m[36m => CACHED [deps 4/5] COPY prisma ./prisma                                 0.0s
[0m[36m => CACHED [deps 5/5] RUN   if [ -f package-lock.json ]; then     npm ci   0.0s
[0m[36m => CACHED [builder 2/5] COPY --from=deps /app/node_modules ./node_module  0.0s
[0m[36m => [builder 3/5] COPY . .                                                 0.7s
[0m[36m => [builder 4/5] RUN npx prisma generate                                  7.1s
[0m => [builder 5/5] RUN npm run build                                       72.3s
[?25h[1A[1A[1A[1A[1A[1A[1A[1A[1A[0G[?25l[+] Building 81.8s (15/28)                                 docker:desktop-linux
[36m => CACHED [deps 2/5] WORKDIR /app                                         0.0s
[0m[36m => CACHED [deps 3/5] COPY package.json package-lock.json* pnpm-lock.yaml  0.0s
[0m[36m => CACHED [deps 4/5] COPY prisma ./prisma                                 0.0s
[0m[36m => CACHED [deps 5/5] RUN   if [ -f package-lock.json ]; then     npm ci   0.0s
[0m[36m => CACHED [builder 2/5] COPY --from=deps /app/node_modules ./node_module  0.0s
[0m[36m => [builder 3/5] COPY . .                                                 0.7s
[0m[36m => [builder 4/5] RUN npx prisma generate                                  7.1s
[0m => [builder 5/5] RUN npm run build                                       72.4s
[?25h[1A[1A[1A[1A[1A[1A[1A[1A[1A[0G[?25l[+] Building 81.9s (15/28)                                 docker:desktop-linux
[36m => CACHED [deps 2/5] WORKDIR /app                                         0.0s
[0m[36m => CACHED [deps 3/5] COPY package.json package-lock.json* pnpm-lock.yaml  0.0s
[0m[36m => CACHED [deps 4/5] COPY prisma ./prisma                                 0.0s
[0m[36m => CACHED [deps 5/5] RUN   if [ -f package-lock.json ]; then     npm ci   0.0s
[0m[36m => CACHED [builder 2/5] COPY --from=deps /app/node_modules ./node_module  0.0s
[0m[36m => [builder 3/5] COPY . .                                                 0.7s
[0m[36m => [builder 4/5] RUN npx prisma generate                                  7.1s
[0m => [builder 5/5] RUN npm run build                                       72.6s
[?25h[1A[1A[1A[1A[1A[1A[1A[1A[1A[0G[?25l[+] Building 82.1s (15/28)                                 docker:desktop-linux
[36m => CACHED [deps 2/5] WORKDIR /app                                         0.0s
[0m[36m => CACHED [deps 3/5] COPY package.json package-lock.json* pnpm-lock.yaml  0.0s
[0m[36m => CACHED [deps 4/5] COPY prisma ./prisma                                 0.0s
[0m[36m => CACHED [deps 5/5] RUN   if [ -f package-lock.json ]; then     npm ci   0.0s
[0m[36m => CACHED [builder 2/5] COPY --from=deps /app/node_modules ./node_module  0.0s
[0m[36m => [builder 3/5] COPY . .                                                 0.7s
[0m[36m => [builder 4/5] RUN npx prisma generate                                  7.1s
[0m => [builder 5/5] RUN npm run build                                       72.7s
[?25h[1A[1A[1A[1A[1A[1A[1A[1A[1A[0G[?25l[+] Building 82.2s (15/28)                                 docker:desktop-linux
[36m => CACHED [deps 2/5] WORKDIR /app                                         0.0s
[0m[36m => CACHED [deps 3/5] COPY package.json package-lock.json* pnpm-lock.yaml  0.0s
[0m[36m => CACHED [deps 4/5] COPY prisma ./prisma                                 0.0s
[0m[36m => CACHED [deps 5/5] RUN   if [ -f package-lock.json ]; then     npm ci   0.0s
[0m[36m => CACHED [builder 2/5] COPY --from=deps /app/node_modules ./node_module  0.0s
[0m[36m => [builder 3/5] COPY . .                                                 0.7s
[0m[36m => [builder 4/5] RUN npx prisma generate                                  7.1s
[0m => [builder 5/5] RUN npm run build                                       72.9s
[?25h[1A[1A[1A[1A[1A[1A[1A[1A[1A[0G[?25l[+] Building 82.4s (15/28)                                 docker:desktop-linux
[36m => CACHED [deps 2/5] WORKDIR /app                                         0.0s
[0m[36m => CACHED [deps 3/5] COPY package.json package-lock.json* pnpm-lock.yaml  0.0s
[0m[36m => CACHED [deps 4/5] COPY prisma ./prisma                                 0.0s
[0m[36m => CACHED [deps 5/5] RUN   if [ -f package-lock.json ]; then     npm ci   0.0s
[0m[36m => CACHED [builder 2/5] COPY --from=deps /app/node_modules ./node_module  0.0s
[0m[36m => [builder 3/5] COPY . .                                                 0.7s
[0m[36m => [builder 4/5] RUN npx prisma generate                                  7.1s
[0m => [builder 5/5] RUN npm run build                                       73.0s
[?25h[1A[1A[1A[1A[1A[1A[1A[1A[1A[0G[?25l[+] Building 82.5s (15/28)                                 docker:desktop-linux
[36m => CACHED [deps 2/5] WORKDIR /app                                         0.0s
[0m[36m => CACHED [deps 3/5] COPY package.json package-lock.json* pnpm-lock.yaml  0.0s
[0m[36m => CACHED [deps 4/5] COPY prisma ./prisma                                 0.0s
[0m[36m => CACHED [deps 5/5] RUN   if [ -f package-lock.json ]; then     npm ci   0.0s
[0m[36m => CACHED [builder 2/5] COPY --from=deps /app/node_modules ./node_module  0.0s
[0m[36m => [builder 3/5] COPY . .                                                 0.7s
[0m[36m => [builder 4/5] RUN npx prisma generate                                  7.1s
[0m => [builder 5/5] RUN npm run build                                       73.2s
[?25h[1A[1A[1A[1A[1A[1A[1A[1A[1A[0G[?25l[+] Building 82.7s (15/28)                                 docker:desktop-linux
[36m => CACHED [deps 2/5] WORKDIR /app                                         0.0s
[0m[36m => CACHED [deps 3/5] COPY package.json package-lock.json* pnpm-lock.yaml  0.0s
[0m[36m => CACHED [deps 4/5] COPY prisma ./prisma                                 0.0s
[0m[36m => CACHED [deps 5/5] RUN   if [ -f package-lock.json ]; then     npm ci   0.0s
[0m[36m => CACHED [builder 2/5] COPY --from=deps /app/node_modules ./node_module  0.0s
[0m[36m => [builder 3/5] COPY . .                                                 0.7s
[0m[36m => [builder 4/5] RUN npx prisma generate                                  7.1s
[0m => [builder 5/5] RUN npm run build                                       73.3s
[?25h[1A[1A[1A[1A[1A[1A[1A[1A[1A[0G[?25l[+] Building 82.8s (15/28)                                 docker:desktop-linux
[36m => CACHED [deps 2/5] WORKDIR /app                                         0.0s
[0m[36m => CACHED [deps 3/5] COPY package.json package-lock.json* pnpm-lock.yaml  0.0s
[0m[36m => CACHED [deps 4/5] COPY prisma ./prisma                                 0.0s
[0m[36m => CACHED [deps 5/5] RUN   if [ -f package-lock.json ]; then     npm ci   0.0s
[0m[36m => CACHED [builder 2/5] COPY --from=deps /app/node_modules ./node_module  0.0s
[0m[36m => [builder 3/5] COPY . .                                                 0.7s
[0m[36m => [builder 4/5] RUN npx prisma generate                                  7.1s
[0m => [builder 5/5] RUN npm run build                                       73.5s
[?25h[1A[1A[1A[1A[1A[1A[1A[1A[1A[0G[?25l[+] Building 83.0s (15/28)                                 docker:desktop-linux
[36m => CACHED [deps 2/5] WORKDIR /app                                         0.0s
[0m[36m => CACHED [deps 3/5] COPY package.json package-lock.json* pnpm-lock.yaml  0.0s
[0m[36m => CACHED [deps 4/5] COPY prisma ./prisma                                 0.0s
[0m[36m => CACHED [deps 5/5] RUN   if [ -f package-lock.json ]; then     npm ci   0.0s
[0m[36m => CACHED [builder 2/5] COPY --from=deps /app/node_modules ./node_module  0.0s
[0m[36m => [builder 3/5] COPY . .                                                 0.7s
[0m[36m => [builder 4/5] RUN npx prisma generate                                  7.1s
[0m => [builder 5/5] RUN npm run build                                       73.6s
[?25h[1A[1A[1A[1A[1A[1A[1A[1A[1A[0G[?25l[+] Building 83.1s (15/28)                                 docker:desktop-linux
[36m => CACHED [deps 2/5] WORKDIR /app                                         0.0s
[0m[36m => CACHED [deps 3/5] COPY package.json package-lock.json* pnpm-lock.yaml  0.0s
[0m[36m => CACHED [deps 4/5] COPY prisma ./prisma                                 0.0s
[0m[36m => CACHED [deps 5/5] RUN   if [ -f package-lock.json ]; then     npm ci   0.0s
[0m[36m => CACHED [builder 2/5] COPY --from=deps /app/node_modules ./node_module  0.0s
[0m[36m => [builder 3/5] COPY . .                                                 0.7s
[0m[36m => [builder 4/5] RUN npx prisma generate                                  7.1s
[0m => [builder 5/5] RUN npm run build                                       73.8s
[?25h[1A[1A[1A[1A[1A[1A[1A[1A[1A[0G[?25l[+] Building 83.3s (15/28)                                 docker:desktop-linux
[36m => CACHED [deps 2/5] WORKDIR /app                                         0.0s
[0m[36m => CACHED [deps 3/5] COPY package.json package-lock.json* pnpm-lock.yaml  0.0s
[0m[36m => CACHED [deps 4/5] COPY prisma ./prisma                                 0.0s
[0m[36m => CACHED [deps 5/5] RUN   if [ -f package-lock.json ]; then     npm ci   0.0s
[0m[36m => CACHED [builder 2/5] COPY --from=deps /app/node_modules ./node_module  0.0s
[0m[36m => [builder 3/5] COPY . .                                                 0.7s
[0m[36m => [builder 4/5] RUN npx prisma generate                                  7.1s
[0m => [builder 5/5] RUN npm run build                                       73.9s
[?25h[1A[1A[1A[1A[1A[1A[1A[1A[1A[0G[?25l[+] Building 83.4s (15/28)                                 docker:desktop-linux
[36m => CACHED [deps 2/5] WORKDIR /app                                         0.0s
[0m[36m => CACHED [deps 3/5] COPY package.json package-lock.json* pnpm-lock.yaml  0.0s
[0m[36m => CACHED [deps 4/5] COPY prisma ./prisma                                 0.0s
[0m[36m => CACHED [deps 5/5] RUN   if [ -f package-lock.json ]; then     npm ci   0.0s
[0m[36m => CACHED [builder 2/5] COPY --from=deps /app/node_modules ./node_module  0.0s
[0m[36m => [builder 3/5] COPY . .                                                 0.7s
[0m[36m => [builder 4/5] RUN npx prisma generate                                  7.1s
[0m => [builder 5/5] RUN npm run build                                       74.1s
[?25h[1A[1A[1A[1A[1A[1A[1A[1A[1A[0G[?25l[+] Building 83.6s (15/28)                                 docker:desktop-linux
[36m => CACHED [deps 2/5] WORKDIR /app                                         0.0s
[0m[36m => CACHED [deps 3/5] COPY package.json package-lock.json* pnpm-lock.yaml  0.0s
[0m[36m => CACHED [deps 4/5] COPY prisma ./prisma                                 0.0s
[0m[36m => CACHED [deps 5/5] RUN   if [ -f package-lock.json ]; then     npm ci   0.0s
[0m[36m => CACHED [builder 2/5] COPY --from=deps /app/node_modules ./node_module  0.0s
[0m[36m => [builder 3/5] COPY . .                                                 0.7s
[0m[36m => [builder 4/5] RUN npx prisma generate                                  7.1s
[0m => [builder 5/5] RUN npm run build                                       74.2s
[?25h[1A[1A[1A[1A[1A[1A[1A[1A[1A[0G[?25l[+] Building 83.7s (15/28)                                 docker:desktop-linux
[36m => CACHED [deps 2/5] WORKDIR /app                                         0.0s
[0m[36m => CACHED [deps 3/5] COPY package.json package-lock.json* pnpm-lock.yaml  0.0s
[0m[36m => CACHED [deps 4/5] COPY prisma ./prisma                                 0.0s
[0m[36m => CACHED [deps 5/5] RUN   if [ -f package-lock.json ]; then     npm ci   0.0s
[0m[36m => CACHED [builder 2/5] COPY --from=deps /app/node_modules ./node_module  0.0s
[0m[36m => [builder 3/5] COPY . .                                                 0.7s
[0m[36m => [builder 4/5] RUN npx prisma generate                                  7.1s
[0m => [builder 5/5] RUN npm run build                                       74.4s
[?25h[1A[1A[1A[1A[1A[1A[1A[1A[1A[0G[?25l[+] Building 83.9s (15/28)                                 docker:desktop-linux
[36m => CACHED [deps 2/5] WORKDIR /app                                         0.0s
[0m[36m => CACHED [deps 3/5] COPY package.json package-lock.json* pnpm-lock.yaml  0.0s
[0m[36m => CACHED [deps 4/5] COPY prisma ./prisma                                 0.0s
[0m[36m => CACHED [deps 5/5] RUN   if [ -f package-lock.json ]; then     npm ci   0.0s
[0m[36m => CACHED [builder 2/5] COPY --from=deps /app/node_modules ./node_module  0.0s
[0m[36m => [builder 3/5] COPY . .                                                 0.7s
[0m[36m => [builder 4/5] RUN npx prisma generate                                  7.1s
[0m => [builder 5/5] RUN npm run build                                       74.5s
[?25h[1A[1A[1A[1A[1A[1A[1A[1A[1A[0G[?25l[+] Building 84.0s (15/28)                                 docker:desktop-linux
[36m => CACHED [deps 2/5] WORKDIR /app                                         0.0s
[0m[36m => CACHED [deps 3/5] COPY package.json package-lock.json* pnpm-lock.yaml  0.0s
[0m[36m => CACHED [deps 4/5] COPY prisma ./prisma                                 0.0s
[0m[36m => CACHED [deps 5/5] RUN   if [ -f package-lock.json ]; then     npm ci   0.0s
[0m[36m => CACHED [builder 2/5] COPY --from=deps /app/node_modules ./node_module  0.0s
[0m[36m => [builder 3/5] COPY . .                                                 0.7s
[0m[36m => [builder 4/5] RUN npx prisma generate                                  7.1s
[0m => [builder 5/5] RUN npm run build                                       74.7s
[?25h[1A[1A[1A[1A[1A[1A[1A[1A[1A[0G[?25l[+] Building 84.0s (15/28)                                 docker:desktop-linux
[36m => CACHED [deps 2/5] WORKDIR /app                                         0.0s
[0m[36m => CACHED [deps 3/5] COPY package.json package-lock.json* pnpm-lock.yaml  0.0s
[0m[36m => CACHED [deps 4/5] COPY prisma ./prisma                                 0.0s
[0m[36m => CACHED [deps 5/5] RUN   if [ -f package-lock.json ]; then     npm ci   0.0s
[0m[36m => CACHED [builder 2/5] COPY --from=deps /app/node_modules ./node_module  0.0s
[0m[36m => [builder 3/5] COPY . .                                                 0.7s
[0m[36m => [builder 4/5] RUN npx prisma generate                                  7.1s
[0m => [builder 5/5] RUN npm run build                                       74.7s
[?25h[1A[1A[1A[1A[1A[1A[1A[1A[1A[0G[?25l[+] Building 84.2s (15/28)                                 docker:desktop-linux
[36m => CACHED [deps 2/5] WORKDIR /app                                         0.0s
[0m[36m => CACHED [deps 3/5] COPY package.json package-lock.json* pnpm-lock.yaml  0.0s
[0m[36m => CACHED [deps 4/5] COPY prisma ./prisma                                 0.0s
[0m[36m => CACHED [deps 5/5] RUN   if [ -f package-lock.json ]; then     npm ci   0.0s
[0m[36m => CACHED [builder 2/5] COPY --from=deps /app/node_modules ./node_module  0.0s
[0m[36m => [builder 3/5] COPY . .                                                 0.7s
[0m[36m => [builder 4/5] RUN npx prisma generate                                  7.1s
[0m => [builder 5/5] RUN npm run build                                       74.8s
[?25h[1A[1A[1A[1A[1A[1A[1A[1A[1A[0G[?25l[+] Building 84.4s (15/28)                                 docker:desktop-linux
[36m => CACHED [deps 2/5] WORKDIR /app                                         0.0s
[0m[36m => CACHED [deps 3/5] COPY package.json package-lock.json* pnpm-lock.yaml  0.0s
[0m[36m => CACHED [deps 4/5] COPY prisma ./prisma                                 0.0s
[0m[36m => CACHED [deps 5/5] RUN   if [ -f package-lock.json ]; then     npm ci   0.0s
[0m[36m => CACHED [builder 2/5] COPY --from=deps /app/node_modules ./node_module  0.0s
[0m[36m => [builder 3/5] COPY . .                                                 0.7s
[0m[36m => [builder 4/5] RUN npx prisma generate                                  7.1s
[0m => [builder 5/5] RUN npm run build                                       75.0s
[?25h[1A[1A[1A[1A[1A[1A[1A[1A[1A[0G[?25l[+] Building 84.5s (15/28)                                 docker:desktop-linux
[36m => CACHED [deps 2/5] WORKDIR /app                                         0.0s
[0m[36m => CACHED [deps 3/5] COPY package.json package-lock.json* pnpm-lock.yaml  0.0s
[0m[36m => CACHED [deps 4/5] COPY prisma ./prisma                                 0.0s
[0m[36m => CACHED [deps 5/5] RUN   if [ -f package-lock.json ]; then     npm ci   0.0s
[0m[36m => CACHED [builder 2/5] COPY --from=deps /app/node_modules ./node_module  0.0s
[0m[36m => [builder 3/5] COPY . .                                                 0.7s
[0m[36m => [builder 4/5] RUN npx prisma generate                                  7.1s
[0m => [builder 5/5] RUN npm run build                                       75.1s
[?25h[1A[1A[1A[1A[1A[1A[1A[1A[1A[0G[?25l[+] Building 84.6s (16/28)                                 docker:desktop-linux
[36m => CACHED [deps 2/5] WORKDIR /app                                         0.0s
[0m[36m => CACHED [deps 3/5] COPY package.json package-lock.json* pnpm-lock.yaml  0.0s
[0m[36m => CACHED [deps 4/5] COPY prisma ./prisma                                 0.0s
[0m[36m => CACHED [deps 5/5] RUN   if [ -f package-lock.json ]; then     npm ci   0.0s
[0m[36m => CACHED [builder 2/5] COPY --from=deps /app/node_modules ./node_module  0.0s
[0m[36m => [builder 3/5] COPY . .                                                 0.7s
[0m[36m => [builder 4/5] RUN npx prisma generate                                  7.1s
[0m[31m => ERROR [builder 5/5] RUN npm run build                                 75.3s
[0m[?25h[1A[1A[1A[1A[1A[1A[1A[1A[1A[0G[?25l[+] Building 84.8s (16/28)                                 docker:desktop-linux
[36m => CACHED [deps 2/5] WORKDIR /app                                         0.0s
[0m[36m => CACHED [deps 3/5] COPY package.json package-lock.json* pnpm-lock.yaml  0.0s
[0m[36m => CACHED [deps 4/5] COPY prisma ./prisma                                 0.0s
[0m[36m => CACHED [deps 5/5] RUN   if [ -f package-lock.json ]; then     npm ci   0.0s
[0m[36m => CACHED [builder 2/5] COPY --from=deps /app/node_modules ./node_module  0.0s
[0m[36m => [builder 3/5] COPY . .                                                 0.7s
[0m[36m => [builder 4/5] RUN npx prisma generate                                  7.1s
[0m[31m => ERROR [builder 5/5] RUN npm run build                                 75.3s
[0m[?25h[1A[1A[1A[1A[1A[1A[1A[1A[1A[0G[?25l[+] Building 84.8s (16/28)                                 docker:desktop-linux
[36m => [internal] load build definition from Dockerfile                       0.1s
[0m[36m => => transferring dockerfile: 2.25kB                                     0.0s
[0m[36m => [internal] load metadata for docker.io/library/node:20-alpine          1.1s
[0m[36m => [auth] library/node:pull token for registry-1.docker.io                0.0s
[0m[36m => [internal] load .dockerignore                                          0.1s
[0m[36m => => transferring context: 1.04kB                                        0.0s
[0m[36m => [internal] load build context                                          0.2s
[0m[36m => => transferring context: 48.93kB                                       0.2s
[0m[36m => [base 1/1] FROM docker.io/library/node:20-alpine@sha256:09e2b3d972601  0.1s
[0m[36m => => resolve docker.io/library/node:20-alpine@sha256:09e2b3d9726018aecf  0.1s
[0m[36m => CACHED [builder 1/5] WORKDIR /app                                      0.0s
[0m[36m => CACHED [deps 1/5] RUN apk add --no-cache libc6-compat                  0.0s
[0m[36m => CACHED [deps 2/5] WORKDIR /app                                         0.0s
[0m[36m => CACHED [deps 3/5] COPY package.json package-lock.json* pnpm-lock.yaml  0.0s
[0m[36m => CACHED [deps 4/5] COPY prisma ./prisma                                 0.0s
[0m[36m => CACHED [deps 5/5] RUN   if [ -f package-lock.json ]; then     npm ci   0.0s
[0m[36m => CACHED [builder 2/5] COPY --from=deps /app/node_modules ./node_module  0.0s
[0m[36m => [builder 3/5] COPY . .                                                 0.7s
[0m[36m => [builder 4/5] RUN npx prisma generate                                  7.1s
[0m[31m => ERROR [builder 5/5] RUN npm run build                                 75.3s
[0m[?25h------
 > [builder 5/5] RUN npm run build:
0.784 
0.784 > nextn@0.1.0 prebuild
0.784 > npm run generate-pricing
0.784 
1.007 
1.007 > nextn@0.1.0 generate-pricing
1.007 > tsx scripts/parse-lens-pricing-csv.ts
1.007 
1.730 📊 Parsing CSV file...
1.730    Source: /app/data/pricing/bod-lenses-price-list-2025.csv
1.730 ⚠️  CSV file not found: /app/data/pricing/bod-lenses-price-list-2025.csv
1.730 ⚠️  Skipping pricing data generation. Pricing will be loaded from database.
1.730 ⚠️  If you need to regenerate pricing data, ensure the CSV file exists and run: npm run generate-pricing
1.764 
1.764 > nextn@0.1.0 build
1.764 > next build
1.764 
3.718 Attention: Next.js now collects completely anonymous telemetry regarding usage.
3.718 This information is used to shape Next.js' roadmap and prioritize features.
3.718 You can learn more, including how to opt-out if you'd not like to participate in this anonymous program, by visiting the following URL:
3.718 https://nextjs.org/telemetry
3.718 
3.931    ▲ Next.js 15.5.7
3.931    - Environments: .env.production, .env
3.931    - Experiments (use with caution):
3.931      · optimizePackageImports
3.932 
4.172    Creating an optimized production build ...
74.67 Failed to compile.
74.67 
74.68 ./src/app/actions/heroImage.ts
74.68 Error:   [31mx[0m You're importing a component that needs "revalidatePath". That only works in a Server Component but one of its parents is marked with "use client", so it's a Client Component.
74.68   [31m|[0m Learn more: https://nextjs.org/docs/app/building-your-application/rendering
74.68   [31m|[0m
74.68 
74.68    ,-[[36;1;4m/app/src/app/actions/heroImage.ts[0m:2:1]
74.68  [2m1[0m | import { prisma } from '@/lib/prisma';
74.68  [2m2[0m | import { revalidatePath } from 'next/cache';
74.68    : [35;1m         ^^^^^^^^^^^^^^[0m
74.68  [2m3[0m | import { requireAdmin, safeAction } from "@/lib/security";
74.68  [2m4[0m | import { z } from "zod";
74.68  [2m4[0m | import { deleteFromS3 } from '@/lib/s3';
74.68    `----
74.68 
74.68 Import trace for requested module:
74.68 ./src/app/actions/heroImage.ts
74.68 ./src/app/admin/hero/HeroImageManagement.tsx
74.68 
74.70 
74.70 > Build failed because of webpack errors
------
